Archive member included because of file (symbol)

c:/users/montoya/documents/classes/cmpe146/lab/cmpe146package_lpc1758/yagarto/bin/../lib/gcc/arm-none-eabi/4.6.2/../../../../arm-none-eabi/lib/thumb/v7m\libstdc++.a(guard.o)
                              ./L5_Application/source/handlers.o (__cxa_guard_acquire)
c:/users/montoya/documents/classes/cmpe146/lab/cmpe146package_lpc1758/yagarto/bin/../lib/gcc/arm-none-eabi/4.6.2/../../../../arm-none-eabi/lib/thumb/v7m\libstdc++.a(guard_error.o)
                              c:/users/montoya/documents/classes/cmpe146/lab/cmpe146package_lpc1758/yagarto/bin/../lib/gcc/arm-none-eabi/4.6.2/../../../../arm-none-eabi/lib/thumb/v7m\libstdc++.a(guard.o) (typeinfo for __gnu_cxx::recursive_init_error)
c:/users/montoya/documents/classes/cmpe146/lab/cmpe146package_lpc1758/yagarto/bin/../lib/gcc/arm-none-eabi/4.6.2/../../../../arm-none-eabi/lib/thumb/v7m\libstdc++.a(pure.o)
                              ./L5_Application/source/tasks.o (__cxa_pure_virtual)
c:/users/montoya/documents/classes/cmpe146/lab/cmpe146package_lpc1758/yagarto/bin/../lib/gcc/arm-none-eabi/4.6.2/../../../../arm-none-eabi/lib/thumb/v7m\libstdc++.a(si_class_type_info.o)
                              c:/users/montoya/documents/classes/cmpe146/lab/cmpe146package_lpc1758/yagarto/bin/../lib/gcc/arm-none-eabi/4.6.2/../../../../arm-none-eabi/lib/thumb/v7m\libstdc++.a(guard_error.o) (vtable for __cxxabiv1::__si_class_type_info)
c:/users/montoya/documents/classes/cmpe146/lab/cmpe146package_lpc1758/yagarto/bin/../lib/gcc/arm-none-eabi/4.6.2/../../../../arm-none-eabi/lib/thumb/v7m\libstdc++.a(tinfo.o)
                              c:/users/montoya/documents/classes/cmpe146/lab/cmpe146package_lpc1758/yagarto/bin/../lib/gcc/arm-none-eabi/4.6.2/../../../../arm-none-eabi/lib/thumb/v7m\libstdc++.a(si_class_type_info.o) (std::type_info::__is_pointer_p() const)
c:/users/montoya/documents/classes/cmpe146/lab/cmpe146package_lpc1758/yagarto/bin/../lib/gcc/arm-none-eabi/4.6.2/../../../../arm-none-eabi/lib/thumb/v7m\libstdc++.a(class_type_info.o)
                              c:/users/montoya/documents/classes/cmpe146/lab/cmpe146package_lpc1758/yagarto/bin/../lib/gcc/arm-none-eabi/4.6.2/../../../../arm-none-eabi/lib/thumb/v7m\libstdc++.a(si_class_type_info.o) (__cxxabiv1::__class_type_info::__do_upcast(__cxxabiv1::__class_type_info const*, void**) const)
c:/users/montoya/documents/classes/cmpe146/lab/cmpe146package_lpc1758/yagarto/bin/../lib/gcc/arm-none-eabi/4.6.2/../../../../arm-none-eabi/lib/thumb/v7m\libstdc++.a(eh_alloc.o)
                              c:/users/montoya/documents/classes/cmpe146/lab/cmpe146package_lpc1758/yagarto/bin/../lib/gcc/arm-none-eabi/4.6.2/../../../../arm-none-eabi/lib/thumb/v7m\libstdc++.a(guard.o) (__cxa_allocate_exception)
c:/users/montoya/documents/classes/cmpe146/lab/cmpe146package_lpc1758/yagarto/bin/../lib/gcc/arm-none-eabi/4.6.2/../../../../arm-none-eabi/lib/thumb/v7m\libstdc++.a(eh_exception.o)
                              c:/users/montoya/documents/classes/cmpe146/lab/cmpe146package_lpc1758/yagarto/bin/../lib/gcc/arm-none-eabi/4.6.2/../../../../arm-none-eabi/lib/thumb/v7m\libstdc++.a(guard_error.o) (std::exception::~exception())
c:/users/montoya/documents/classes/cmpe146/lab/cmpe146package_lpc1758/yagarto/bin/../lib/gcc/arm-none-eabi/4.6.2/../../../../arm-none-eabi/lib/thumb/v7m\libstdc++.a(eh_globals.o)
                              c:/users/montoya/documents/classes/cmpe146/lab/cmpe146package_lpc1758/yagarto/bin/../lib/gcc/arm-none-eabi/4.6.2/../../../../arm-none-eabi/lib/thumb/v7m\libstdc++.a(eh_alloc.o) (__cxa_get_globals)
c:/users/montoya/documents/classes/cmpe146/lab/cmpe146package_lpc1758/yagarto/bin/../lib/gcc/arm-none-eabi/4.6.2/../../../../arm-none-eabi/lib/thumb/v7m\libstdc++.a(eh_terminate.o)
                              c:/users/montoya/documents/classes/cmpe146/lab/cmpe146package_lpc1758/yagarto/bin/../lib/gcc/arm-none-eabi/4.6.2/../../../../arm-none-eabi/lib/thumb/v7m\libstdc++.a(pure.o) (std::terminate())
c:/users/montoya/documents/classes/cmpe146/lab/cmpe146package_lpc1758/yagarto/bin/../lib/gcc/arm-none-eabi/4.6.2/../../../../arm-none-eabi/lib/thumb/v7m\libstdc++.a(eh_term_handler.o)
                              c:/users/montoya/documents/classes/cmpe146/lab/cmpe146package_lpc1758/yagarto/bin/../lib/gcc/arm-none-eabi/4.6.2/../../../../arm-none-eabi/lib/thumb/v7m\libstdc++.a(eh_terminate.o) (__cxxabiv1::__terminate_handler)
c:/users/montoya/documents/classes/cmpe146/lab/cmpe146package_lpc1758/yagarto/bin/../lib/gcc/arm-none-eabi/4.6.2/../../../../arm-none-eabi/lib/thumb/v7m\libstdc++.a(eh_throw.o)
                              c:/users/montoya/documents/classes/cmpe146/lab/cmpe146package_lpc1758/yagarto/bin/../lib/gcc/arm-none-eabi/4.6.2/../../../../arm-none-eabi/lib/thumb/v7m\libstdc++.a(guard.o) (__cxa_throw)
[...]
Memory Configuration

Name             Origin             Length             Attributes
MFlash512        0x00001000         0x00080000         xr
RamLoc32         0x10000000         0x00008000         xrw
RamAHB32         0x2007c000         0x00008000         xrw
*default*        0x00000000         0xffffffff

Linker script and memory map

LOAD ./newlib/memory.o
LOAD ./newlib/printf_lib.o
LOAD ./newlib/syscalls.o
LOAD ./L5_Application/source/handlers.o
LOAD ./L5_Application/source/high_level_init.o
LOAD ./L5_Application/source/misc.o
LOAD ./L5_Application/source/tasks.o
LOAD ./L5_Application/ServoMotors/servoMotor.o
LOAD ./L5_Application/MatrixDisplay/matrixDisplay.o
LOAD ./L5_Application/LightSensors/lightSensors.o
LOAD ./L5_Application/main.o
LOAD ./L4_IO/src/io_source.o
LOAD ./L4_IO/src/storage.o
LOAD ./L4_IO/fat/option/ccsbcs.o
LOAD ./L4_IO/fat/option/reentrant.o
LOAD ./L4_IO/fat/disk/diskio.o
LOAD ./L4_IO/fat/disk/sd.o
LOAD ./L4_IO/fat/disk/spi_flash.o
LOAD ./L4_IO/fat/fatfs_time.o
LOAD ./L4_IO/fat/ff.o
LOAD ./L3_Utils/tlm/src/c_list.o
LOAD ./L3_Utils/tlm/src/c_tlm_binary.o
LOAD ./L3_Utils/tlm/src/c_tlm_comp.o
LOAD ./L3_Utils/tlm/src/c_tlm_stream.o
LOAD ./L3_Utils/tlm/src/c_tlm_var.o
LOAD ./L3_Utils/src/command_handler.o
LOAD ./L3_Utils/src/cpp_task.o
LOAD ./L3_Utils/src/file_logger.o
LOAD ./L3_Utils/src/freertos_timer.o
LOAD ./L3_Utils/src/logger.o
LOAD ./L3_Utils/src/rit_isr.o
LOAD ./L3_Utils/src/rtc_alarm.o
LOAD ./L3_Utils/src/str.o
LOAD ./L3_Utils/src/utilities.o
LOAD ./L2_Drivers/src/i2c2.o
LOAD ./L2_Drivers/src/i2c_base.o
LOAD ./L2_Drivers/src/pwm.o
LOAD ./L2_Drivers/src/rtc.o
LOAD ./L2_Drivers/src/spi1.o
LOAD ./L2_Drivers/src/spi_dma.o
LOAD ./L2_Drivers/src/uart0.o
LOAD ./L2_Drivers/src/uart2.o
LOAD ./L2_Drivers/src/uart3.o
LOAD ./L2_Drivers/src/uart_base.o
LOAD ./L2_Drivers/src/uart_iface.o
LOAD ./L1_FreeRTOS/src/croutine.o
LOAD ./L1_FreeRTOS/src/list.o
LOAD ./L1_FreeRTOS/src/queue.o
LOAD ./L1_FreeRTOS/src/tasks.o
LOAD ./L1_FreeRTOS/src/tasks.inc.o
LOAD ./L1_FreeRTOS/src/timers.o
LOAD ./L1_FreeRTOS/portable/port.o
LOAD ./L1_FreeRTOS/hooks/hooks.o
LOAD ./L1_FreeRTOS/MemMang/heap_3.o
LOAD ./L0_LowLevel/source/core_cm3.o
LOAD ./L0_LowLevel/source/cr_startup_lpc175x.o
LOAD ./L0_LowLevel/source/sys_clock.o
LOAD ./L0_LowLevel/source/system_init.o
LOAD ./L0_LowLevel/source/uart0_min.o
LOAD c:/users/montoya/documents/classes/cmpe146/lab/cmpe146package_lpc1758/yagarto/bin/../lib/gcc/arm-none-eabi/4.6.2/../../../../arm-none-eabi/lib/thumb/v7m\libstdc++.a
LOAD c:/users/montoya/documents/classes/cmpe146/lab/cmpe146package_lpc1758/yagarto/bin/../lib/gcc/arm-none-eabi/4.6.2/../../../../arm-none-eabi/lib/thumb/v7m\libm.a
START GROUP
LOAD c:/users/montoya/documents/classes/cmpe146/lab/cmpe146package_lpc1758/yagarto/bin/../lib/gcc/arm-none-eabi/4.6.2/thumb/v7m\libgcc.a
LOAD c:/users/montoya/documents/classes/cmpe146/lab/cmpe146package_lpc1758/yagarto/bin/../lib/gcc/arm-none-eabi/4.6.2/../../../../arm-none-eabi/lib/thumb/v7m\libc.a
END GROUP
                0x00080000                __top_MFlash512 = 0x80000
                0x10008000                __top_RamLoc32 = 0x10008000
                0x20084000                __top_RamAHB32 = 0x20084000

.text           0x00001000    0x18a68
 FILL mask 0xff
 *(.isr_vector)
 .isr_vector    0x00001000       0xcc ./L0_LowLevel/source/cr_startup_lpc175x.o
                0x00001000                g_pfnVectors
                0x000010cc                . = ALIGN (0x4)
                0x000010cc                __section_table_start = .
                0x000010cc                __data_section_table = .
                0x000010cc        0x4 LONG 0x19d9c LOADADDR (.data)
                0x000010d0        0x4 LONG 0x2007c000 ADDR (.data)
                0x000010d4        0x4 LONG 0x8e0 SIZEOF (.data)
                0x000010d8                __data_section_table_end = .
                0x000010d8                __bss_section_table = .
                0x000010d8        0x4 LONG 0x2007c8e0 ADDR (.bss)
                0x000010dc        0x4 LONG 0xcac SIZEOF (.bss)
                0x000010e0                __bss_section_table_end = .
                0x000010e0                __section_table_end = .
 *(.after_vectors*)
 .after_vectors
                0x000010e0      0x14c ./L0_LowLevel/source/cr_startup_lpc175x.o
                0x000010e0                HardFault_Handler
                0x000010fa                DebugMon_Handler
                0x00001108                UsageFault_Handler
                0x00001118                BusFault_Handler
                0x00001128                MemManage_Handler
                0x00001138                NMI_Handler
                0x00001148                data_init(unsigned int, unsigned int, unsigned int)
                0x0000115a                bss_init(unsigned int, unsigned int)
                0x0000116a                ResetISR
                0x000011ec                SVC_Handler
                0x000011fc                PendSV_Handler
                0x0000120c                SysTick_Handler
                0x0000121c                EINT3_IRQHandler
                0x0000121c                CANActivity_IRQHandler
                0x0000121c                TIMER3_IRQHandler
                0x0000121c                UART1_IRQHandler
                0x0000121c                IntDefaultHandler
                0x0000121c                PLL0_IRQHandler
                0x0000121c                PWM1_IRQHandler
                0x0000121c                PLL1_IRQHandler
                0x0000121c                EINT2_IRQHandler
                0x0000121c                I2S_IRQHandler
                0x0000121c                TIMER0_IRQHandler
                0x0000121c                SPI_IRQHandler
                0x0000121c                EINT1_IRQHandler
                0x0000121c                ADC_IRQHandler
                0x0000121c                SSP1_IRQHandler
                0x0000121c                USBActivity_IRQHandler
                0x0000121c                USB_IRQHandler
                0x0000121c                BOD_IRQHandler
                0x0000121c                SSP0_IRQHandler
                0x0000121c                I2C0_IRQHandler
                0x0000121c                WDT_IRQHandler
                0x0000121c                I2C1_IRQHandler
                0x0000121c                QEI_IRQHandler
                0x0000121c                EINT0_IRQHandler
                0x0000121c                CAN_IRQHandler
                0x0000121c                DMA_IRQHandler
                0x0000121c                TIMER2_IRQHandler
                0x0000121c                MCPWM_IRQHandler
                0x0000121c                ENET_IRQHandler
 *(.text*)
 .text          0x0000122c       0xe0 ./newlib/memory.o
                0x0000122c                _sbrk
                0x0000127c                operator new(unsigned int)
                0x00001280                operator new[](unsigned int)
                0x00001284                operator delete(void*)
                0x00001288                operator delete[](void*)
                0x0000128c                getMemoryInfo
                0x00001304                __aeabi_atexit
                0x00001308                __gnu_cxx::__verbose_terminate_handler()
 .text          0x0000130c       0x30 ./newlib/printf_lib.o
                0x0000130c                printf
                0x00001324                sprintf
 .text          0x0000133c       0xa0 ./newlib/syscalls.o
                0x0000133c                printMessageUponCriticalSystemError
                0x00001350                stdio_SetOutputCharFunction
                0x0000135c                stdio_SetInputCharFunction
                0x00001368                _kill
                0x0000136c                _exit
                0x0000136e                _getpid
                0x00001372                _init
                0x00001376                _write
                0x0000139c                _read
                0x000013c8                syscallsInit
                0x000013ca                _fstat
                0x000013ce                _isatty
                0x000013d2                _lseek
                0x000013d6                _close
 .text          0x000013dc      0x994 ./L5_Application/source/handlers.o
                0x000013dc                taskListHandler(str&, str&, void*, int)
                0x00001430                memInfoHandler(str&, str&, void*, int)
                0x0000144c                timeHandler(str&, str&, void*, int)
                0x00001580                cpHandler(str&, str&, void*, int)
                0x00001618                mkdirHandler(str&, str&, void*, int)
                0x00001644                rmHandler(str&, str&, void*, int)
                0x00001680                mvHandler(str&, str&, void*, int)
                0x000016e0                storageHandler(str&, str&, void*, int)
                0x000017b8                learnIrHandler(str&, str&, void*, int)
                0x000017dc                dcpHandler(str&, str&, void*, int)
                0x00001908                lsHandler(str&, str&, void*, int)
                0x00001aa4                catHandler(str&, str&, void*, int)
                0x00001b90                healthHandler(str&, str&, void*, int)
                0x00001cd0                rebootHandler(str&, str&, void*, int)
                0x00001d04                logHandler(str&, str&, void*, int)
 .text._ZN7Storage13getFlashDriveEv
                0x00001d70       0x48 ./L5_Application/source/handlers.o
                0x00001d70                Storage::getFlashDrive()
 .text._ZN7Storage10getSDDriveEv
                0x00001db8       0x4c ./L5_Application/source/handlers.o
                0x00001db8                Storage::getSDDrive()
 .text._ZN17SingletonTemplateI5Uart0E11getInstanceEv
                0x00001e04       0x20 ./L5_Application/source/handlers.o
                0x00001e04                SingletonTemplate<Uart0>::getInstance()
 .text._ZN17SingletonTemplateI10FileLoggerE11getInstanceEv
                0x00001e24       0x20 ./L5_Application/source/handlers.o
                0x00001e24                SingletonTemplate<FileLogger>::getInstance()
 .text          0x00001e44      0x334 ./L5_Application/source/high_level_init.o
                0x00001e44                printLine()
                0x00001e50                mountStorage(FileSystemObject&, char const*)
                0x00001ec8                copyLogFileToSDCard()
                0x00001f1c                initializeBoardIO()
                0x00001f74                discoverExternalDevsOnI2C()
                0x00001fb8                highLevelInitialize()
 .text.adc0_initialize
                0x00002178       0xc0 ./L5_Application/source/high_level_init.o
                0x00002178                adc0_initialize
 .text._ZN17SingletonTemplateI4I2C2E11getInstanceEv
                0x00002238       0x20 ./L5_Application/source/high_level_init.o
                0x00002238                SingletonTemplate<I2C2>::getInstance()
 .text          0x00002258       0x44 ./L5_Application/source/misc.o
                0x00002258                getHandles
 *fill*         0x0000229c        0x4 00
 .text          0x000022a0      0x708 ./L5_Application/source/tasks.o
                0x000022a0                terminalTask::regTlm()
                0x000022a4                remoteTask::regTlm()
                0x000022a8                remoteTask::init()
                0x000022c6                terminalTask::init()
                0x00002478                terminalTask::terminalTask()
                0x00002478                terminalTask::terminalTask()
                0x000024f0                terminalTask::restoreTlm()
                0x000024f2                terminalTask::saveDiskTlm()
                0x000024f6                remoteTask::remoteTask()
                0x000024f6                remoteTask::remoteTask()
                0x00002530                remoteTask::getNumberFromCode(unsigned long, unsigned long&)
                0x0000254c                ServoDirectionTask(void*)
                0x0000258c                MatrixTask(void*)
                0x000025cc                getline(str&, int)
                0x000026a4                terminalTask::run(void*)
                0x00002730                terminalTask::taskEntry()
                0x00002774                remoteTask::taskEntry()
                0x00002782                LightSensorsTask(void*)
                0x00002828                remoteTask::run(void*)
 .text._ZN14scheduler_taskD2Ev
                0x000029a8        0xc ./L5_Application/source/tasks.o
                0x000029a8                scheduler_task::~scheduler_task()
                0x000029a8                scheduler_task::~scheduler_task()
 .text._ZN14scheduler_task4initEv
                0x000029b4        0x4 ./L5_Application/source/tasks.o
                0x000029b4                scheduler_task::init()
 .text._ZN14scheduler_task6regTlmEv
                0x000029b8        0x4 ./L5_Application/source/tasks.o
                0x000029b8                scheduler_task::regTlm()
 .text._ZN14scheduler_task9taskEntryEv
                0x000029bc        0x4 ./L5_Application/source/tasks.o
                0x000029bc                scheduler_task::taskEntry()
 .text._ZN10remoteTaskD2Ev
                0x000029c0        0xc ./L5_Application/source/tasks.o
                0x000029c0                remoteTask::~remoteTask()
                0x000029c0                remoteTask::~remoteTask()
 .text._ZN10remoteTaskD0Ev
                0x000029cc       0x14 ./L5_Application/source/tasks.o
                0x000029cc                remoteTask::~remoteTask()
 .text._ZN14scheduler_taskD0Ev
                0x000029e0       0x14 ./L5_Application/source/tasks.o
                0x000029e0                scheduler_task::~scheduler_task()
 .text._ZN12terminalTaskD2Ev
                0x000029f4       0x3c ./L5_Application/source/tasks.o
                0x000029f4                terminalTask::~terminalTask()
                0x000029f4                terminalTask::~terminalTask()
 .text._ZN12terminalTaskD0Ev
                0x00002a30       0x12 ./L5_Application/source/tasks.o
                0x00002a30                terminalTask::~terminalTask()
 *fill*         0x00002a42        0x2 00
 .text._ZN17SingletonTemplateI11LED_DisplayE11getInstanceEv
                0x00002a44       0x40 ./L5_Application/source/tasks.o
                0x00002a44                SingletonTemplate<LED_Display>::getInstance()
 .text._ZN17SingletonTemplateI9IR_SensorE11getInstanceEv
                0x00002a84       0x18 ./L5_Application/source/tasks.o
                0x00002a84                SingletonTemplate<IR_Sensor>::getInstance()
 *fill*         0x00002a9c        0x4 00
 .text          0x00002aa0      0x190 ./L5_Application/ServoMotors/servoMotor.o
                0x00002aa0                change_direction(double, ServoMotors::Enum)
                0x00002b48                initilize_motor()
                0x00002b8c                change_direction_withDegree(double, ServoMotors::Enum)
 .text          0x00002c30      0x168 ./L5_Application/MatrixDisplay/matrixDisplay.o
                0x00002c30                initilize_matrix()
                0x00002c54                CS_Low()
                0x00002c64                CS_High()
                0x00002c74                writeMatrix(unsigned char, unsigned char)
                0x00002cb0                clearMatrix()
                0x00002cc4                paintPixel(int, int, int)
                0x00002d4c                ht1632_sendcmd(unsigned char)
                0x00002d58                ht1632_setup()
 .text          0x00002d98      0x108 ./L5_Application/LightSensors/lightSensors.o
                0x00002d98                getReadingInDegree(LightSensors::Enum)
                0x00002df0                getDegreeForServo(LightSensors::Enum)
                0x00002e20                getReading(LightSensors::Enum)
                0x00002e54                getDirection(LightSensors::Enum)
 .text.adc0_getReading
                0x00002ea0       0x40 ./L5_Application/LightSensors/lightSensors.o
                0x00002ea0                adc0_getReading
 .text          0x00002ee0        0x0 ./L5_Application/main.o
 .text.startup  0x00002ee0       0x98 ./L5_Application/main.o
                0x00002ee0                main
 .text          0x00002f78      0x508 ./L4_IO/src/io_source.o
                0x00002f78                Acceleration_Sensor::init()
                0x00002f9a                Acceleration_Sensor::getX()
                0x00002fac                Acceleration_Sensor::getY()
                0x00002fbe                Acceleration_Sensor::getZ()
                0x00002fd0                TIMER1_IRQHandler
                0x00003070                IR_Sensor::init()
                0x000030ec                IR_Sensor::isIRCodeReceived()
                0x00003100                IR_Sensor::getLastIRCode()
                0x00003114                LED_Display::setLeftDigit(char)
                0x00003124                LED_Display::setRightDigit(char)
                0x00003134                LED_Display::setNumber(char)
                0x0000316a                LED_Display::clear()
                0x0000317e                LED_Display::init()
                0x000031ba                LED::init()
                0x000031d0                LED::setAll(char)
                0x00003238                LED::off(int)
                0x0000324a                LED::on(int)
                0x0000325c                Light_Sensor::init()
                0x00003280                Light_Sensor::getRawValue()
                0x00003286                Light_Sensor::getPercentValue()
                0x00003298                Switches::init()
                0x000032a8                Switches::getSwitchValues()
                0x000032b4                Switches::getSwitch(int)
                0x000032c8                TemperatureSensor::init()
                0x000032ea                TemperatureSensor::getCelsius()
                0x00003316                TemperatureSensor::getFarenheit()
                0x0000333c                Photo_Sensor::init()
                0x00003348                Photo_Sensor::getRawValue()
                0x0000334e                Photo_Sensor::getServoValue()
                0x0000335c                Photo_Sensor::getPercentValue()
                0x00003384                Servo_Motor::init()
                0x000033a8                Servo_Motor::change_direction(float)
                0x000033f4                Servo_Motor::set_degree(float)
 .text._ZN15I2C_Device_Base8writeRegEhh
                0x00003480       0x14 ./L4_IO/src/io_source.o
                0x00003480                I2C_Device_Base::writeReg(unsigned char, unsigned char)
 .text._ZN15I2C_Device_Base16get16BitRegisterEh
                0x00003494       0x28 ./L4_IO/src/io_source.o
                0x00003494                I2C_Device_Base::get16BitRegister(unsigned char)
 .text          0x000034bc      0x196 ./L4_IO/src/storage.o
                0x000034bc                Storage::copy(char const*, char const*, unsigned int*, unsigned int*, unsigned int*)
                0x0000358a                Storage::read(char const*, void*, unsigned int, unsigned int)
                0x000035cc                Storage::write(char const*, void*, unsigned int, unsigned int)
                0x0000360e                Storage::append(char const*, void*, unsigned int, unsigned int)
 *fill*         0x00003652        0x2 00
 .text          0x00003654       0x64 ./L4_IO/fat/option/ccsbcs.o
                0x00003654                ff_convert
                0x00003690                ff_wtoupper
 .text          0x000036b8       0x60 ./L4_IO/fat/option/reentrant.o
                0x000036b8                ff_cre_syncobj
                0x000036cc                ff_del_syncobj
                0x000036d0                ff_req_grant
                0x000036fa                ff_rel_grant
 .text          0x00003718      0x28c ./L4_IO/fat/disk/diskio.o
                0x00003718                diskio_initializeSPIMutex
                0x00003724                disk_initialize
                0x00003794                disk_status
                0x000037fc                disk_read
                0x0000388c                disk_write
                0x0000391c                disk_ioctl
 .text          0x000039a4      0x868 ./L4_IO/fat/disk/sd.o
                0x000039a4                wait_ready
                0x000039e4                sd_initializeCardSignals
                0x00003a28                power_on
                0x00003a2a                power_off
                0x00003a64                chk_power
                0x00003a78                rcvr_datablock
                0x00003b24                xmit_datablock
                0x00003b9c                send_cmd
                0x00003c7c                sd_initialize
                0x00003dd8                sd_status
                0x00003de4                sd_read
                0x00003e88                sd_write
                0x00003f4c                sd_ioctl
                0x000041ac                sd_timerproc
 .text          0x0000420c      0x224 ./L4_IO/fat/disk/spi_flash.o
                0x0000429c                flash_InitializeSignals
                0x000042c0                flash_Initialize
                0x00004334                flash_ReadSector
                0x000043b4                flash_WriteSector
                0x000043fe                flash_ioctl
 .text          0x00004430       0x4e ./L4_IO/fat/fatfs_time.o
                0x00004430                get_fattime
 *fill*         0x0000447e        0x2 00
 .text          0x00004480     0x23a8 ./L4_IO/fat/ff.o
                0x00004a0a                clust2sect
                0x00004a20                get_fat
                0x00004b4e                put_fat
                0x00005398                gen_numname
                0x000055e8                f_mount
                0x00005658                f_open
                0x00005834                f_read
                0x000059a0                f_write
                0x00005b56                f_sync
                0x00005bb8                f_close
                0x00005c18                f_lseek
                0x00005d4a                f_opendir
                0x00005dae                f_readdir
                0x00005e10                f_stat
                0x00005e58                f_getfree
                0x00005f2e                f_truncate
                0x00005fc6                f_unlink
                0x00006086                f_mkdir
                0x000061e2                f_chmod
                0x0000623e                f_utime
                0x00006290                f_rename
                0x000063a8                f_mkfs
 .text          0x00006828      0x894 ./L3_Utils/tlm/src/c_list.o
                0x00006828                del_callback
                0x00006838                del_callback_free
                0x00006850                c_list_create
                0x00006868                c_list_delete
                0x000068a0                c_list_node_count
                0x000068a6                c_list_insert_elm_end
                0x000068d6                c_list_insert_elm_beg
                0x00006900                c_list_get_elm_at
                0x00006954                c_list_find_elm
                0x0000699c                c_list_delete_elm
                0x000069e0                c_list_for_each_elm
                0x00006a22                test_list
 .text          0x000070bc        0x0 ./L3_Utils/tlm/src/c_tlm_binary.o
 .text          0x000070bc        0x0 ./L3_Utils/tlm/src/c_tlm_comp.o
 .text          0x000070bc        0x0 ./L3_Utils/tlm/src/c_tlm_stream.o
 .text          0x000070bc        0x0 ./L3_Utils/tlm/src/c_tlm_var.o
 .text          0x000070bc      0x26c ./L3_Utils/src/command_handler.o
                0x000070bc                CommandProcessor::getRegisteredCommandList(str&)
                0x00007140                CommandProcessor::getHelpText(str&, str&)
                0x000071b0                CommandProcessor::prepareCmdParam(str&, char const*, str&)
                0x000071d4                CommandProcessor::handleCmd(str&, str&)
                0x000072a8                CommandProcessor::handleCommand(char const*)
                0x000072fc                CommandProcessor::addHandler(void (*)(str&, str&, void*, int), char const*, char const*, void*, int)
 .text._ZN6VECTORIN16CommandProcessor16CmdProcessorTypeEE9push_backERKS1_
                0x00007328       0x62 ./L3_Utils/src/command_handler.o
                0x00007328                VECTOR<CommandProcessor::CmdProcessorType>::push_back(CommandProcessor::CmdProcessorType const&)
 *fill*         0x0000738a        0x2 00
 .text          0x0000738c      0x2d8 ./L3_Utils/src/cpp_task.o
                0x000073f8                scheduler_c_task_private(void*)
                0x000074f8                scheduler_init_all(bool)
                0x000075e4                scheduler_add_task(scheduler_task*)
                0x00007608                scheduler_start(bool)
                0x00007638                scheduler_task::scheduler_task(char const*, unsigned long, unsigned char, void*)
                0x00007638                scheduler_task::scheduler_task(char const*, unsigned long, unsigned char, void*)
 .text          0x00007664      0x174 ./L3_Utils/src/file_logger.o
                0x00007664                SimpleLogger::handleCompletedBuffer(char*, unsigned int)
                0x0000766c                FileLogger::getTimestamp()
                0x00007670                FileLogger::semGive()
                0x0000768c                FileLogger::semTake()
                0x000076aa                FileLogger::handleCompletedBuffer(char*, unsigned int)
                0x00007720                FileLogger::flush()
                0x0000773a                FileLogger::FileLogger()
                0x0000773a                FileLogger::FileLogger()
                0x0000776c                SimpleLogger::SimpleLogger(char const*, char*, int)
                0x0000776c                SimpleLogger::SimpleLogger(char const*, char*, int)
                0x00007798                SimpleLogger::printf(char const*, ...)
                0x000077d2                SimpleLogger::flush()
 .text._ZN10LoggerBaseD2Ev
                0x000077d8        0xc ./L3_Utils/src/file_logger.o
                0x000077d8                LoggerBase::~LoggerBase()
                0x000077d8                LoggerBase::~LoggerBase()
 .text._ZN10LoggerBase7semTakeEv
                0x000077e4        0x2 ./L3_Utils/src/file_logger.o
                0x000077e4                LoggerBase::semTake()
 .text._ZN10LoggerBase7semGiveEv
                0x000077e6        0x2 ./L3_Utils/src/file_logger.o
                0x000077e6                LoggerBase::semGive()
 .text._ZN10LoggerBase12getTimestampEv
                0x000077e8        0x4 ./L3_Utils/src/file_logger.o
                0x000077e8                LoggerBase::getTimestamp()
 .text._ZN12SimpleLoggerD2Ev
                0x000077ec        0xc ./L3_Utils/src/file_logger.o
                0x000077ec                SimpleLogger::~SimpleLogger()
                0x000077ec                SimpleLogger::~SimpleLogger()
 .text._ZN10FileLoggerD2Ev
                0x000077f8        0xc ./L3_Utils/src/file_logger.o
                0x000077f8                FileLogger::~FileLogger()
                0x000077f8                FileLogger::~FileLogger()
 .text._ZN10FileLoggerD0Ev
                0x00007804       0x14 ./L3_Utils/src/file_logger.o
                0x00007804                FileLogger::~FileLogger()
 .text._ZN12SimpleLoggerD0Ev
                0x00007818       0x14 ./L3_Utils/src/file_logger.o
                0x00007818                SimpleLogger::~SimpleLogger()
 .text._ZN10LoggerBaseD0Ev
                0x0000782c       0x14 ./L3_Utils/src/file_logger.o
                0x0000782c                LoggerBase::~LoggerBase()
 .text          0x00007840        0x0 ./L3_Utils/src/freertos_timer.o
 .text          0x00007840      0x2ac ./L3_Utils/src/logger.o
                0x00007840                LoggerBase::flush()
                0x00007856                LoggerBase::log(char const*)
                0x000078a4                LoggerBase::logCsvMessage(char const*, char const*, char const*, char const*, int)
                0x000079c0                LoggerBase::logInfo(char const*, char const*, char const*, int)
                0x000079dc                LoggerBase::logInfoPrintf(char const*, char const*, int, char const*, ...)
                0x00007a22                LoggerBase::logWarn(char const*, char const*, char const*, int)
                0x00007a40                LoggerBase::logWarnPrintf(char const*, char const*, int, char const*, ...)
                0x00007a86                LoggerBase::logError(char const*, char const*, char const*, int)
                0x00007aa4                LoggerBase::logErrorPrintf(char const*, char const*, int, char const*, ...)
 .text          0x00007aec       0xc4 ./L3_Utils/src/rit_isr.o
                0x00007aec                RIT_IRQHandler
                0x00007b30                rit_get_timer_value_ms
                0x00007b3c                rit_setup_callback
 .text          0x00007bb0      0x19c ./L3_Utils/src/rtc_alarm.o
                0x00007c10                rtc_EnableRecurringAlarm
                0x00007c68                rtc_CreateDailyAlarm
                0x00007cc4                RTC_IRQHandler
 .text          0x00007d4c      0xbd8 ./L3_Utils/src/str.o
                0x00007d4c                str::toInt(char const*)
                0x00007d50                str::str(char*, int)
                0x00007d50                str::str(char*, int)
                0x00007d76                str::~str()
                0x00007d76                str::~str()
                0x00007d9a                str::getLen() const
                0x00007da0                str::getCapacity() const
                0x00007da4                str::clear()
                0x00007dac                str::toLower()
                0x00007dc4                str::toUpper()
                0x00007ddc                str::scanf(char const*, ...)
                0x00007df6                str::compareTo(char const*) const
                0x00007e0c                str::compareToIgnoreCase(char const*) const
                0x00007e1e                str::firstIndexOfIgnoreCase(char const*) const
                0x00007e9c                str::containsIgnoreCase(char const*) const
                0x00007eaa                str::firstIndexOf(char const*) const
                0x00007ec0                str::contains(char const*) const
                0x00007ece                str::lastIndexOf(char const*) const
                0x00007f10                str::countOf(char const*) const
                0x00007f42                str::beginsWith(char const*) const
                0x00007f74                str::beginsWithIgnoreCase(char const*) const
                0x00007fa6                str::beginsWithWholeWord(char const*, char) const
                0x00007fd6                str::beginsWithWholeWordIgnoreCase(char const*, char) const
                0x00008006                str::endsWith(char const*) const
                0x00008038                str::endsWithIgnoreCase(char const*) const
                0x0000806a                str::eraseFirst(int)
                0x0000809e                str::eraseLast(int)
                0x000080be                str::eraseAllAfter(int)
                0x000080e0                str::eraseAfter(int, int)
                0x00008124                str::eraseCharAt(int)
                0x00008128                str::erase(char const*)
                0x0000814e                str::eraseAllSpecialChars()
                0x0000817e                str::trimStart(char const*)
                0x000081c6                str::trimEnd(char const*)
                0x00008206                str::isAllAlpha() const
                0x00008228                str::isAlphaNumeric() const
                0x0000824a                str::isUint() const
                0x0000826e                str::isInt() const
                0x0000829e                str::checksum_Get()
                0x000082bc                str::checksum_Remove()
                0x000082d4                str::operator-=(char const*)
                0x000082d6                str::operator-=(str const&)
                0x000082da                str::operator==(char const*) const
                0x000082dc                str::operator==(str const&) const
                0x000082e0                str::operator==(int) const
                0x000082f8                str::operator!=(char const*) const
                0x00008306                str::operator!=(str const&) const
                0x00008316                str::operator!=(int) const
                0x00008328                str::operator<(char const*) const
                0x00008334                str::operator<(int) const
                0x00008348                str::operator>(char const*) const
                0x0000835a                str::operator>(int) const
                0x0000836e                str::operator<=(char const*) const
                0x00008380                str::operator<=(int) const
                0x00008394                str::operator>=(char const*) const
                0x000083a2                str::operator>=(int) const
                0x000083b6                str::operator()() const
                0x000083ba                str::operator int() const
                0x000083c0                str::operator[](int)
                0x000083d6                str::reAllocateMem(int)
                0x00008418                str::ensureMemoryToInsertNChars(int)
                0x0000843a                str::insertAt(int, char const*)
                0x0000849c                str::replaceAll(char const*, char const*)
                0x000084da                str::replaceLast(char const*, char const*)
                0x0000850e                str::replaceFirst(char const*, char const*)
                0x00008542                str::insertAtBeg(char const*)
                0x00008548                str::insertAtEnd(char const*)
                0x0000856a                str::append(char const*)
                0x0000856c                str::operator+=(char)
                0x00008582                str::operator+=(str const&)
                0x00008586                str::operator+=(char const*)
                0x00008588                str::appendAsHex(unsigned int)
                0x000085a4                str::checksum_Append()
                0x000085c4                str::append(int)
                0x000085e0                str::str(int)
                0x000085e0                str::str(int)
                0x000085ec                str::str()
                0x000085ec                str::str()
                0x000085fa                str::reserve(int)
                0x00008606                str::subString(int, int)
                0x00008670                str::getToken(char const*, bool)
                0x000086b8                str::subString(char, char)
                0x000086ec                str::subString(char const*, int)
                0x00008702                str::subString(char, int)
                0x00008718                str::subString(int)
                0x00008730                str::subString(char const*)
                0x00008742                str::subString(char)
                0x00008758                str::printf(char const*, ...)
                0x000087a6                str::copyFrom(char const*)
                0x000087e2                str::operator=(int)
                0x00008804                str::operator-=(int)
                0x00008822                str::operator--(int)
                0x00008826                str::operator--()
                0x0000882a                str::operator+=(int)
                0x00008848                str::operator++(int)
                0x0000884c                str::operator++()
                0x00008850                str::operator=(char const*)
                0x00008852                str::operator=(str const&)
                0x00008864                str::str(str const&)
                0x00008864                str::str(str const&)
                0x00008884                str::str(char const*)
                0x00008884                str::str(char const*)
                0x000088a4                str::singleHexCharToInt(unsigned char)
                0x000088c4                str::hexStrDigitsToInt(char*)
                0x000088e0                str::checksum_Verify()
 .text._ZN3str4initEi
                0x00008924       0x10 ./L3_Utils/src/str.o
                0x00008924                str::init(int)
 .text          0x00008934      0x148 ./L3_Utils/src/utilities.o
                0x00008934                delay_us
                0x0000895a                isFreeRtosRunning
                0x00008980                delay_ms
                0x000089a0                printMemoryInfo
                0x000089c8                logBootInfo
 .text          0x00008a7c       0xa8 ./L2_Drivers/src/i2c2.o
                0x00008a7c                I2C2::init(unsigned int)
                0x00008aec                I2C2::I2C2()
                0x00008aec                I2C2::I2C2()
                0x00008b00                I2C2_IRQHandler
 .text          0x00008b24      0x4d8 ./L2_Drivers/src/i2c_base.o
                0x00008b24                I2C_Base::I2C_Base(LPC_I2C_TypeDef*)
                0x00008b24                I2C_Base::I2C_Base(LPC_I2C_TypeDef*)
                0x00008b90                I2C_Base::init(unsigned int, unsigned int)
                0x00008c28                I2C_Base::i2cKickOffTransfer(I2C_Base::mI2cModeType, char, char, char*, int)
                0x00008c56                I2C_Base::i2cStateMachine()
                0x00008dfa                I2C_Base::writeReg(char, char, char)
                0x00008ea0                I2C_Base::readRegisters(char, char, char*, unsigned int)
                0x00008f94                I2C_Base::isDevicePresent(char)
                0x00008fae                I2C_Base::readReg(char, char)
                0x00008fce                I2C_Base::handleInterrupt()
 .text          0x00008ffc      0x164 ./L2_Drivers/src/pwm.o
                0x00008ffc                pwmEn
                0x00009030                initPWM
                0x000090b0                pwmUpdateMR
                0x0000911c                pwmReadMR
 .text          0x00009160      0x154 ./L2_Drivers/src/rtc.o
                0x00009160                rtc_gettime
                0x00009174                rtc_settime
                0x000091c0                rtc_initialize
                0x0000925c                rtc_getDateTimeString
 .text          0x000092b4       0x98 ./L2_Drivers/src/spi1.o
                0x000092b4                spi1_SetMaxClockMhz
                0x000092f0                spi1_Init
 .text          0x0000934c       0xec ./L2_Drivers/src/spi_dma.o
                0x0000934c                spiDmaInitialize
                0x00009370                spiDmaTransferBlock
 .text          0x00009438       0xb0 ./L2_Drivers/src/uart0.o
                0x00009438                Uart0::init(unsigned int, int, int)
                0x00009488                Uart0::Uart0()
                0x00009488                Uart0::Uart0()
                0x000094a4                Uart0::putcharIntrDriven(char)
                0x000094ba                Uart0::getcharIntrDriven(char)
                0x000094da                UART0_IRQHandler
 .text._ZN9UartIfaceD2Ev
                0x000094e8        0xc ./L2_Drivers/src/uart0.o
                0x000094e8                UartIface::~UartIface()
                0x000094e8                UartIface::~UartIface()
 .text._ZN5Uart0D2Ev
                0x000094f4        0xc ./L2_Drivers/src/uart0.o
                0x000094f4                Uart0::~Uart0()
                0x000094f4                Uart0::~Uart0()
 .text._ZN9UartIfaceD0Ev
                0x00009500       0x14 ./L2_Drivers/src/uart0.o
                0x00009500                UartIface::~UartIface()
 .text._ZN5Uart0D0Ev
                0x00009514       0x14 ./L2_Drivers/src/uart0.o
                0x00009514                Uart0::~Uart0()
 .text          0x00009528       0x90 ./L2_Drivers/src/uart2.o
                0x00009528                Uart2::init(unsigned int, int, int)
                0x00009578                Uart2::Uart2()
                0x00009578                Uart2::Uart2()
                0x00009594                UART2_IRQHandler
 .text._ZN5Uart2D2Ev
                0x000095b8        0xc ./L2_Drivers/src/uart2.o
                0x000095b8                Uart2::~Uart2()
                0x000095b8                Uart2::~Uart2()
 .text._ZN5Uart2D0Ev
                0x000095c4       0x14 ./L2_Drivers/src/uart2.o
                0x000095c4                Uart2::~Uart2()
 .text          0x000095d8       0x94 ./L2_Drivers/src/uart3.o
                0x000095d8                Uart3::init(unsigned int, int, int)
                0x00009628                Uart3::Uart3()
                0x00009628                Uart3::Uart3()
                0x00009648                UART3_IRQHandler
 .text._ZN5Uart3D2Ev
                0x0000966c        0xc ./L2_Drivers/src/uart3.o
                0x0000966c                Uart3::~Uart3()
                0x0000966c                Uart3::~Uart3()
 .text._ZN5Uart3D0Ev
                0x00009678       0x14 ./L2_Drivers/src/uart3.o
                0x00009678                Uart3::~Uart3()
 .text          0x0000968c      0x2a4 ./L2_Drivers/src/uart_base.o
                0x0000968c                UART_Base::putChar(char, unsigned int)
                0x000096f6                UART_Base::getChar(char*, unsigned int) const
                0x0000974e                UART_Base::recentlyActive(unsigned int) const
                0x00009764                UART_Base::setBaudRate(unsigned int)
                0x000097a0                UART_Base::handleInterrupt()
                0x0000985a                UART_Base::UART_Base(unsigned int*)
                0x0000985a                UART_Base::UART_Base(unsigned int*)
                0x00009870                UART_Base::init(unsigned int, unsigned int, int, int)
 .text._ZN9UART_BaseD2Ev
                0x00009930        0xc ./L2_Drivers/src/uart_base.o
                0x00009930                UART_Base::~UART_Base()
                0x00009930                UART_Base::~UART_Base()
 .text._ZN9UART_BaseD0Ev
                0x0000993c       0x14 ./L2_Drivers/src/uart_base.o
                0x0000993c                UART_Base::~UART_Base()
 .text          0x00009950      0x128 ./L2_Drivers/src/uart_iface.o
                0x00009950                UartIface::put(char const*, unsigned int)
                0x00009972                UartIface::puts(char const*, unsigned int)
                0x0000998c                UartIface::gets(char*, int, unsigned int)
                0x000099ec                UartIface::printf(char const*, ...)
                0x00009a34                UartIface::scanf(char const*, ...)
 .text          0x00009a78        0x0 ./L1_FreeRTOS/src/croutine.o
 .text          0x00009a78       0x88 ./L1_FreeRTOS/src/list.o
                0x00009a78                vListInitialise
                0x00009a8e                vListInitialiseItem
                0x00009a94                vListInsertEnd
                0x00009aae                vListInsert
                0x00009ade                uxListRemove
 .text          0x00009b00      0x4e6 ./L1_FreeRTOS/src/queue.o
                0x00009be8                xQueueGenericReset
                0x00009c44                xQueueGenericCreate
                0x00009c8c                xQueueCreateCountingSemaphore
                0x00009c9e                xQueueGenericSend
                0x00009d82                xQueueCreateMutex
                0x00009dce                xQueueGenericSendFromISR
                0x00009e28                xQueueGenericReceive
                0x00009f3c                xQueueReceiveFromISR
                0x00009f90                uxQueueMessagesWaiting
                0x00009fa2                uxQueueMessagesWaitingFromISR
                0x00009fa6                vQueueDelete
                0x00009fba                ucQueueGetQueueNumber
                0x00009fc0                vQueueSetQueueNumber
                0x00009fc6                ucQueueGetQueueType
                0x00009fcc                xQueueIsQueueEmptyFromISR
                0x00009fd8                xQueueIsQueueFullFromISR
 *fill*         0x00009fe6        0x2 00
 .text          0x00009fe8      0xbc4 ./L1_FreeRTOS/src/tasks.o
                0x0000a19c                xTaskGenericCreate
                0x0000a318                xTaskIsTaskSuspended
                0x0000a340                vTaskResume
                0x0000a3a4                xTaskResumeFromISR
                0x0000a41c                vTaskStartScheduler
                0x0000a468                vTaskEndScheduler
                0x0000a484                vTaskSuspendAll
                0x0000a498                xTaskGetTickCount
                0x0000a4b0                xTaskGetTickCountFromISR
                0x0000a4c8                uxTaskGetNumberOfTasks
                0x0000a4d4                vTaskIncrementTick
                0x0000a598                xTaskResumeAll
                0x0000a654                vTaskGetRunTimeStats
                0x0000a6e0                vTaskDelay
                0x0000a714                vTaskDelayUntil
                0x0000a770                vTaskSwitchContext
                0x0000a824                vTaskSuspend
                0x0000a88c                vTaskPlaceOnEventList
                0x0000a8c4                xTaskRemoveFromEventList
                0x0000a920                vTaskSetTimeOutState
                0x0000a934                xTaskCheckForTimeOut
                0x0000a988                vTaskMissedYield
                0x0000a998                uxTaskGetTaskNumber
                0x0000a99e                vTaskSetTaskNumber
                0x0000a9a4                uxTaskGetStackHighWaterMark
                0x0000a9c4                xTaskGetCurrentTaskHandle
                0x0000a9d0                xTaskGetSchedulerState
                0x0000a9ec                vTaskPriorityInherit
                0x0000aa58                vTaskPriorityDisinherit
                0x0000aaa4                vTaskResetRunTimeStats
                0x0000ab08                uxTaskGetCpuUsage
                0x0000ab28                vTaskList
 .text          0x0000abac        0x0 ./L1_FreeRTOS/src/tasks.inc.o
 .text          0x0000abac        0x0 ./L1_FreeRTOS/src/timers.o
 .text          0x0000abac      0x190 ./L1_FreeRTOS/portable/port.o
                0x0000abbc                pxPortInitialiseStack
                0x0000abd2                vPortSVCHandler
                0x0000abf4                vPortEndScheduler
                0x0000abf6                vPortYieldFromISR
                0x0000ac04                ulPortSetInterruptMask
                0x0000ac14                vPortEnterCritical
                0x0000ac28                vPortClearInterruptMask
                0x0000ac2e                vPortExitCritical
                0x0000ac40                xPortPendSVHandler
                0x0000ac7c                xPortSysTickHandler
                0x0000ac9c                vPortSetupTimerInterrupt
                0x0000acb0                xPortStartScheduler
                0x0000ace0                vConfigureTimerForRunTimeStats
                0x0000ad24                uxGetTimerForRunTimeStats
                0x0000ad2c                resetRunTimeCounter
 .text          0x0000ad3c       0x4c ./L1_FreeRTOS/hooks/hooks.o
                0x0000ad3c                vApplicationIdleHook
                0x0000ad40                vApplicationStackOverflowHook
                0x0000ad6c                vApplicationMallocFailedHook
 .text          0x0000ad88       0x38 ./L1_FreeRTOS/MemMang/heap_3.o
                0x0000ad88                pvPortMalloc
                0x0000ada6                vPortFree
 .text          0x0000adc0       0x86 ./L0_LowLevel/source/core_cm3.o
                0x0000adc0                __get_PSP
                0x0000adc8                __set_PSP
                0x0000adce                __get_MSP
                0x0000add6                __set_MSP
                0x0000addc                __get_BASEPRI
                0x0000ade2                __set_BASEPRI
                0x0000ade8                __get_PRIMASK
                0x0000adee                __set_PRIMASK
                0x0000adf4                __get_FAULTMASK
                0x0000adfa                __set_FAULTMASK
                0x0000ae00                __get_CONTROL
                0x0000ae06                __set_CONTROL
                0x0000ae0c                __REV
                0x0000ae10                __REV16
                0x0000ae14                __REVSH
                0x0000ae18                __RBIT
                0x0000ae1e                __LDREXB
                0x0000ae26                __LDREXH
                0x0000ae2e                __LDREXW
                0x0000ae34                __STREXB
                0x0000ae3a                __STREXH
                0x0000ae40                __STREXW
 *fill*         0x0000ae46        0x2 00
 .text          0x0000ae48       0x94 ./L0_LowLevel/source/cr_startup_lpc175x.o
                0x0000ae48                HardFault_HandlerC
 .text          0x0000aedc      0x1f8 ./L0_LowLevel/source/sys_clock.o
                0x0000aef0                calculatePLLParameters(unsigned int, unsigned int, int*, int*, int*)
                0x0000af74                configureSystemClock()
                0x0000b034                getCpuClock
 .text          0x0000b0d4      0x2e0 ./L0_LowLevel/source/system_init.o
                0x0000b100                configureFlashAccelerator(unsigned int)
                0x0000b14c                initializeDefaultInterruptPriority()
                0x0000b270                getRebootCause
                0x0000b27c                getBootTime
                0x0000b290                lowLevelInitialize()
 .text          0x0000b3b4       0xb8 ./L0_LowLevel/source/uart0_min.o
                0x0000b3b4                uart0Init
                0x0000b42c                uart0Putchar
                0x0000b440                uart0Puts
                0x0000b45a                uart0Getchar
 .text          0x0000b46c        0x0 c:/users/montoya/documents/classes/cmpe146/lab/cmpe146package_lpc1758/yagarto/bin/../lib/gcc/arm-none-eabi/4.6.2/../../../../arm-none-eabi/lib/thumb/v7m\libstdc++.a(guard.o)
 .text.__cxa_guard_acquire
                0x0000b46c       0x38 c:/users/montoya/documents/classes/cmpe146/lab/cmpe146package_lpc1758/yagarto/bin/../lib/gcc/arm-none-eabi/4.6.2/../../../../arm-none-eabi/lib/thumb/v7m\libstdc++.a(guard.o)
                0x0000b46c                __cxa_guard_acquire
 .text.__cxa_guard_abort
                0x0000b4a4        0x8 c:/users/montoya/documents/classes/cmpe146/lab/cmpe146package_lpc1758/yagarto/bin/../lib/gcc/arm-none-eabi/4.6.2/../../../../arm-none-eabi/lib/thumb/v7m\libstdc++.a(guard.o)
                0x0000b4a4                __cxa_guard_abort
 .text.__cxa_guard_release
                0x0000b4ac        0x8 c:/users/montoya/documents/classes/cmpe146/lab/cmpe146package_lpc1758/yagarto/bin/../lib/gcc/arm-none-eabi/4.6.2/../../../../arm-none-eabi/lib/thumb/v7m\libstdc++.a(guard.o)
                0x0000b4ac                __cxa_guard_release
 .text          0x0000b4b4        0x0 c:/users/montoya/documents/classes/cmpe146/lab/cmpe146package_lpc1758/yagarto/bin/../lib/gcc/arm-none-eabi/4.6.2/../../../../arm-none-eabi/lib/thumb/v7m\libstdc++.a(guard_error.o)
 .text._ZN9__gnu_cxx20recursive_init_errorD2Ev
                0x0000b4b4       0x14 c:/users/montoya/documents/classes/cmpe146/lab/cmpe146package_lpc1758/yagarto/bin/../lib/gcc/arm-none-eabi/4.6.2/../../../../arm-none-eabi/lib/thumb/v7m\libstdc++.a(guard_error.o)
                0x0000b4b4                __gnu_cxx::recursive_init_error::~recursive_init_error()
                0x0000b4b4                __gnu_cxx::recursive_init_error::~recursive_init_error()
 .text._ZN9__gnu_cxx20recursive_init_errorD0Ev
                0x0000b4c8       0x1c c:/users/montoya/documents/classes/cmpe146/lab/cmpe146package_lpc1758/yagarto/bin/../lib/gcc/arm-none-eabi/4.6.2/../../../../arm-none-eabi/lib/thumb/v7m\libstdc++.a(guard_error.o)
                0x0000b4c8                __gnu_cxx::recursive_init_error::~recursive_init_error()
 .text          0x0000b4e4        0x0 c:/users/montoya/documents/classes/cmpe146/lab/cmpe146package_lpc1758/yagarto/bin/../lib/gcc/arm-none-eabi/4.6.2/../../../../arm-none-eabi/lib/thumb/v7m\libstdc++.a(pure.o)
 .text.__cxa_pure_virtual
                0x0000b4e4       0x18 c:/users/montoya/documents/classes/cmpe146/lab/cmpe146package_lpc1758/yagarto/bin/../lib/gcc/arm-none-eabi/4.6.2/../../../../arm-none-eabi/lib/thumb/v7m\libstdc++.a(pure.o)
                0x0000b4e4                __cxa_pure_virtual
 .text          0x0000b4fc        0x0 c:/users/montoya/documents/classes/cmpe146/lab/cmpe146package_lpc1758/yagarto/bin/../lib/gcc/arm-none-eabi/4.6.2/../../../../arm-none-eabi/lib/thumb/v7m\libstdc++.a(si_class_type_info.o)
 .text._ZN10__cxxabiv120__si_class_type_infoD2Ev
                0x0000b4fc       0x14 c:/users/montoya/documents/classes/cmpe146/lab/cmpe146package_lpc1758/yagarto/bin/../lib/gcc/arm-none-eabi/4.6.2/../../../../arm-none-eabi/lib/thumb/v7m\libstdc++.a(si_class_type_info.o)
                0x0000b4fc                __cxxabiv1::__si_class_type_info::~__si_class_type_info()
                0x0000b4fc                __cxxabiv1::__si_class_type_info::~__si_class_type_info()
 .text._ZN10__cxxabiv120__si_class_type_infoD0Ev
                0x0000b510       0x1c c:/users/montoya/documents/classes/cmpe146/lab/cmpe146package_lpc1758/yagarto/bin/../lib/gcc/arm-none-eabi/4.6.2/../../../../arm-none-eabi/lib/thumb/v7m\libstdc++.a(si_class_type_info.o)
                0x0000b510                __cxxabiv1::__si_class_type_info::~__si_class_type_info()
 .text._ZNK10__cxxabiv120__si_class_type_info11__do_upcastEPKNS_17__class_type_infoEPKvRNS1_15__upcast_resultE
                0x0000b52c       0x28 c:/users/montoya/documents/classes/cmpe146/lab/cmpe146package_lpc1758/yagarto/bin/../lib/gcc/arm-none-eabi/4.6.2/../../../../arm-none-eabi/lib/thumb/v7m\libstdc++.a(si_class_type_info.o)
                0x0000b52c                __cxxabiv1::__si_class_type_info::__do_upcast(__cxxabiv1::__class_type_info const*, void const*, __cxxabiv1::__class_type_info::__upcast_result&) const
 .text._ZNK10__cxxabiv120__si_class_type_info12__do_dyncastEiNS_17__class_type_info10__sub_kindEPKS1_PKvS4_S6_RNS1_16__dyncast_resultE
                0x0000b554       0x88 c:/users/montoya/documents/classes/cmpe146/lab/cmpe146package_lpc1758/yagarto/bin/../lib/gcc/arm-none-eabi/4.6.2/../../../../arm-none-eabi/lib/thumb/v7m\libstdc++.a(si_class_type_info.o)
                0x0000b554                __cxxabiv1::__si_class_type_info::__do_dyncast(int, __cxxabiv1::__class_type_info::__sub_kind, __cxxabiv1::__class_type_info const*, void const*, __cxxabiv1::__class_type_info const*, void const*, __cxxabiv1::__class_type_info::__dyncast_result&) const
 .text._ZNK10__cxxabiv120__si_class_type_info20__do_find_public_srcEiPKvPKNS_17__class_type_infoES2_
                0x0000b5dc       0x38 c:/users/montoya/documents/classes/cmpe146/lab/cmpe146package_lpc1758/yagarto/bin/../lib/gcc/arm-none-eabi/4.6.2/../../../../arm-none-eabi/lib/thumb/v7m\libstdc++.a(si_class_type_info.o)
                0x0000b5dc                __cxxabiv1::__si_class_type_info::__do_find_public_src(int, void const*, __cxxabiv1::__class_type_info const*, void const*) const
 .text          0x0000b614        0x0 c:/users/montoya/documents/classes/cmpe146/lab/cmpe146package_lpc1758/yagarto/bin/../lib/gcc/arm-none-eabi/4.6.2/../../../../arm-none-eabi/lib/thumb/v7m\libstdc++.a(tinfo.o)
 .text._ZNSt9type_infoD2Ev
                0x0000b614        0xc c:/users/montoya/documents/classes/cmpe146/lab/cmpe146package_lpc1758/yagarto/bin/../lib/gcc/arm-none-eabi/4.6.2/../../../../arm-none-eabi/lib/thumb/v7m\libstdc++.a(tinfo.o)
                0x0000b614                std::type_info::~type_info()
                0x0000b614                std::type_info::~type_info()
 .text._ZNKSt9type_info14__is_pointer_pEv
                0x0000b620        0x4 c:/users/montoya/documents/classes/cmpe146/lab/cmpe146package_lpc1758/yagarto/bin/../lib/gcc/arm-none-eabi/4.6.2/../../../../arm-none-eabi/lib/thumb/v7m\libstdc++.a(tinfo.o)
                0x0000b620                std::type_info::__is_pointer_p() const
 .text._ZNKSt9type_info15__is_function_pEv
                0x0000b624        0x4 c:/users/montoya/documents/classes/cmpe146/lab/cmpe146package_lpc1758/yagarto/bin/../lib/gcc/arm-none-eabi/4.6.2/../../../../arm-none-eabi/lib/thumb/v7m\libstdc++.a(tinfo.o)
                0x0000b624                std::type_info::__is_function_p() const
 .text._ZNKSt9type_info11__do_upcastEPKN10__cxxabiv117__class_type_infoEPPv
                0x0000b628        0x4 c:/users/montoya/documents/classes/cmpe146/lab/cmpe146package_lpc1758/yagarto/bin/../lib/gcc/arm-none-eabi/4.6.2/../../../../arm-none-eabi/lib/thumb/v7m\libstdc++.a(tinfo.o)
                0x0000b628                std::type_info::__do_upcast(__cxxabiv1::__class_type_info const*, void**) const
 .text._ZNSt9type_infoD0Ev
                0x0000b62c       0x14 c:/users/montoya/documents/classes/cmpe146/lab/cmpe146package_lpc1758/yagarto/bin/../lib/gcc/arm-none-eabi/4.6.2/../../../../arm-none-eabi/lib/thumb/v7m\libstdc++.a(tinfo.o)
                0x0000b62c                std::type_info::~type_info()
 .text._ZNKSt9type_infoeqERKS_
                0x0000b640       0x38 c:/users/montoya/documents/classes/cmpe146/lab/cmpe146package_lpc1758/yagarto/bin/../lib/gcc/arm-none-eabi/4.6.2/../../../../arm-none-eabi/lib/thumb/v7m\libstdc++.a(tinfo.o)
                0x0000b640                std::type_info::operator==(std::type_info const&) const
 .text._ZNKSt9type_info10__do_catchEPKS_PPvj
                0x0000b678        0x4 c:/users/montoya/documents/classes/cmpe146/lab/cmpe146package_lpc1758/yagarto/bin/../lib/gcc/arm-none-eabi/4.6.2/../../../../arm-none-eabi/lib/thumb/v7m\libstdc++.a(tinfo.o)
                0x0000b678                std::type_info::__do_catch(std::type_info const*, void**, unsigned int) const
 .text          0x0000b67c        0x0 c:/users/montoya/documents/classes/cmpe146/lab/cmpe146package_lpc1758/yagarto/bin/../lib/gcc/arm-none-eabi/4.6.2/../../../../arm-none-eabi/lib/thumb/v7m\libstdc++.a(class_type_info.o)
 .text._ZNK10__cxxabiv117__class_type_info11__do_upcastEPKS0_PPv
                0x0000b67c       0x38 c:/users/montoya/documents/classes/cmpe146/lab/cmpe146package_lpc1758/yagarto/bin/../lib/gcc/arm-none-eabi/4.6.2/../../../../arm-none-eabi/lib/thumb/v7m\libstdc++.a(class_type_info.o)
                0x0000b67c                __cxxabiv1::__class_type_info::__do_upcast(__cxxabiv1::__class_type_info const*, void**) const
 .text._ZNK10__cxxabiv117__class_type_info20__do_find_public_srcEiPKvPKS0_S2_
                0x0000b6b4        0xc c:/users/montoya/documents/classes/cmpe146/lab/cmpe146package_lpc1758/yagarto/bin/../lib/gcc/arm-none-eabi/4.6.2/../../../../arm-none-eabi/lib/thumb/v7m\libstdc++.a(class_type_info.o)
                0x0000b6b4                __cxxabiv1::__class_type_info::__do_find_public_src(int, void const*, __cxxabiv1::__class_type_info const*, void const*) const
 .text._ZNK10__cxxabiv117__class_type_info11__do_upcastEPKS0_PKvRNS0_15__upcast_resultE
                0x0000b6c0       0x1c c:/users/montoya/documents/classes/cmpe146/lab/cmpe146package_lpc1758/yagarto/bin/../lib/gcc/arm-none-eabi/4.6.2/../../../../arm-none-eabi/lib/thumb/v7m\libstdc++.a(class_type_info.o)
                0x0000b6c0                __cxxabiv1::__class_type_info::__do_upcast(__cxxabiv1::__class_type_info const*, void const*, __cxxabiv1::__class_type_info::__upcast_result&) const
 .text._ZN10__cxxabiv117__class_type_infoD2Ev
                0x0000b6dc       0x14 c:/users/montoya/documents/classes/cmpe146/lab/cmpe146package_lpc1758/yagarto/bin/../lib/gcc/arm-none-eabi/4.6.2/../../../../arm-none-eabi/lib/thumb/v7m\libstdc++.a(class_type_info.o)
                0x0000b6dc                __cxxabiv1::__class_type_info::~__class_type_info()
                0x0000b6dc                __cxxabiv1::__class_type_info::~__class_type_info()
 .text._ZN10__cxxabiv117__class_type_infoD0Ev
                0x0000b6f0       0x1c c:/users/montoya/documents/classes/cmpe146/lab/cmpe146package_lpc1758/yagarto/bin/../lib/gcc/arm-none-eabi/4.6.2/../../../../arm-none-eabi/lib/thumb/v7m\libstdc++.a(class_type_info.o)
                0x0000b6f0                __cxxabiv1::__class_type_info::~__class_type_info()
 .text._ZNK10__cxxabiv117__class_type_info12__do_dyncastEiNS0_10__sub_kindEPKS0_PKvS3_S5_RNS0_16__dyncast_resultE
                0x0000b70c       0x3c c:/users/montoya/documents/classes/cmpe146/lab/cmpe146package_lpc1758/yagarto/bin/../lib/gcc/arm-none-eabi/4.6.2/../../../../arm-none-eabi/lib/thumb/v7m\libstdc++.a(class_type_info.o)
                0x0000b70c                __cxxabiv1::__class_type_info::__do_dyncast(int, __cxxabiv1::__class_type_info::__sub_kind, __cxxabiv1::__class_type_info const*, void const*, __cxxabiv1::__class_type_info const*, void const*, __cxxabiv1::__class_type_info::__dyncast_result&) const
 .text._ZNK10__cxxabiv117__class_type_info10__do_catchEPKSt9type_infoPPvj
                0x0000b748       0x28 c:/users/montoya/documents/classes/cmpe146/lab/cmpe146package_lpc1758/yagarto/bin/../lib/gcc/arm-none-eabi/4.6.2/../../../../arm-none-eabi/lib/thumb/v7m\libstdc++.a(class_type_info.o)
                0x0000b748                __cxxabiv1::__class_type_info::__do_catch(std::type_info const*, void**, unsigned int) const
 .text          0x0000b770        0x0 c:/users/montoya/documents/classes/cmpe146/lab/cmpe146package_lpc1758/yagarto/bin/../lib/gcc/arm-none-eabi/4.6.2/../../../../arm-none-eabi/lib/thumb/v7m\libstdc++.a(eh_alloc.o)
 .text.__cxa_allocate_exception
                0x0000b770       0x64 c:/users/montoya/documents/classes/cmpe146/lab/cmpe146package_lpc1758/yagarto/bin/../lib/gcc/arm-none-eabi/4.6.2/../../../../arm-none-eabi/lib/thumb/v7m\libstdc++.a(eh_alloc.o)
                0x0000b770                __cxa_allocate_exception
 .text.__cxa_free_exception
                0x0000b7d4       0x34 c:/users/montoya/documents/classes/cmpe146/lab/cmpe146package_lpc1758/yagarto/bin/../lib/gcc/arm-none-eabi/4.6.2/../../../../arm-none-eabi/lib/thumb/v7m\libstdc++.a(eh_alloc.o)
                0x0000b7d4                __cxa_free_exception
 .text.__cxa_allocate_dependent_exception
                0x0000b808       0x58 c:/users/montoya/documents/classes/cmpe146/lab/cmpe146package_lpc1758/yagarto/bin/../lib/gcc/arm-none-eabi/4.6.2/../../../../arm-none-eabi/lib/thumb/v7m\libstdc++.a(eh_alloc.o)
                0x0000b808                __cxa_allocate_dependent_exception
 .text.__cxa_free_dependent_exception
                0x0000b860       0x44 c:/users/montoya/documents/classes/cmpe146/lab/cmpe146package_lpc1758/yagarto/bin/../lib/gcc/arm-none-eabi/4.6.2/../../../../arm-none-eabi/lib/thumb/v7m\libstdc++.a(eh_alloc.o)
                0x0000b860                __cxa_free_dependent_exception
 .text          0x0000b8a4        0x0 c:/users/montoya/documents/classes/cmpe146/lab/cmpe146package_lpc1758/yagarto/bin/../lib/gcc/arm-none-eabi/4.6.2/../../../../arm-none-eabi/lib/thumb/v7m\libstdc++.a(eh_exception.o)
 .text._ZNSt9exceptionD2Ev
                0x0000b8a4        0xc c:/users/montoya/documents/classes/cmpe146/lab/cmpe146package_lpc1758/yagarto/bin/../lib/gcc/arm-none-eabi/4.6.2/../../../../arm-none-eabi/lib/thumb/v7m\libstdc++.a(eh_exception.o)
                0x0000b8a4                std::exception::~exception()
                0x0000b8a4                std::exception::~exception()
 .text._ZNSt13bad_exceptionD2Ev
                0x0000b8b0        0xc c:/users/montoya/documents/classes/cmpe146/lab/cmpe146package_lpc1758/yagarto/bin/../lib/gcc/arm-none-eabi/4.6.2/../../../../arm-none-eabi/lib/thumb/v7m\libstdc++.a(eh_exception.o)
                0x0000b8b0                std::bad_exception::~bad_exception()
                0x0000b8b0                std::bad_exception::~bad_exception()
 .text._ZN10__cxxabiv115__forced_unwindD2Ev
                0x0000b8bc        0xc c:/users/montoya/documents/classes/cmpe146/lab/cmpe146package_lpc1758/yagarto/bin/../lib/gcc/arm-none-eabi/4.6.2/../../../../arm-none-eabi/lib/thumb/v7m\libstdc++.a(eh_exception.o)
                0x0000b8bc                __cxxabiv1::__forced_unwind::~__forced_unwind()
                0x0000b8bc                __cxxabiv1::__forced_unwind::~__forced_unwind()
 .text._ZN10__cxxabiv119__foreign_exceptionD2Ev
                0x0000b8c8        0xc c:/users/montoya/documents/classes/cmpe146/lab/cmpe146package_lpc1758/yagarto/bin/../lib/gcc/arm-none-eabi/4.6.2/../../../../arm-none-eabi/lib/thumb/v7m\libstdc++.a(eh_exception.o)
                0x0000b8c8                __cxxabiv1::__foreign_exception::~__foreign_exception()
                0x0000b8c8                __cxxabiv1::__foreign_exception::~__foreign_exception()
 .text._ZNKSt9exception4whatEv
                0x0000b8d4        0xc c:/users/montoya/documents/classes/cmpe146/lab/cmpe146package_lpc1758/yagarto/bin/../lib/gcc/arm-none-eabi/4.6.2/../../../../arm-none-eabi/lib/thumb/v7m\libstdc++.a(eh_exception.o)
                0x0000b8d4                std::exception::what() const
 .text._ZNKSt13bad_exception4whatEv
                0x0000b8e0        0xc c:/users/montoya/documents/classes/cmpe146/lab/cmpe146package_lpc1758/yagarto/bin/../lib/gcc/arm-none-eabi/4.6.2/../../../../arm-none-eabi/lib/thumb/v7m\libstdc++.a(eh_exception.o)
                0x0000b8e0                std::bad_exception::what() const
 .text._ZN10__cxxabiv119__foreign_exceptionD0Ev
                0x0000b8ec       0x14 c:/users/montoya/documents/classes/cmpe146/lab/cmpe146package_lpc1758/yagarto/bin/../lib/gcc/arm-none-eabi/4.6.2/../../../../arm-none-eabi/lib/thumb/v7m\libstdc++.a(eh_exception.o)
                0x0000b8ec                __cxxabiv1::__foreign_exception::~__foreign_exception()
 .text._ZN10__cxxabiv115__forced_unwindD0Ev
                0x0000b900       0x14 c:/users/montoya/documents/classes/cmpe146/lab/cmpe146package_lpc1758/yagarto/bin/../lib/gcc/arm-none-eabi/4.6.2/../../../../arm-none-eabi/lib/thumb/v7m\libstdc++.a(eh_exception.o)
                0x0000b900                __cxxabiv1::__forced_unwind::~__forced_unwind()
 .text._ZNSt13bad_exceptionD0Ev
                0x0000b914       0x14 c:/users/montoya/documents/classes/cmpe146/lab/cmpe146package_lpc1758/yagarto/bin/../lib/gcc/arm-none-eabi/4.6.2/../../../../arm-none-eabi/lib/thumb/v7m\libstdc++.a(eh_exception.o)
                0x0000b914                std::bad_exception::~bad_exception()
 .text._ZNSt9exceptionD0Ev
                0x0000b928       0x14 c:/users/montoya/documents/classes/cmpe146/lab/cmpe146package_lpc1758/yagarto/bin/../lib/gcc/arm-none-eabi/4.6.2/../../../../arm-none-eabi/lib/thumb/v7m\libstdc++.a(eh_exception.o)
                0x0000b928                std::exception::~exception()
 .text          0x0000b93c        0x0 c:/users/montoya/documents/classes/cmpe146/lab/cmpe146package_lpc1758/yagarto/bin/../lib/gcc/arm-none-eabi/4.6.2/../../../../arm-none-eabi/lib/thumb/v7m\libstdc++.a(eh_globals.o)
 .text.__cxa_get_globals_fast
                0x0000b93c        0xc c:/users/montoya/documents/classes/cmpe146/lab/cmpe146package_lpc1758/yagarto/bin/../lib/gcc/arm-none-eabi/4.6.2/../../../../arm-none-eabi/lib/thumb/v7m\libstdc++.a(eh_globals.o)
                0x0000b93c                __cxa_get_globals_fast
 .text.__cxa_get_globals
                0x0000b948        0xc c:/users/montoya/documents/classes/cmpe146/lab/cmpe146package_lpc1758/yagarto/bin/../lib/gcc/arm-none-eabi/4.6.2/../../../../arm-none-eabi/lib/thumb/v7m\libstdc++.a(eh_globals.o)
                0x0000b948                __cxa_get_globals
 .text          0x0000b954        0x0 c:/users/montoya/documents/classes/cmpe146/lab/cmpe146package_lpc1758/yagarto/bin/../lib/gcc/arm-none-eabi/4.6.2/../../../../arm-none-eabi/lib/thumb/v7m\libstdc++.a(eh_terminate.o)
 .text._ZN10__cxxabiv111__terminateEPFvvE
                0x0000b954       0x28 c:/users/montoya/documents/classes/cmpe146/lab/cmpe146package_lpc1758/yagarto/bin/../lib/gcc/arm-none-eabi/4.6.2/../../../../arm-none-eabi/lib/thumb/v7m\libstdc++.a(eh_terminate.o)
                0x0000b954                __cxxabiv1::__terminate(void (*)())
 .text._ZSt9terminatev
                0x0000b97c       0x10 c:/users/montoya/documents/classes/cmpe146/lab/cmpe146package_lpc1758/yagarto/bin/../lib/gcc/arm-none-eabi/4.6.2/../../../../arm-none-eabi/lib/thumb/v7m\libstdc++.a(eh_terminate.o)
                0x0000b97c                std::terminate()
 .text._ZN10__cxxabiv112__unexpectedEPFvvE
                0x0000b98c        0x8 c:/users/montoya/documents/classes/cmpe146/lab/cmpe146package_lpc1758/yagarto/bin/../lib/gcc/arm-none-eabi/4.6.2/../../../../arm-none-eabi/lib/thumb/v7m\libstdc++.a(eh_terminate.o)
                0x0000b98c                __cxxabiv1::__unexpected(void (*)())
 .text._ZSt10unexpectedv
                0x0000b994       0x14 c:/users/montoya/documents/classes/cmpe146/lab/cmpe146package_lpc1758/yagarto/bin/../lib/gcc/arm-none-eabi/4.6.2/../../../../arm-none-eabi/lib/thumb/v7m\libstdc++.a(eh_terminate.o)
                0x0000b994                std::unexpected()
 .text._ZSt13set_terminatePFvvE
                0x0000b9a8       0x10 c:/users/montoya/documents/classes/cmpe146/lab/cmpe146package_lpc1758/yagarto/bin/../lib/gcc/arm-none-eabi/4.6.2/../../../../arm-none-eabi/lib/thumb/v7m\libstdc++.a(eh_terminate.o)
                0x0000b9a8                std::set_terminate(void (*)())
 .text._ZSt14set_unexpectedPFvvE
                0x0000b9b8       0x10 c:/users/montoya/documents/classes/cmpe146/lab/cmpe146package_lpc1758/yagarto/bin/../lib/gcc/arm-none-eabi/4.6.2/../../../../arm-none-eabi/lib/thumb/v7m\libstdc++.a(eh_terminate.o)
                0x0000b9b8                std::set_unexpected(void (*)())
 .text          0x0000b9c8        0x0 c:/users/montoya/documents/classes/cmpe146/lab/cmpe146package_lpc1758/yagarto/bin/../lib/gcc/arm-none-eabi/4.6.2/../../../../arm-none-eabi/lib/thumb/v7m\libstdc++.a(eh_term_handler.o)
 .text          0x0000b9c8        0x0 c:/users/montoya/documents/classes/cmpe146/lab/cmpe146package_lpc1758/yagarto/bin/../lib/gcc/arm-none-eabi/4.6.2/../../../../arm-none-eabi/lib/thumb/v7m\libstdc++.a(eh_throw.o)
 .text._ZL23__gxx_exception_cleanup19_Unwind_Reason_CodeP21_Unwind_Control_Block
                0x0000b9c8       0x4c c:/users/montoya/documents/classes/cmpe146/lab/cmpe146package_lpc1758/yagarto/bin/../lib/gcc/arm-none-eabi/4.6.2/../../../../arm-none-eabi/lib/thumb/v7m\libstdc++.a(eh_throw.o)
 .text.__cxa_throw
                0x0000ba14       0x78 c:/users/montoya/documents/classes/cmpe146/lab/cmpe146package_lpc1758/yagarto/bin/../lib/gcc/arm-none-eabi/4.6.2/../../../../arm-none-eabi/lib/thumb/v7m\libstdc++.a(eh_throw.o)
                0x0000ba14                __cxa_throw
 .text.__cxa_rethrow
                0x0000ba8c       0x70 c:/users/montoya/documents/classes/cmpe146/lab/cmpe146package_lpc1758/yagarto/bin/../lib/gcc/arm-none-eabi/4.6.2/../../../../arm-none-eabi/lib/thumb/v7m\libstdc++.a(eh_throw.o)
                0x0000ba8c                __cxa_rethrow
 .text          0x0000bafc        0x0 c:/users/montoya/documents/classes/cmpe146/lab/cmpe146package_lpc1758/yagarto/bin/../lib/gcc/arm-none-eabi/4.6.2/../../../../arm-none-eabi/lib/thumb/v7m\libstdc++.a(eh_unex_handler.o)
 .text          0x0000bafc        0x0 c:/users/montoya/documents/classes/cmpe146/lab/cmpe146package_lpc1758/yagarto/bin/../lib/gcc/arm-none-eabi/4.6.2/../../../../arm-none-eabi/lib/thumb/v7m\libstdc++.a(eh_arm.o)
 .text.__cxa_end_cleanup
                0x0000bafc        0xc c:/users/montoya/documents/classes/cmpe146/lab/cmpe146package_lpc1758/yagarto/bin/../lib/gcc/arm-none-eabi/4.6.2/../../../../arm-none-eabi/lib/thumb/v7m\libstdc++.a(eh_arm.o)
                0x0000bafc                __cxa_end_cleanup
 .text.__cxa_type_match
                0x0000bb08       0xe4 c:/users/montoya/documents/classes/cmpe146/lab/cmpe146package_lpc1758/yagarto/bin/../lib/gcc/arm-none-eabi/4.6.2/../../../../arm-none-eabi/lib/thumb/v7m\libstdc++.a(eh_arm.o)
                0x0000bb08                __cxa_type_match
 .text.__cxa_begin_cleanup
                0x0000bbec       0x68 c:/users/montoya/documents/classes/cmpe146/lab/cmpe146package_lpc1758/yagarto/bin/../lib/gcc/arm-none-eabi/4.6.2/../../../../arm-none-eabi/lib/thumb/v7m\libstdc++.a(eh_arm.o)
                0x0000bbec                __cxa_begin_cleanup
 .text.__gnu_end_cleanup
                0x0000bc54       0x74 c:/users/montoya/documents/classes/cmpe146/lab/cmpe146package_lpc1758/yagarto/bin/../lib/gcc/arm-none-eabi/4.6.2/../../../../arm-none-eabi/lib/thumb/v7m\libstdc++.a(eh_arm.o)
                0x0000bc54                __gnu_end_cleanup
 .text          0x0000bcc8        0x0 c:/users/montoya/documents/classes/cmpe146/lab/cmpe146package_lpc1758/yagarto/bin/../lib/gcc/arm-none-eabi/4.6.2/../../../../arm-none-eabi/lib/thumb/v7m\libstdc++.a(eh_aux_runtime.o)
 .text.__cxa_bad_cast
                0x0000bcc8       0x24 c:/users/montoya/documents/classes/cmpe146/lab/cmpe146package_lpc1758/yagarto/bin/../lib/gcc/arm-none-eabi/4.6.2/../../../../arm-none-eabi/lib/thumb/v7m\libstdc++.a(eh_aux_runtime.o)
                0x0000bcc8                __cxa_bad_cast
 .text.__cxa_bad_typeid
                0x0000bcec       0x24 c:/users/montoya/documents/classes/cmpe146/lab/cmpe146package_lpc1758/yagarto/bin/../lib/gcc/arm-none-eabi/4.6.2/../../../../arm-none-eabi/lib/thumb/v7m\libstdc++.a(eh_aux_runtime.o)
                0x0000bcec                __cxa_bad_typeid
 .text          0x0000bd10        0x0 c:/users/montoya/documents/classes/cmpe146/lab/cmpe146package_lpc1758/yagarto/bin/../lib/gcc/arm-none-eabi/4.6.2/../../../../arm-none-eabi/lib/thumb/v7m\libstdc++.a(eh_call.o)
 .text.__cxa_call_terminate
                0x0000bd10       0x48 c:/users/montoya/documents/classes/cmpe146/lab/cmpe146package_lpc1758/yagarto/bin/../lib/gcc/arm-none-eabi/4.6.2/../../../../arm-none-eabi/lib/thumb/v7m\libstdc++.a(eh_call.o)
                0x0000bd10                __cxa_call_terminate
 .text.__cxa_call_unexpected
                0x0000bd58      0x11c c:/users/montoya/documents/classes/cmpe146/lab/cmpe146package_lpc1758/yagarto/bin/../lib/gcc/arm-none-eabi/4.6.2/../../../../arm-none-eabi/lib/thumb/v7m\libstdc++.a(eh_call.o)
                0x0000bd58                __cxa_call_unexpected
 .text          0x0000be74        0x0 c:/users/montoya/documents/classes/cmpe146/lab/cmpe146package_lpc1758/yagarto/bin/../lib/gcc/arm-none-eabi/4.6.2/../../../../arm-none-eabi/lib/thumb/v7m\libstdc++.a(eh_catch.o)
 .text.__cxa_get_exception_ptr
                0x0000be74        0x4 c:/users/montoya/documents/classes/cmpe146/lab/cmpe146package_lpc1758/yagarto/bin/../lib/gcc/arm-none-eabi/4.6.2/../../../../arm-none-eabi/lib/thumb/v7m\libstdc++.a(eh_catch.o)
                0x0000be74                __cxa_get_exception_ptr
 .text.__cxa_begin_catch
                0x0000be78       0x88 c:/users/montoya/documents/classes/cmpe146/lab/cmpe146package_lpc1758/yagarto/bin/../lib/gcc/arm-none-eabi/4.6.2/../../../../arm-none-eabi/lib/thumb/v7m\libstdc++.a(eh_catch.o)
                0x0000be78                __cxa_begin_catch
 .text.__cxa_end_catch
                0x0000bf00       0x90 c:/users/montoya/documents/classes/cmpe146/lab/cmpe146package_lpc1758/yagarto/bin/../lib/gcc/arm-none-eabi/4.6.2/../../../../arm-none-eabi/lib/thumb/v7m\libstdc++.a(eh_catch.o)
                0x0000bf00                __cxa_end_catch
 .text._ZSt18uncaught_exceptionv
                0x0000bf90       0x10 c:/users/montoya/documents/classes/cmpe146/lab/cmpe146package_lpc1758/yagarto/bin/../lib/gcc/arm-none-eabi/4.6.2/../../../../arm-none-eabi/lib/thumb/v7m\libstdc++.a(eh_catch.o)
                0x0000bf90                std::uncaught_exception()
 .text          0x0000bfa0        0x0 c:/users/montoya/documents/classes/cmpe146/lab/cmpe146package_lpc1758/yagarto/bin/../lib/gcc/arm-none-eabi/4.6.2/../../../../arm-none-eabi/lib/thumb/v7m\libstdc++.a(eh_personality.o)
 .text._ZL12read_sleb128PKhPl
                0x0000bfa0       0x3c c:/users/montoya/documents/classes/cmpe146/lab/cmpe146package_lpc1758/yagarto/bin/../lib/gcc/arm-none-eabi/4.6.2/../../../../arm-none-eabi/lib/thumb/v7m\libstdc++.a(eh_personality.o)
 .text._ZL28read_encoded_value_with_basehjPKhPj
                0x0000bfdc       0xc0 c:/users/montoya/documents/classes/cmpe146/lab/cmpe146package_lpc1758/yagarto/bin/../lib/gcc/arm-none-eabi/4.6.2/../../../../arm-none-eabi/lib/thumb/v7m\libstdc++.a(eh_personality.o)
 .text._ZL21base_of_encoded_valuehP15_Unwind_Context
                0x0000c09c       0x4c c:/users/montoya/documents/classes/cmpe146/lab/cmpe146package_lpc1758/yagarto/bin/../lib/gcc/arm-none-eabi/4.6.2/../../../../arm-none-eabi/lib/thumb/v7m\libstdc++.a(eh_personality.o)
 .text._ZL17parse_lsda_headerP15_Unwind_ContextPKhP16lsda_header_info.constprop.1
                0x0000c0e8       0x8c c:/users/montoya/documents/classes/cmpe146/lab/cmpe146package_lpc1758/yagarto/bin/../lib/gcc/arm-none-eabi/4.6.2/../../../../arm-none-eabi/lib/thumb/v7m\libstdc++.a(eh_personality.o)
 .text.__gxx_personality_v0
                0x0000c174      0x3a8 c:/users/montoya/documents/classes/cmpe146/lab/cmpe146package_lpc1758/yagarto/bin/../lib/gcc/arm-none-eabi/4.6.2/../../../../arm-none-eabi/lib/thumb/v7m\libstdc++.a(eh_personality.o)
                0x0000c174                __gxx_personality_v0
 .text          0x0000c51c        0x0 c:/users/montoya/documents/classes/cmpe146/lab/cmpe146package_lpc1758/yagarto/bin/../lib/gcc/arm-none-eabi/4.6.2/../../../../arm-none-eabi/lib/thumb/v7m\libstdc++.a(fundamental_type_info.o)
 .text._ZN10__cxxabiv123__fundamental_type_infoD2Ev
                0x0000c51c       0x14 c:/users/montoya/documents/classes/cmpe146/lab/cmpe146package_lpc1758/yagarto/bin/../lib/gcc/arm-none-eabi/4.6.2/../../../../arm-none-eabi/lib/thumb/v7m\libstdc++.a(fundamental_type_info.o)
                0x0000c51c                __cxxabiv1::__fundamental_type_info::~__fundamental_type_info()
                0x0000c51c                __cxxabiv1::__fundamental_type_info::~__fundamental_type_info()
 .text._ZN10__cxxabiv123__fundamental_type_infoD0Ev
                0x0000c530       0x1c c:/users/montoya/documents/classes/cmpe146/lab/cmpe146package_lpc1758/yagarto/bin/../lib/gcc/arm-none-eabi/4.6.2/../../../../arm-none-eabi/lib/thumb/v7m\libstdc++.a(fundamental_type_info.o)
                0x0000c530                __cxxabiv1::__fundamental_type_info::~__fundamental_type_info()
 .text          0x0000c54c        0x0 c:/users/montoya/documents/classes/cmpe146/lab/cmpe146package_lpc1758/yagarto/bin/../lib/gcc/arm-none-eabi/4.6.2/../../../../arm-none-eabi/lib/thumb/v7m\libstdc++.a(pointer_type_info.o)
 .text._ZNK10__cxxabiv119__pointer_type_info14__is_pointer_pEv
                0x0000c54c        0x4 c:/users/montoya/documents/classes/cmpe146/lab/cmpe146package_lpc1758/yagarto/bin/../lib/gcc/arm-none-eabi/4.6.2/../../../../arm-none-eabi/lib/thumb/v7m\libstdc++.a(pointer_type_info.o)
                0x0000c54c                __cxxabiv1::__pointer_type_info::__is_pointer_p() const
 .text._ZN10__cxxabiv119__pointer_type_infoD2Ev
                0x0000c550       0x14 c:/users/montoya/documents/classes/cmpe146/lab/cmpe146package_lpc1758/yagarto/bin/../lib/gcc/arm-none-eabi/4.6.2/../../../../arm-none-eabi/lib/thumb/v7m\libstdc++.a(pointer_type_info.o)
                0x0000c550                __cxxabiv1::__pointer_type_info::~__pointer_type_info()
                0x0000c550                __cxxabiv1::__pointer_type_info::~__pointer_type_info()
 .text._ZN10__cxxabiv119__pointer_type_infoD0Ev
                0x0000c564       0x1c c:/users/montoya/documents/classes/cmpe146/lab/cmpe146package_lpc1758/yagarto/bin/../lib/gcc/arm-none-eabi/4.6.2/../../../../arm-none-eabi/lib/thumb/v7m\libstdc++.a(pointer_type_info.o)
                0x0000c564                __cxxabiv1::__pointer_type_info::~__pointer_type_info()
 .text._ZNK10__cxxabiv119__pointer_type_info15__pointer_catchEPKNS_17__pbase_type_infoEPPvj
                0x0000c580       0x48 c:/users/montoya/documents/classes/cmpe146/lab/cmpe146package_lpc1758/yagarto/bin/../lib/gcc/arm-none-eabi/4.6.2/../../../../arm-none-eabi/lib/thumb/v7m\libstdc++.a(pointer_type_info.o)
                0x0000c580                __cxxabiv1::__pointer_type_info::__pointer_catch(__cxxabiv1::__pbase_type_info const*, void**, unsigned int) const
 .text          0x0000c5c8        0x0 c:/users/montoya/documents/classes/cmpe146/lab/cmpe146package_lpc1758/yagarto/bin/../lib/gcc/arm-none-eabi/4.6.2/../../../../arm-none-eabi/lib/thumb/v7m\libstdc++.a(bad_cast.o)
 .text._ZNKSt8bad_cast4whatEv
                0x0000c5c8        0xc c:/users/montoya/documents/classes/cmpe146/lab/cmpe146package_lpc1758/yagarto/bin/../lib/gcc/arm-none-eabi/4.6.2/../../../../arm-none-eabi/lib/thumb/v7m\libstdc++.a(bad_cast.o)
                0x0000c5c8                std::bad_cast::what() const
 .text._ZNSt8bad_castD2Ev
                0x0000c5d4       0x14 c:/users/montoya/documents/classes/cmpe146/lab/cmpe146package_lpc1758/yagarto/bin/../lib/gcc/arm-none-eabi/4.6.2/../../../../arm-none-eabi/lib/thumb/v7m\libstdc++.a(bad_cast.o)
                0x0000c5d4                std::bad_cast::~bad_cast()
                0x0000c5d4                std::bad_cast::~bad_cast()
 .text._ZNSt8bad_castD0Ev
                0x0000c5e8       0x1c c:/users/montoya/documents/classes/cmpe146/lab/cmpe146package_lpc1758/yagarto/bin/../lib/gcc/arm-none-eabi/4.6.2/../../../../arm-none-eabi/lib/thumb/v7m\libstdc++.a(bad_cast.o)
                0x0000c5e8                std::bad_cast::~bad_cast()
 .text          0x0000c604        0x0 c:/users/montoya/documents/classes/cmpe146/lab/cmpe146package_lpc1758/yagarto/bin/../lib/gcc/arm-none-eabi/4.6.2/../../../../arm-none-eabi/lib/thumb/v7m\libstdc++.a(bad_typeid.o)
 .text._ZNKSt10bad_typeid4whatEv
                0x0000c604        0xc c:/users/montoya/documents/classes/cmpe146/lab/cmpe146package_lpc1758/yagarto/bin/../lib/gcc/arm-none-eabi/4.6.2/../../../../arm-none-eabi/lib/thumb/v7m\libstdc++.a(bad_typeid.o)
                0x0000c604                std::bad_typeid::what() const
 .text._ZNSt10bad_typeidD2Ev
                0x0000c610       0x14 c:/users/montoya/documents/classes/cmpe146/lab/cmpe146package_lpc1758/yagarto/bin/../lib/gcc/arm-none-eabi/4.6.2/../../../../arm-none-eabi/lib/thumb/v7m\libstdc++.a(bad_typeid.o)
                0x0000c610                std::bad_typeid::~bad_typeid()
                0x0000c610                std::bad_typeid::~bad_typeid()
 .text._ZNSt10bad_typeidD0Ev
                0x0000c624       0x1c c:/users/montoya/documents/classes/cmpe146/lab/cmpe146package_lpc1758/yagarto/bin/../lib/gcc/arm-none-eabi/4.6.2/../../../../arm-none-eabi/lib/thumb/v7m\libstdc++.a(bad_typeid.o)
                0x0000c624                std::bad_typeid::~bad_typeid()
 .text          0x0000c640        0x0 c:/users/montoya/documents/classes/cmpe146/lab/cmpe146package_lpc1758/yagarto/bin/../lib/gcc/arm-none-eabi/4.6.2/../../../../arm-none-eabi/lib/thumb/v7m\libstdc++.a(pbase_type_info.o)
 .text._ZNK10__cxxabiv117__pbase_type_info15__pointer_catchEPKS0_PPvj
                0x0000c640       0x14 c:/users/montoya/documents/classes/cmpe146/lab/cmpe146package_lpc1758/yagarto/bin/../lib/gcc/arm-none-eabi/4.6.2/../../../../arm-none-eabi/lib/thumb/v7m\libstdc++.a(pbase_type_info.o)
                0x0000c640                __cxxabiv1::__pbase_type_info::__pointer_catch(__cxxabiv1::__pbase_type_info const*, void**, unsigned int) const
 .text._ZN10__cxxabiv117__pbase_type_infoD2Ev
                0x0000c654       0x14 c:/users/montoya/documents/classes/cmpe146/lab/cmpe146package_lpc1758/yagarto/bin/../lib/gcc/arm-none-eabi/4.6.2/../../../../arm-none-eabi/lib/thumb/v7m\libstdc++.a(pbase_type_info.o)
                0x0000c654                __cxxabiv1::__pbase_type_info::~__pbase_type_info()
                0x0000c654                __cxxabiv1::__pbase_type_info::~__pbase_type_info()
 .text._ZN10__cxxabiv117__pbase_type_infoD0Ev
                0x0000c668       0x1c c:/users/montoya/documents/classes/cmpe146/lab/cmpe146package_lpc1758/yagarto/bin/../lib/gcc/arm-none-eabi/4.6.2/../../../../arm-none-eabi/lib/thumb/v7m\libstdc++.a(pbase_type_info.o)
                0x0000c668                __cxxabiv1::__pbase_type_info::~__pbase_type_info()
 .text._ZNK10__cxxabiv117__pbase_type_info10__do_catchEPKSt9type_infoPPvj
                0x0000c684       0x6c c:/users/montoya/documents/classes/cmpe146/lab/cmpe146package_lpc1758/yagarto/bin/../lib/gcc/arm-none-eabi/4.6.2/../../../../arm-none-eabi/lib/thumb/v7m\libstdc++.a(pbase_type_info.o)
                0x0000c684                __cxxabiv1::__pbase_type_info::__do_catch(std::type_info const*, void**, unsigned int) const
 .text          0x0000c6f0      0x370 c:/users/montoya/documents/classes/cmpe146/lab/cmpe146package_lpc1758/yagarto/bin/../lib/gcc/arm-none-eabi/4.6.2/thumb/v7m\libgcc.a(_arm_addsubdf3.o)
                0x0000c6f0                __aeabi_drsub
                0x0000c6f8                __aeabi_dsub
                0x0000c6f8                __subdf3
                0x0000c6fc                __aeabi_dadd
                0x0000c6fc                __adddf3
                0x0000c974                __floatunsidf
                0x0000c974                __aeabi_ui2d
                0x0000c994                __floatsidf
                0x0000c994                __aeabi_i2d
                0x0000c9b8                __aeabi_f2d
                0x0000c9b8                __extendsfdf2
                0x0000c9f4                __floatundidf
                0x0000c9f4                __aeabi_ul2d
                0x0000ca04                __floatdidf
                0x0000ca04                __aeabi_l2d
 .text          0x0000ca60      0x424 c:/users/montoya/documents/classes/cmpe146/lab/cmpe146package_lpc1758/yagarto/bin/../lib/gcc/arm-none-eabi/4.6.2/thumb/v7m\libgcc.a(_arm_muldivdf3.o)
                0x0000ca60                __aeabi_dmul
                0x0000ca60                __muldf3
                0x0000ccb4                __divdf3
                0x0000ccb4                __aeabi_ddiv
 .text          0x0000ce84      0x110 c:/users/montoya/documents/classes/cmpe146/lab/cmpe146package_lpc1758/yagarto/bin/../lib/gcc/arm-none-eabi/4.6.2/thumb/v7m\libgcc.a(_arm_cmpdf2.o)
                0x0000ce84                __gtdf2
                0x0000ce84                __gedf2
                0x0000ce8c                __ltdf2
                0x0000ce8c                __ledf2
                0x0000ce94                __nedf2
                0x0000ce94                __eqdf2
                0x0000ce94                __cmpdf2
                0x0000cf10                __aeabi_cdrcmple
                0x0000cf20                __aeabi_cdcmpeq
                0x0000cf20                __aeabi_cdcmple
                0x0000cf30                __aeabi_dcmpeq
                0x0000cf44                __aeabi_dcmplt
                0x0000cf58                __aeabi_dcmple
                0x0000cf6c                __aeabi_dcmpge
                0x0000cf80                __aeabi_dcmpgt
 .text          0x0000cf94       0x50 c:/users/montoya/documents/classes/cmpe146/lab/cmpe146package_lpc1758/yagarto/bin/../lib/gcc/arm-none-eabi/4.6.2/thumb/v7m\libgcc.a(_arm_fixdfsi.o)
                0x0000cf94                __aeabi_d2iz
                0x0000cf94                __fixdfsi
 .text          0x0000cfe4       0x40 c:/users/montoya/documents/classes/cmpe146/lab/cmpe146package_lpc1758/yagarto/bin/../lib/gcc/arm-none-eabi/4.6.2/thumb/v7m\libgcc.a(_arm_fixunsdfsi.o)
                0x0000cfe4                __aeabi_d2uiz
                0x0000cfe4                __fixunsdfsi
 .text          0x0000d024       0xa0 c:/users/montoya/documents/classes/cmpe146/lab/cmpe146package_lpc1758/yagarto/bin/../lib/gcc/arm-none-eabi/4.6.2/thumb/v7m\libgcc.a(_arm_truncdfsf2.o)
                0x0000d024                __truncdfsf2
                0x0000d024                __aeabi_d2f
 .text          0x0000d0c4      0x21c c:/users/montoya/documents/classes/cmpe146/lab/cmpe146package_lpc1758/yagarto/bin/../lib/gcc/arm-none-eabi/4.6.2/thumb/v7m\libgcc.a(_arm_addsubsf3.o)
                0x0000d0c4                __aeabi_frsub
                0x0000d0cc                __subsf3
                0x0000d0cc                __aeabi_fsub
                0x0000d0d0                __aeabi_fadd
                0x0000d0d0                __addsf3
                0x0000d230                __aeabi_ui2f
                0x0000d230                __floatunsisf
                0x0000d238                __aeabi_i2f
                0x0000d238                __floatsisf
                0x0000d254                __aeabi_ul2f
                0x0000d254                __floatundisf
                0x0000d264                __aeabi_l2f
                0x0000d264                __floatdisf
 .text          0x0000d2e0      0x2a0 c:/users/montoya/documents/classes/cmpe146/lab/cmpe146package_lpc1758/yagarto/bin/../lib/gcc/arm-none-eabi/4.6.2/thumb/v7m\libgcc.a(_arm_muldivsf3.o)
                0x0000d2e0                __mulsf3
                0x0000d2e0                __aeabi_fmul
                0x0000d448                __aeabi_fdiv
                0x0000d448                __divsf3
 .text          0x0000d580       0xec c:/users/montoya/documents/classes/cmpe146/lab/cmpe146package_lpc1758/yagarto/bin/../lib/gcc/arm-none-eabi/4.6.2/thumb/v7m\libgcc.a(_arm_cmpsf2.o)
                0x0000d580                __gesf2
                0x0000d580                __gtsf2
                0x0000d588                __lesf2
                0x0000d588                __ltsf2
                0x0000d590                __nesf2
                0x0000d590                __eqsf2
                0x0000d590                __cmpsf2
                0x0000d5f0                __aeabi_cfrcmple
                0x0000d5f8                __aeabi_cfcmpeq
                0x0000d5f8                __aeabi_cfcmple
                0x0000d608                __aeabi_fcmpeq
                0x0000d61c                __aeabi_fcmplt
                0x0000d630                __aeabi_fcmple
                0x0000d644                __aeabi_fcmpge
                0x0000d658                __aeabi_fcmpgt
 .text          0x0000d66c       0x4c c:/users/montoya/documents/classes/cmpe146/lab/cmpe146package_lpc1758/yagarto/bin/../lib/gcc/arm-none-eabi/4.6.2/thumb/v7m\libgcc.a(_arm_fixsfsi.o)
                0x0000d66c                __aeabi_f2iz
                0x0000d66c                __fixsfsi
 .text          0x0000d6b8      0xa10 c:/users/montoya/documents/classes/cmpe146/lab/cmpe146package_lpc1758/yagarto/bin/../lib/gcc/arm-none-eabi/4.6.2/thumb/v7m\libgcc.a(unwind-arm.o)
                0x0000d974                _Unwind_VRS_Get
                0x0000d9c0                _Unwind_VRS_Set
                0x0000dcd4                __aeabi_unwind_cpp_pr2
                0x0000dcd8                __aeabi_unwind_cpp_pr1
                0x0000dcdc                __aeabi_unwind_cpp_pr0
                0x0000dce0                _Unwind_VRS_Pop
                0x0000df70                _Unwind_GetCFA
                0x0000df74                __gnu_Unwind_RaiseException
                0x0000dfd4                __gnu_Unwind_ForcedUnwind
                0x0000dfe8                __gnu_Unwind_Resume
                0x0000e024                __gnu_Unwind_Resume_or_Rethrow
                0x0000e034                _Unwind_Complete
                0x0000e038                _Unwind_DeleteException
                0x0000e048                __gnu_Unwind_Backtrace