Archive member included because of file (symbol)

c:/users/montoya/documents/classes/cmpe146/lab/cmpe146package_lpc1758/yagarto/bin/../lib/gcc/arm-none-eabi/4.6.2/../../../../arm-none-eabi/lib/thumb/v7m\libstdc++.a(guard.o)
                              ./L5_Application/source/handlers.o (__cxa_guard_acquire)
c:/users/montoya/documents/classes/cmpe146/lab/cmpe146package_lpc1758/yagarto/bin/../lib/gcc/arm-none-eabi/4.6.2/../../../../arm-none-eabi/lib/thumb/v7m\libstdc++.a(guard_error.o)
                              c:/users/montoya/documents/classes/cmpe146/lab/cmpe146package_lpc1758/yagarto/bin/../lib/gcc/arm-none-eabi/4.6.2/../../../../arm-none-eabi/lib/thumb/v7m\libstdc++.a(guard.o) (typeinfo for __gnu_cxx::recursive_init_error)
c:/users/montoya/documents/classes/cmpe146/lab/cmpe146package_lpc1758/yagarto/bin/../lib/gcc/arm-none-eabi/4.6.2/../../../../arm-none-eabi/lib/thumb/v7m\libstdc++.a(pure.o)
                              ./L5_Application/source/tasks.o (__cxa_pure_virtual)
c:/users/montoya/documents/classes/cmpe146/lab/cmpe146package_lpc1758/yagarto/bin/../lib/gcc/arm-none-eabi/4.6.2/../../../../arm-none-eabi/lib/thumb/v7m\libstdc++.a(si_class_type_info.o)
                              c:/users/montoya/documents/classes/cmpe146/lab/cmpe146package_lpc1758/yagarto/bin/../lib/gcc/arm-none-eabi/4.6.2/../../../../arm-none-eabi/lib/thumb/v7m\libstdc++.a(guard_error.o) (vtable for __cxxabiv1::__si_class_type_info)
c:/users/montoya/documents/classes/cmpe146/lab/cmpe146package_lpc1758/yagarto/bin/../lib/gcc/arm-none-eabi/4.6.2/../../../../arm-none-eabi/lib/thumb/v7m\libstdc++.a(tinfo.o)
                              c:/users/montoya/documents/classes/cmpe146/lab/cmpe146package_lpc1758/yagarto/bin/../lib/gcc/arm-none-eabi/4.6.2/../../../../arm-none-eabi/lib/thumb/v7m\libstdc++.a(si_class_type_info.o) (std::type_info::__is_pointer_p() const)
c:/users/montoya/documents/classes/cmpe146/lab/cmpe146package_lpc1758/yagarto/bin/../lib/gcc/arm-none-eabi/4.6.2/../../../../arm-none-eabi/lib/thumb/v7m\libstdc++.a(class_type_info.o)
                              c:/users/montoya/documents/classes/cmpe146/lab/cmpe146package_lpc1758/yagarto/bin/../lib/gcc/arm-none-eabi/4.6.2/../../../../arm-none-eabi/lib/thumb/v7m\libstdc++.a(si_class_type_info.o) (__cxxabiv1::__class_type_info::__do_upcast(__cxxabiv1::__class_type_info const*, void**) const)
c:/users/montoya/documents/classes/cmpe146/lab/cmpe146package_lpc1758/yagarto/bin/../lib/gcc/arm-none-eabi/4.6.2/../../../../arm-none-eabi/lib/thumb/v7m\libstdc++.a(eh_alloc.o)
                              c:/users/montoya/documents/classes/cmpe146/lab/cmpe146package_lpc1758/yagarto/bin/../lib/gcc/arm-none-eabi/4.6.2/../../../../arm-none-eabi/lib/thumb/v7m\libstdc++.a(guard.o) (__cxa_allocate_exception)
c:/users/montoya/documents/classes/cmpe146/lab/cmpe146package_lpc1758/yagarto/bin/../lib/gcc/arm-none-eabi/4.6.2/../../../../arm-none-eabi/lib/thumb/v7m\libstdc++.a(eh_exception.o)
                              c:/users/montoya/documents/classes/cmpe146/lab/cmpe146package_lpc1758/yagarto/bin/../lib/gcc/arm-none-eabi/4.6.2/../../../../arm-none-eabi/lib/thumb/v7m\libstdc++.a(guard_error.o) (std::exception::~exception())
c:/users/montoya/documents/classes/cmpe146/lab/cmpe146package_lpc1758/yagarto/bin/../lib/gcc/arm-none-eabi/4.6.2/../../../../arm-none-eabi/lib/thumb/v7m\libstdc++.a(eh_globals.o)
                              c:/users/montoya/documents/classes/cmpe146/lab/cmpe146package_lpc1758/yagarto/bin/../lib/gcc/arm-none-eabi/4.6.2/../../../../arm-none-eabi/lib/thumb/v7m\libstdc++.a(eh_alloc.o) (__cxa_get_globals)
c:/users/montoya/documents/classes/cmpe146/lab/cmpe146package_lpc1758/yagarto/bin/../lib/gcc/arm-none-eabi/4.6.2/../../../../arm-none-eabi/lib/thumb/v7m\libstdc++.a(eh_terminate.o)
                              c:/users/montoya/documents/classes/cmpe146/lab/cmpe146package_lpc1758/yagarto/bin/../lib/gcc/arm-none-eabi/4.6.2/../../../../arm-none-eabi/lib/thumb/v7m\libstdc++.a(pure.o) (std::terminate())
c:/users/montoya/documents/classes/cmpe146/lab/cmpe146package_lpc1758/yagarto/bin/../lib/gcc/arm-none-eabi/4.6.2/../../../../arm-none-eabi/lib/thumb/v7m\libstdc++.a(eh_term_handler.o)
                              c:/users/montoya/documents/classes/cmpe146/lab/cmpe146package_lpc1758/yagarto/bin/../lib/gcc/arm-none-eabi/4.6.2/../../../../arm-none-eabi/lib/thumb/v7m\libstdc++.a(eh_terminate.o) (__cxxabiv1::__terminate_handler)
c:/users/montoya/documents/classes/cmpe146/lab/cmpe146package_lpc1758/yagarto/bin/../lib/gcc/arm-none-eabi/4.6.2/../../../../arm-none-eabi/lib/thumb/v7m\libstdc++.a(eh_throw.o)
                              c:/users/montoya/documents/classes/cmpe146/lab/cmpe146package_lpc1758/yagarto/bin/../lib/gcc/arm-none-eabi/4.6.2/../../../../arm-none-eabi/lib/thumb/v7m\libstdc++.a(guard.o) (__cxa_throw)
[...]
Memory Configuration

Name             Origin             Length             Attributes
MFlash512        0x00001000         0x00080000         xr
RamLoc32         0x10000000         0x00008000         xrw
RamAHB32         0x2007c000         0x00008000         xrw
*default*        0x00000000         0xffffffff

Linker script and memory map

LOAD ./newlib/memory.o
LOAD ./newlib/printf_lib.o
LOAD ./newlib/syscalls.o
LOAD ./L5_Application/source/handlers.o
LOAD ./L5_Application/source/high_level_init.o
LOAD ./L5_Application/source/misc.o
LOAD ./L5_Application/source/tasks.o
LOAD ./L5_Application/ServoMotors/servoMotor.o
LOAD ./L5_Application/LightSensors/lightSensors.o
LOAD ./L5_Application/main.o
LOAD ./L4_IO/src/io_source.o
LOAD ./L4_IO/src/storage.o
LOAD ./L4_IO/fat/option/ccsbcs.o
LOAD ./L4_IO/fat/option/reentrant.o
LOAD ./L4_IO/fat/disk/diskio.o
LOAD ./L4_IO/fat/disk/sd.o
LOAD ./L4_IO/fat/disk/spi_flash.o
LOAD ./L4_IO/fat/fatfs_time.o
LOAD ./L4_IO/fat/ff.o
LOAD ./L3_Utils/tlm/src/c_list.o
LOAD ./L3_Utils/tlm/src/c_tlm_binary.o
LOAD ./L3_Utils/tlm/src/c_tlm_comp.o
LOAD ./L3_Utils/tlm/src/c_tlm_stream.o
LOAD ./L3_Utils/tlm/src/c_tlm_var.o
LOAD ./L3_Utils/src/command_handler.o
LOAD ./L3_Utils/src/cpp_task.o
LOAD ./L3_Utils/src/file_logger.o
LOAD ./L3_Utils/src/freertos_timer.o
LOAD ./L3_Utils/src/logger.o
LOAD ./L3_Utils/src/rit_isr.o
LOAD ./L3_Utils/src/rtc_alarm.o
LOAD ./L3_Utils/src/str.o
LOAD ./L3_Utils/src/utilities.o
LOAD ./L2_Drivers/src/i2c2.o
LOAD ./L2_Drivers/src/i2c_base.o
LOAD ./L2_Drivers/src/pwm.o
LOAD ./L2_Drivers/src/rtc.o
LOAD ./L2_Drivers/src/spi1.o
LOAD ./L2_Drivers/src/spi_dma.o
LOAD ./L2_Drivers/src/uart0.o
LOAD ./L2_Drivers/src/uart2.o
LOAD ./L2_Drivers/src/uart3.o
LOAD ./L2_Drivers/src/uart_base.o
LOAD ./L2_Drivers/src/uart_iface.o
LOAD ./L1_FreeRTOS/src/croutine.o
LOAD ./L1_FreeRTOS/src/list.o
LOAD ./L1_FreeRTOS/src/queue.o
LOAD ./L1_FreeRTOS/src/tasks.o
LOAD ./L1_FreeRTOS/src/tasks.inc.o
LOAD ./L1_FreeRTOS/src/timers.o
LOAD ./L1_FreeRTOS/portable/port.o
LOAD ./L1_FreeRTOS/hooks/hooks.o
LOAD ./L1_FreeRTOS/MemMang/heap_3.o
LOAD ./L0_LowLevel/source/core_cm3.o
LOAD ./L0_LowLevel/source/cr_startup_lpc175x.o
LOAD ./L0_LowLevel/source/sys_clock.o
LOAD ./L0_LowLevel/source/system_init.o
LOAD ./L0_LowLevel/source/uart0_min.o
LOAD c:/users/montoya/documents/classes/cmpe146/lab/cmpe146package_lpc1758/yagarto/bin/../lib/gcc/arm-none-eabi/4.6.2/../../../../arm-none-eabi/lib/thumb/v7m\libstdc++.a
LOAD c:/users/montoya/documents/classes/cmpe146/lab/cmpe146package_lpc1758/yagarto/bin/../lib/gcc/arm-none-eabi/4.6.2/../../../../arm-none-eabi/lib/thumb/v7m\libm.a
START GROUP
LOAD c:/users/montoya/documents/classes/cmpe146/lab/cmpe146package_lpc1758/yagarto/bin/../lib/gcc/arm-none-eabi/4.6.2/thumb/v7m\libgcc.a
LOAD c:/users/montoya/documents/classes/cmpe146/lab/cmpe146package_lpc1758/yagarto/bin/../lib/gcc/arm-none-eabi/4.6.2/../../../../arm-none-eabi/lib/thumb/v7m\libc.a
END GROUP
                0x00080000                __top_MFlash512 = 0x80000
                0x10008000                __top_RamLoc32 = 0x10008000
                0x20084000                __top_RamAHB32 = 0x20084000

.text           0x00001000    0x187f8
 FILL mask 0xff
 *(.isr_vector)
 .isr_vector    0x00001000       0xcc ./L0_LowLevel/source/cr_startup_lpc175x.o
                0x00001000                g_pfnVectors
                0x000010cc                . = ALIGN (0x4)
                0x000010cc                __section_table_start = .
                0x000010cc                __data_section_table = .
                0x000010cc        0x4 LONG 0x19b2c LOADADDR (.data)
                0x000010d0        0x4 LONG 0x2007c000 ADDR (.data)
                0x000010d4        0x4 LONG 0x8e0 SIZEOF (.data)
                0x000010d8                __data_section_table_end = .
                0x000010d8                __bss_section_table = .
                0x000010d8        0x4 LONG 0x2007c8e0 ADDR (.bss)
                0x000010dc        0x4 LONG 0xcac SIZEOF (.bss)
                0x000010e0                __bss_section_table_end = .
                0x000010e0                __section_table_end = .
 *(.after_vectors*)
 .after_vectors
                0x000010e0      0x14c ./L0_LowLevel/source/cr_startup_lpc175x.o
                0x000010e0                HardFault_Handler
                0x000010fa                DebugMon_Handler
                0x00001108                UsageFault_Handler
                0x00001118                BusFault_Handler
                0x00001128                MemManage_Handler
                0x00001138                NMI_Handler
                0x00001148                data_init(unsigned int, unsigned int, unsigned int)
                0x0000115a                bss_init(unsigned int, unsigned int)
                0x0000116a                ResetISR
                0x000011ec                SVC_Handler
                0x000011fc                PendSV_Handler
                0x0000120c                SysTick_Handler
                0x0000121c                EINT3_IRQHandler
                0x0000121c                CANActivity_IRQHandler
                0x0000121c                TIMER3_IRQHandler
                0x0000121c                UART1_IRQHandler
                0x0000121c                IntDefaultHandler
                0x0000121c                PLL0_IRQHandler
                0x0000121c                PWM1_IRQHandler
                0x0000121c                PLL1_IRQHandler
                0x0000121c                EINT2_IRQHandler
                0x0000121c                I2S_IRQHandler
                0x0000121c                TIMER0_IRQHandler
                0x0000121c                SPI_IRQHandler
                0x0000121c                EINT1_IRQHandler
                0x0000121c                ADC_IRQHandler
                0x0000121c                SSP1_IRQHandler
                0x0000121c                USBActivity_IRQHandler
                0x0000121c                USB_IRQHandler
                0x0000121c                BOD_IRQHandler
                0x0000121c                SSP0_IRQHandler
                0x0000121c                I2C0_IRQHandler
                0x0000121c                WDT_IRQHandler
                0x0000121c                I2C1_IRQHandler
                0x0000121c                QEI_IRQHandler
                0x0000121c                EINT0_IRQHandler
                0x0000121c                CAN_IRQHandler
                0x0000121c                DMA_IRQHandler
                0x0000121c                TIMER2_IRQHandler
                0x0000121c                MCPWM_IRQHandler
                0x0000121c                ENET_IRQHandler
 *(.text*)
 .text          0x0000122c       0xe0 ./newlib/memory.o
                0x0000122c                _sbrk
                0x0000127c                operator new(unsigned int)
                0x00001280                operator new[](unsigned int)
                0x00001284                operator delete(void*)
                0x00001288                operator delete[](void*)
                0x0000128c                getMemoryInfo
                0x00001304                __aeabi_atexit
                0x00001308                __gnu_cxx::__verbose_terminate_handler()
 .text          0x0000130c       0x30 ./newlib/printf_lib.o
                0x0000130c                printf
                0x00001324                sprintf
 .text          0x0000133c       0xa0 ./newlib/syscalls.o
                0x0000133c                printMessageUponCriticalSystemError
                0x00001350                stdio_SetOutputCharFunction
                0x0000135c                stdio_SetInputCharFunction
                0x00001368                _kill
                0x0000136c                _exit
                0x0000136e                _getpid
                0x00001372                _init
                0x00001376                _write
                0x0000139c                _read
                0x000013c8                syscallsInit
                0x000013ca                _fstat
                0x000013ce                _isatty
                0x000013d2                _lseek
                0x000013d6                _close
 .text          0x000013dc      0x994 ./L5_Application/source/handlers.o
                0x000013dc                taskListHandler(str&, str&, void*, int)
                0x00001430                memInfoHandler(str&, str&, void*, int)
                0x0000144c                timeHandler(str&, str&, void*, int)
                0x00001580                cpHandler(str&, str&, void*, int)
                0x00001618                mkdirHandler(str&, str&, void*, int)
                0x00001644                rmHandler(str&, str&, void*, int)
                0x00001680                mvHandler(str&, str&, void*, int)
                0x000016e0                storageHandler(str&, str&, void*, int)
                0x000017b8                learnIrHandler(str&, str&, void*, int)
                0x000017dc                dcpHandler(str&, str&, void*, int)
                0x00001908                lsHandler(str&, str&, void*, int)
                0x00001aa4                catHandler(str&, str&, void*, int)
                0x00001b90                healthHandler(str&, str&, void*, int)
                0x00001cd0                rebootHandler(str&, str&, void*, int)
                0x00001d04                logHandler(str&, str&, void*, int)
 .text._ZN7Storage13getFlashDriveEv
                0x00001d70       0x48 ./L5_Application/source/handlers.o
                0x00001d70                Storage::getFlashDrive()
 .text._ZN7Storage10getSDDriveEv
                0x00001db8       0x4c ./L5_Application/source/handlers.o
                0x00001db8                Storage::getSDDrive()
 .text._ZN17SingletonTemplateI5Uart0E11getInstanceEv
                0x00001e04       0x20 ./L5_Application/source/handlers.o
                0x00001e04                SingletonTemplate<Uart0>::getInstance()
 .text._ZN17SingletonTemplateI10FileLoggerE11getInstanceEv
                0x00001e24       0x20 ./L5_Application/source/handlers.o
                0x00001e24                SingletonTemplate<FileLogger>::getInstance()
 .text          0x00001e44      0x334 ./L5_Application/source/high_level_init.o
                0x00001e44                printLine()
                0x00001e50                mountStorage(FileSystemObject&, char const*)
                0x00001ec8                copyLogFileToSDCard()
                0x00001f1c                initializeBoardIO()
                0x00001f74                discoverExternalDevsOnI2C()
                0x00001fb8                highLevelInitialize()
 .text.adc0_initialize
                0x00002178       0xc0 ./L5_Application/source/high_level_init.o
                0x00002178                adc0_initialize
 .text._ZN17SingletonTemplateI4I2C2E11getInstanceEv
                0x00002238       0x20 ./L5_Application/source/high_level_init.o
                0x00002238                SingletonTemplate<I2C2>::getInstance()
 .text          0x00002258       0x44 ./L5_Application/source/misc.o
                0x00002258                getHandles
 .text          0x0000229c      0x6b4 ./L5_Application/source/tasks.o
                0x0000229c                terminalTask::regTlm()
                0x000022a0                remoteTask::regTlm()
                0x000022a4                remoteTask::init()
                0x000022c2                terminalTask::init()
                0x00002474                terminalTask::terminalTask()
                0x00002474                terminalTask::terminalTask()
                0x000024ec                terminalTask::restoreTlm()
                0x000024ee                terminalTask::saveDiskTlm()
                0x000024f2                remoteTask::remoteTask()
                0x000024f2                remoteTask::remoteTask()
                0x0000252c                remoteTask::getNumberFromCode(unsigned long, unsigned long&)
                0x00002548                ServoDirectionTask(void*)
                0x00002598                getline(str&, int)
                0x00002670                terminalTask::run(void*)
                0x000026fc                terminalTask::taskEntry()
                0x00002740                remoteTask::taskEntry()
                0x0000274e                LightSensorsTask(void*)
                0x000027d4                remoteTask::run(void*)
 .text._ZN14scheduler_taskD2Ev
                0x00002950        0xc ./L5_Application/source/tasks.o
                0x00002950                scheduler_task::~scheduler_task()
                0x00002950                scheduler_task::~scheduler_task()
 .text._ZN14scheduler_task4initEv
                0x0000295c        0x4 ./L5_Application/source/tasks.o
                0x0000295c                scheduler_task::init()
 .text._ZN14scheduler_task6regTlmEv
                0x00002960        0x4 ./L5_Application/source/tasks.o
                0x00002960                scheduler_task::regTlm()
 .text._ZN14scheduler_task9taskEntryEv
                0x00002964        0x4 ./L5_Application/source/tasks.o
                0x00002964                scheduler_task::taskEntry()
 .text._ZN10remoteTaskD2Ev
                0x00002968        0xc ./L5_Application/source/tasks.o
                0x00002968                remoteTask::~remoteTask()
                0x00002968                remoteTask::~remoteTask()
 .text._ZN10remoteTaskD0Ev
                0x00002974       0x14 ./L5_Application/source/tasks.o
                0x00002974                remoteTask::~remoteTask()
 .text._ZN14scheduler_taskD0Ev
                0x00002988       0x14 ./L5_Application/source/tasks.o
                0x00002988                scheduler_task::~scheduler_task()
 .text._ZN12terminalTaskD2Ev
                0x0000299c       0x3c ./L5_Application/source/tasks.o
                0x0000299c                terminalTask::~terminalTask()
                0x0000299c                terminalTask::~terminalTask()
 .text._ZN12terminalTaskD0Ev
                0x000029d8       0x12 ./L5_Application/source/tasks.o
                0x000029d8                terminalTask::~terminalTask()
 *fill*         0x000029ea        0x2 00
 .text._ZN17SingletonTemplateI11LED_DisplayE11getInstanceEv
                0x000029ec       0x40 ./L5_Application/source/tasks.o
                0x000029ec                SingletonTemplate<LED_Display>::getInstance()
 .text._ZN17SingletonTemplateI9IR_SensorE11getInstanceEv
                0x00002a2c       0x18 ./L5_Application/source/tasks.o
                0x00002a2c                SingletonTemplate<IR_Sensor>::getInstance()
 *fill*         0x00002a44        0x4 00
 .text          0x00002a48       0xf0 ./L5_Application/ServoMotors/servoMotor.o
                0x00002a48                change_direction_withDegree(double, ServoMotors::Enum)
                0x00002ae8                initilize_motor()
 .text          0x00002b38      0x160 ./L5_Application/LightSensors/lightSensors.o
                0x00002b70                getDirectionTop(LightSensors::Enum)
                0x00002be4                getDirectionBase(LightSensors::Enum)
                0x00002c54                checkDegree(int)
                0x00002c94                setDegree(int, int)
 .text          0x00002c98        0x0 ./L5_Application/main.o
 .text.startup  0x00002c98       0x88 ./L5_Application/main.o
                0x00002c98                main
 .text          0x00002d20      0x508 ./L4_IO/src/io_source.o
                0x00002d20                Acceleration_Sensor::init()
                0x00002d42                Acceleration_Sensor::getX()
                0x00002d54                Acceleration_Sensor::getY()
                0x00002d66                Acceleration_Sensor::getZ()
                0x00002d78                TIMER1_IRQHandler
                0x00002e18                IR_Sensor::init()
                0x00002e94                IR_Sensor::isIRCodeReceived()
                0x00002ea8                IR_Sensor::getLastIRCode()
                0x00002ebc                LED_Display::setLeftDigit(char)
                0x00002ecc                LED_Display::setRightDigit(char)
                0x00002edc                LED_Display::setNumber(char)
                0x00002f12                LED_Display::clear()
                0x00002f26                LED_Display::init()
                0x00002f62                LED::init()
                0x00002f78                LED::setAll(char)
                0x00002fe0                LED::off(int)
                0x00002ff2                LED::on(int)
                0x00003004                Light_Sensor::init()
                0x00003028                Light_Sensor::getRawValue()
                0x0000302e                Light_Sensor::getPercentValue()
                0x00003040                Switches::init()
                0x00003050                Switches::getSwitchValues()
                0x0000305c                Switches::getSwitch(int)
                0x00003070                TemperatureSensor::init()
                0x00003092                TemperatureSensor::getCelsius()
                0x000030be                TemperatureSensor::getFarenheit()
                0x000030e4                Photo_Sensor::init()
                0x000030f0                Photo_Sensor::getRawValue()
                0x000030f6                Photo_Sensor::getServoValue()
                0x00003104                Photo_Sensor::getPercentValue()
                0x0000312c                Servo_Motor::init()
                0x00003150                Servo_Motor::change_direction(float)
                0x0000319c                Servo_Motor::set_degree(float)
 .text._ZN15I2C_Device_Base8writeRegEhh
                0x00003228       0x14 ./L4_IO/src/io_source.o
                0x00003228                I2C_Device_Base::writeReg(unsigned char, unsigned char)
 .text._ZN15I2C_Device_Base16get16BitRegisterEh
                0x0000323c       0x28 ./L4_IO/src/io_source.o
                0x0000323c                I2C_Device_Base::get16BitRegister(unsigned char)
 .text.adc0_getReading
                0x00003264       0x40 ./L4_IO/src/io_source.o
                0x00003264                adc0_getReading
 .text          0x000032a4      0x196 ./L4_IO/src/storage.o
                0x000032a4                Storage::copy(char const*, char const*, unsigned int*, unsigned int*, unsigned int*)
                0x00003372                Storage::read(char const*, void*, unsigned int, unsigned int)
                0x000033b4                Storage::write(char const*, void*, unsigned int, unsigned int)
                0x000033f6                Storage::append(char const*, void*, unsigned int, unsigned int)
 *fill*         0x0000343a        0x2 00
 .text          0x0000343c       0x64 ./L4_IO/fat/option/ccsbcs.o
                0x0000343c                ff_convert
                0x00003478                ff_wtoupper
 .text          0x000034a0       0x60 ./L4_IO/fat/option/reentrant.o
                0x000034a0                ff_cre_syncobj
                0x000034b4                ff_del_syncobj
                0x000034b8                ff_req_grant
                0x000034e2                ff_rel_grant
 .text          0x00003500      0x28c ./L4_IO/fat/disk/diskio.o
                0x00003500                diskio_initializeSPIMutex
                0x0000350c                disk_initialize
                0x0000357c                disk_status
                0x000035e4                disk_read
                0x00003674                disk_write
                0x00003704                disk_ioctl
 .text          0x0000378c      0x868 ./L4_IO/fat/disk/sd.o
                0x0000378c                wait_ready
                0x000037cc                sd_initializeCardSignals
                0x00003810                power_on
                0x00003812                power_off
                0x0000384c                chk_power
                0x00003860                rcvr_datablock
                0x0000390c                xmit_datablock
                0x00003984                send_cmd
                0x00003a64                sd_initialize
                0x00003bc0                sd_status
                0x00003bcc                sd_read
                0x00003c70                sd_write
                0x00003d34                sd_ioctl
                0x00003f94                sd_timerproc
 .text          0x00003ff4      0x224 ./L4_IO/fat/disk/spi_flash.o
                0x00004084                flash_InitializeSignals
                0x000040a8                flash_Initialize
                0x0000411c                flash_ReadSector
                0x0000419c                flash_WriteSector
                0x000041e6                flash_ioctl
 .text          0x00004218       0x4e ./L4_IO/fat/fatfs_time.o
                0x00004218                get_fattime
 *fill*         0x00004266        0x2 00
 .text          0x00004268     0x23a8 ./L4_IO/fat/ff.o
                0x000047f2                clust2sect
                0x00004808                get_fat
                0x00004936                put_fat
                0x00005180                gen_numname
                0x000053d0                f_mount
                0x00005440                f_open
                0x0000561c                f_read
                0x00005788                f_write
                0x0000593e                f_sync
                0x000059a0                f_close
                0x00005a00                f_lseek
                0x00005b32                f_opendir
                0x00005b96                f_readdir
                0x00005bf8                f_stat
                0x00005c40                f_getfree
                0x00005d16                f_truncate
                0x00005dae                f_unlink
                0x00005e6e                f_mkdir
                0x00005fca                f_chmod
                0x00006026                f_utime
                0x00006078                f_rename
                0x00006190                f_mkfs
 .text          0x00006610      0x894 ./L3_Utils/tlm/src/c_list.o
                0x00006610                del_callback
                0x00006620                del_callback_free
                0x00006638                c_list_create
                0x00006650                c_list_delete
                0x00006688                c_list_node_count
                0x0000668e                c_list_insert_elm_end
                0x000066be                c_list_insert_elm_beg
                0x000066e8                c_list_get_elm_at
                0x0000673c                c_list_find_elm
                0x00006784                c_list_delete_elm
                0x000067c8                c_list_for_each_elm
                0x0000680a                test_list
 .text          0x00006ea4        0x0 ./L3_Utils/tlm/src/c_tlm_binary.o
 .text          0x00006ea4        0x0 ./L3_Utils/tlm/src/c_tlm_comp.o
 .text          0x00006ea4        0x0 ./L3_Utils/tlm/src/c_tlm_stream.o
 .text          0x00006ea4        0x0 ./L3_Utils/tlm/src/c_tlm_var.o
 .text          0x00006ea4      0x26c ./L3_Utils/src/command_handler.o
                0x00006ea4                CommandProcessor::getRegisteredCommandList(str&)
                0x00006f28                CommandProcessor::getHelpText(str&, str&)
                0x00006f98                CommandProcessor::prepareCmdParam(str&, char const*, str&)
                0x00006fbc                CommandProcessor::handleCmd(str&, str&)
                0x00007090                CommandProcessor::handleCommand(char const*)
                0x000070e4                CommandProcessor::addHandler(void (*)(str&, str&, void*, int), char const*, char const*, void*, int)
 .text._ZN6VECTORIN16CommandProcessor16CmdProcessorTypeEE9push_backERKS1_
                0x00007110       0x62 ./L3_Utils/src/command_handler.o
                0x00007110                VECTOR<CommandProcessor::CmdProcessorType>::push_back(CommandProcessor::CmdProcessorType const&)
 *fill*         0x00007172        0x2 00
 .text          0x00007174      0x2d8 ./L3_Utils/src/cpp_task.o
                0x000071e0                scheduler_c_task_private(void*)
                0x000072e0                scheduler_init_all(bool)
                0x000073cc                scheduler_add_task(scheduler_task*)
                0x000073f0                scheduler_start(bool)
                0x00007420                scheduler_task::scheduler_task(char const*, unsigned long, unsigned char, void*)
                0x00007420                scheduler_task::scheduler_task(char const*, unsigned long, unsigned char, void*)
 .text          0x0000744c      0x174 ./L3_Utils/src/file_logger.o
                0x0000744c                SimpleLogger::handleCompletedBuffer(char*, unsigned int)
                0x00007454                FileLogger::getTimestamp()
                0x00007458                FileLogger::semGive()
                0x00007474                FileLogger::semTake()
                0x00007492                FileLogger::handleCompletedBuffer(char*, unsigned int)
                0x00007508                FileLogger::flush()
                0x00007522                FileLogger::FileLogger()
                0x00007522                FileLogger::FileLogger()
                0x00007554                SimpleLogger::SimpleLogger(char const*, char*, int)
                0x00007554                SimpleLogger::SimpleLogger(char const*, char*, int)
                0x00007580                SimpleLogger::printf(char const*, ...)
                0x000075ba                SimpleLogger::flush()
 .text._ZN10LoggerBaseD2Ev
                0x000075c0        0xc ./L3_Utils/src/file_logger.o
                0x000075c0                LoggerBase::~LoggerBase()
                0x000075c0                LoggerBase::~LoggerBase()
 .text._ZN10LoggerBase7semTakeEv
                0x000075cc        0x2 ./L3_Utils/src/file_logger.o
                0x000075cc                LoggerBase::semTake()
 .text._ZN10LoggerBase7semGiveEv
                0x000075ce        0x2 ./L3_Utils/src/file_logger.o
                0x000075ce                LoggerBase::semGive()
 .text._ZN10LoggerBase12getTimestampEv
                0x000075d0        0x4 ./L3_Utils/src/file_logger.o
                0x000075d0                LoggerBase::getTimestamp()
 .text._ZN12SimpleLoggerD2Ev
                0x000075d4        0xc ./L3_Utils/src/file_logger.o
                0x000075d4                SimpleLogger::~SimpleLogger()
                0x000075d4                SimpleLogger::~SimpleLogger()
 .text._ZN10FileLoggerD2Ev
                0x000075e0        0xc ./L3_Utils/src/file_logger.o
                0x000075e0                FileLogger::~FileLogger()
                0x000075e0                FileLogger::~FileLogger()
 .text._ZN10FileLoggerD0Ev
                0x000075ec       0x14 ./L3_Utils/src/file_logger.o
                0x000075ec                FileLogger::~FileLogger()
 .text._ZN12SimpleLoggerD0Ev
                0x00007600       0x14 ./L3_Utils/src/file_logger.o
                0x00007600                SimpleLogger::~SimpleLogger()
 .text._ZN10LoggerBaseD0Ev
                0x00007614       0x14 ./L3_Utils/src/file_logger.o
                0x00007614                LoggerBase::~LoggerBase()
 .text          0x00007628        0x0 ./L3_Utils/src/freertos_timer.o
 .text          0x00007628      0x2ac ./L3_Utils/src/logger.o
                0x00007628                LoggerBase::flush()
                0x0000763e                LoggerBase::log(char const*)
                0x0000768c                LoggerBase::logCsvMessage(char const*, char const*, char const*, char const*, int)
                0x000077a8                LoggerBase::logInfo(char const*, char const*, char const*, int)
                0x000077c4                LoggerBase::logInfoPrintf(char const*, char const*, int, char const*, ...)
                0x0000780a                LoggerBase::logWarn(char const*, char const*, char const*, int)
                0x00007828                LoggerBase::logWarnPrintf(char const*, char const*, int, char const*, ...)
                0x0000786e                LoggerBase::logError(char const*, char const*, char const*, int)
                0x0000788c                LoggerBase::logErrorPrintf(char const*, char const*, int, char const*, ...)
 .text          0x000078d4       0xc4 ./L3_Utils/src/rit_isr.o
                0x000078d4                RIT_IRQHandler
                0x00007918                rit_get_timer_value_ms
                0x00007924                rit_setup_callback
 .text          0x00007998      0x19c ./L3_Utils/src/rtc_alarm.o
                0x000079f8                rtc_EnableRecurringAlarm
                0x00007a50                rtc_CreateDailyAlarm
                0x00007aac                RTC_IRQHandler
 .text          0x00007b34      0xbd8 ./L3_Utils/src/str.o
                0x00007b34                str::toInt(char const*)
                0x00007b38                str::str(char*, int)
                0x00007b38                str::str(char*, int)
                0x00007b5e                str::~str()
                0x00007b5e                str::~str()
                0x00007b82                str::getLen() const
                0x00007b88                str::getCapacity() const
                0x00007b8c                str::clear()
                0x00007b94                str::toLower()
                0x00007bac                str::toUpper()
                0x00007bc4                str::scanf(char const*, ...)
                0x00007bde                str::compareTo(char const*) const
                0x00007bf4                str::compareToIgnoreCase(char const*) const
                0x00007c06                str::firstIndexOfIgnoreCase(char const*) const
                0x00007c84                str::containsIgnoreCase(char const*) const
                0x00007c92                str::firstIndexOf(char const*) const
                0x00007ca8                str::contains(char const*) const
                0x00007cb6                str::lastIndexOf(char const*) const
                0x00007cf8                str::countOf(char const*) const
                0x00007d2a                str::beginsWith(char const*) const
                0x00007d5c                str::beginsWithIgnoreCase(char const*) const
                0x00007d8e                str::beginsWithWholeWord(char const*, char) const
                0x00007dbe                str::beginsWithWholeWordIgnoreCase(char const*, char) const
                0x00007dee                str::endsWith(char const*) const
                0x00007e20                str::endsWithIgnoreCase(char const*) const
                0x00007e52                str::eraseFirst(int)
                0x00007e86                str::eraseLast(int)
                0x00007ea6                str::eraseAllAfter(int)
                0x00007ec8                str::eraseAfter(int, int)
                0x00007f0c                str::eraseCharAt(int)
                0x00007f10                str::erase(char const*)
                0x00007f36                str::eraseAllSpecialChars()
                0x00007f66                str::trimStart(char const*)
                0x00007fae                str::trimEnd(char const*)
                0x00007fee                str::isAllAlpha() const
                0x00008010                str::isAlphaNumeric() const
                0x00008032                str::isUint() const
                0x00008056                str::isInt() const
                0x00008086                str::checksum_Get()
                0x000080a4                str::checksum_Remove()
                0x000080bc                str::operator-=(char const*)
                0x000080be                str::operator-=(str const&)
                0x000080c2                str::operator==(char const*) const
                0x000080c4                str::operator==(str const&) const
                0x000080c8                str::operator==(int) const
                0x000080e0                str::operator!=(char const*) const
                0x000080ee                str::operator!=(str const&) const
                0x000080fe                str::operator!=(int) const
                0x00008110                str::operator<(char const*) const
                0x0000811c                str::operator<(int) const
                0x00008130                str::operator>(char const*) const
                0x00008142                str::operator>(int) const
                0x00008156                str::operator<=(char const*) const
                0x00008168                str::operator<=(int) const
                0x0000817c                str::operator>=(char const*) const
                0x0000818a                str::operator>=(int) const
                0x0000819e                str::operator()() const
                0x000081a2                str::operator int() const
                0x000081a8                str::operator[](int)
                0x000081be                str::reAllocateMem(int)
                0x00008200                str::ensureMemoryToInsertNChars(int)
                0x00008222                str::insertAt(int, char const*)
                0x00008284                str::replaceAll(char const*, char const*)
                0x000082c2                str::replaceLast(char const*, char const*)
                0x000082f6                str::replaceFirst(char const*, char const*)
                0x0000832a                str::insertAtBeg(char const*)
                0x00008330                str::insertAtEnd(char const*)
                0x00008352                str::append(char const*)
                0x00008354                str::operator+=(char)
                0x0000836a                str::operator+=(str const&)
                0x0000836e                str::operator+=(char const*)
                0x00008370                str::appendAsHex(unsigned int)
                0x0000838c                str::checksum_Append()
                0x000083ac                str::append(int)
                0x000083c8                str::str(int)
                0x000083c8                str::str(int)
                0x000083d4                str::str()
                0x000083d4                str::str()
                0x000083e2                str::reserve(int)
                0x000083ee                str::subString(int, int)
                0x00008458                str::getToken(char const*, bool)
                0x000084a0                str::subString(char, char)
                0x000084d4                str::subString(char const*, int)
                0x000084ea                str::subString(char, int)
                0x00008500                str::subString(int)
                0x00008518                str::subString(char const*)
                0x0000852a                str::subString(char)
                0x00008540                str::printf(char const*, ...)
                0x0000858e                str::copyFrom(char const*)
                0x000085ca                str::operator=(int)
                0x000085ec                str::operator-=(int)
                0x0000860a                str::operator--(int)
                0x0000860e                str::operator--()
                0x00008612                str::operator+=(int)
                0x00008630                str::operator++(int)
                0x00008634                str::operator++()
                0x00008638                str::operator=(char const*)
                0x0000863a                str::operator=(str const&)
                0x0000864c                str::str(str const&)
                0x0000864c                str::str(str const&)
                0x0000866c                str::str(char const*)
                0x0000866c                str::str(char const*)
                0x0000868c                str::singleHexCharToInt(unsigned char)
                0x000086ac                str::hexStrDigitsToInt(char*)
                0x000086c8                str::checksum_Verify()
 .text._ZN3str4initEi
                0x0000870c       0x10 ./L3_Utils/src/str.o
                0x0000870c                str::init(int)
 .text          0x0000871c      0x148 ./L3_Utils/src/utilities.o
                0x0000871c                delay_us
                0x00008742                isFreeRtosRunning
                0x00008768                delay_ms
                0x00008788                printMemoryInfo
                0x000087b0                logBootInfo
 .text          0x00008864       0xa8 ./L2_Drivers/src/i2c2.o
                0x00008864                I2C2::init(unsigned int)
                0x000088d4                I2C2::I2C2()
                0x000088d4                I2C2::I2C2()
                0x000088e8                I2C2_IRQHandler
 .text          0x0000890c      0x4d8 ./L2_Drivers/src/i2c_base.o
                0x0000890c                I2C_Base::I2C_Base(LPC_I2C_TypeDef*)
                0x0000890c                I2C_Base::I2C_Base(LPC_I2C_TypeDef*)
                0x00008978                I2C_Base::init(unsigned int, unsigned int)
                0x00008a10                I2C_Base::i2cKickOffTransfer(I2C_Base::mI2cModeType, char, char, char*, int)
                0x00008a3e                I2C_Base::i2cStateMachine()
                0x00008be2                I2C_Base::writeReg(char, char, char)
                0x00008c88                I2C_Base::readRegisters(char, char, char*, unsigned int)
                0x00008d7c                I2C_Base::isDevicePresent(char)
                0x00008d96                I2C_Base::readReg(char, char)
                0x00008db6                I2C_Base::handleInterrupt()
 .text          0x00008de4      0x164 ./L2_Drivers/src/pwm.o
                0x00008de4                pwmEn
                0x00008e18                initPWM
                0x00008e98                pwmUpdateMR
                0x00008f04                pwmReadMR
 .text          0x00008f48      0x154 ./L2_Drivers/src/rtc.o
                0x00008f48                rtc_gettime
                0x00008f5c                rtc_settime
                0x00008fa8                rtc_initialize
                0x00009044                rtc_getDateTimeString
 .text          0x0000909c       0x98 ./L2_Drivers/src/spi1.o
                0x0000909c                spi1_SetMaxClockMhz
                0x000090d8                spi1_Init
 .text          0x00009134       0xec ./L2_Drivers/src/spi_dma.o
                0x00009134                spiDmaInitialize
                0x00009158                spiDmaTransferBlock
 .text          0x00009220       0xb0 ./L2_Drivers/src/uart0.o
                0x00009220                Uart0::init(unsigned int, int, int)
                0x00009270                Uart0::Uart0()
                0x00009270                Uart0::Uart0()
                0x0000928c                Uart0::putcharIntrDriven(char)
                0x000092a2                Uart0::getcharIntrDriven(char)
                0x000092c2                UART0_IRQHandler
 .text._ZN9UartIfaceD2Ev
                0x000092d0        0xc ./L2_Drivers/src/uart0.o
                0x000092d0                UartIface::~UartIface()
                0x000092d0                UartIface::~UartIface()
 .text._ZN5Uart0D2Ev
                0x000092dc        0xc ./L2_Drivers/src/uart0.o
                0x000092dc                Uart0::~Uart0()
                0x000092dc                Uart0::~Uart0()
 .text._ZN9UartIfaceD0Ev
                0x000092e8       0x14 ./L2_Drivers/src/uart0.o
                0x000092e8                UartIface::~UartIface()
 .text._ZN5Uart0D0Ev
                0x000092fc       0x14 ./L2_Drivers/src/uart0.o
                0x000092fc                Uart0::~Uart0()
 .text          0x00009310       0x90 ./L2_Drivers/src/uart2.o
                0x00009310                Uart2::init(unsigned int, int, int)
                0x00009360                Uart2::Uart2()
                0x00009360                Uart2::Uart2()
                0x0000937c                UART2_IRQHandler
 .text._ZN5Uart2D2Ev
                0x000093a0        0xc ./L2_Drivers/src/uart2.o
                0x000093a0                Uart2::~Uart2()
                0x000093a0                Uart2::~Uart2()
 .text._ZN5Uart2D0Ev
                0x000093ac       0x14 ./L2_Drivers/src/uart2.o
                0x000093ac                Uart2::~Uart2()
 .text          0x000093c0       0x94 ./L2_Drivers/src/uart3.o
                0x000093c0                Uart3::init(unsigned int, int, int)
                0x00009410                Uart3::Uart3()
                0x00009410                Uart3::Uart3()
                0x00009430                UART3_IRQHandler
 .text._ZN5Uart3D2Ev
                0x00009454        0xc ./L2_Drivers/src/uart3.o
                0x00009454                Uart3::~Uart3()
                0x00009454                Uart3::~Uart3()
 .text._ZN5Uart3D0Ev
                0x00009460       0x14 ./L2_Drivers/src/uart3.o
                0x00009460                Uart3::~Uart3()
 .text          0x00009474      0x2a4 ./L2_Drivers/src/uart_base.o
                0x00009474                UART_Base::putChar(char, unsigned int)
                0x000094de                UART_Base::getChar(char*, unsigned int) const
                0x00009536                UART_Base::recentlyActive(unsigned int) const
                0x0000954c                UART_Base::setBaudRate(unsigned int)
                0x00009588                UART_Base::handleInterrupt()
                0x00009642                UART_Base::UART_Base(unsigned int*)
                0x00009642                UART_Base::UART_Base(unsigned int*)
                0x00009658                UART_Base::init(unsigned int, unsigned int, int, int)
 .text._ZN9UART_BaseD2Ev
                0x00009718        0xc ./L2_Drivers/src/uart_base.o
                0x00009718                UART_Base::~UART_Base()
                0x00009718                UART_Base::~UART_Base()
 .text._ZN9UART_BaseD0Ev
                0x00009724       0x14 ./L2_Drivers/src/uart_base.o
                0x00009724                UART_Base::~UART_Base()
 .text          0x00009738      0x128 ./L2_Drivers/src/uart_iface.o
                0x00009738                UartIface::put(char const*, unsigned int)
                0x0000975a                UartIface::puts(char const*, unsigned int)
                0x00009774                UartIface::gets(char*, int, unsigned int)
                0x000097d4                UartIface::printf(char const*, ...)
                0x0000981c                UartIface::scanf(char const*, ...)
 .text          0x00009860        0x0 ./L1_FreeRTOS/src/croutine.o
 .text          0x00009860       0x88 ./L1_FreeRTOS/src/list.o
                0x00009860                vListInitialise
                0x00009876                vListInitialiseItem
                0x0000987c                vListInsertEnd
                0x00009896                vListInsert
                0x000098c6                uxListRemove
 .text          0x000098e8      0x4e6 ./L1_FreeRTOS/src/queue.o
                0x000099d0                xQueueGenericReset
                0x00009a2c                xQueueGenericCreate
                0x00009a74                xQueueCreateCountingSemaphore
                0x00009a86                xQueueGenericSend
                0x00009b6a                xQueueCreateMutex
                0x00009bb6                xQueueGenericSendFromISR
                0x00009c10                xQueueGenericReceive
                0x00009d24                xQueueReceiveFromISR
                0x00009d78                uxQueueMessagesWaiting
                0x00009d8a                uxQueueMessagesWaitingFromISR
                0x00009d8e                vQueueDelete
                0x00009da2                ucQueueGetQueueNumber
                0x00009da8                vQueueSetQueueNumber
                0x00009dae                ucQueueGetQueueType
                0x00009db4                xQueueIsQueueEmptyFromISR
                0x00009dc0                xQueueIsQueueFullFromISR
 *fill*         0x00009dce        0x2 00
 .text          0x00009dd0      0xbc4 ./L1_FreeRTOS/src/tasks.o
                0x00009f84                xTaskGenericCreate
                0x0000a100                xTaskIsTaskSuspended
                0x0000a128                vTaskResume
                0x0000a18c                xTaskResumeFromISR
                0x0000a204                vTaskStartScheduler
                0x0000a250                vTaskEndScheduler
                0x0000a26c                vTaskSuspendAll
                0x0000a280                xTaskGetTickCount
                0x0000a298                xTaskGetTickCountFromISR
                0x0000a2b0                uxTaskGetNumberOfTasks
                0x0000a2bc                vTaskIncrementTick
                0x0000a380                xTaskResumeAll
                0x0000a43c                vTaskGetRunTimeStats
                0x0000a4c8                vTaskDelay
                0x0000a4fc                vTaskDelayUntil
                0x0000a558                vTaskSwitchContext
                0x0000a60c                vTaskSuspend
                0x0000a674                vTaskPlaceOnEventList
                0x0000a6ac                xTaskRemoveFromEventList
                0x0000a708                vTaskSetTimeOutState
                0x0000a71c                xTaskCheckForTimeOut
                0x0000a770                vTaskMissedYield
                0x0000a780                uxTaskGetTaskNumber
                0x0000a786                vTaskSetTaskNumber
                0x0000a78c                uxTaskGetStackHighWaterMark
                0x0000a7ac                xTaskGetCurrentTaskHandle
                0x0000a7b8                xTaskGetSchedulerState
                0x0000a7d4                vTaskPriorityInherit
                0x0000a840                vTaskPriorityDisinherit
                0x0000a88c                vTaskResetRunTimeStats
                0x0000a8f0                uxTaskGetCpuUsage
                0x0000a910                vTaskList
 .text          0x0000a994        0x0 ./L1_FreeRTOS/src/tasks.inc.o
 .text          0x0000a994        0x0 ./L1_FreeRTOS/src/timers.o
 .text          0x0000a994      0x190 ./L1_FreeRTOS/portable/port.o
                0x0000a9a4                pxPortInitialiseStack
                0x0000a9ba                vPortSVCHandler
                0x0000a9dc                vPortEndScheduler
                0x0000a9de                vPortYieldFromISR
                0x0000a9ec                ulPortSetInterruptMask
                0x0000a9fc                vPortEnterCritical
                0x0000aa10                vPortClearInterruptMask
                0x0000aa16                vPortExitCritical
                0x0000aa28                xPortPendSVHandler
                0x0000aa64                xPortSysTickHandler
                0x0000aa84                vPortSetupTimerInterrupt
                0x0000aa98                xPortStartScheduler
                0x0000aac8                vConfigureTimerForRunTimeStats
                0x0000ab0c                uxGetTimerForRunTimeStats
                0x0000ab14                resetRunTimeCounter
 .text          0x0000ab24       0x4c ./L1_FreeRTOS/hooks/hooks.o
                0x0000ab24                vApplicationIdleHook
                0x0000ab28                vApplicationStackOverflowHook
                0x0000ab54                vApplicationMallocFailedHook
 .text          0x0000ab70       0x38 ./L1_FreeRTOS/MemMang/heap_3.o
                0x0000ab70                pvPortMalloc
                0x0000ab8e                vPortFree
 .text          0x0000aba8       0x86 ./L0_LowLevel/source/core_cm3.o
                0x0000aba8                __get_PSP
                0x0000abb0                __set_PSP
                0x0000abb6                __get_MSP
                0x0000abbe                __set_MSP
                0x0000abc4                __get_BASEPRI
                0x0000abca                __set_BASEPRI
                0x0000abd0                __get_PRIMASK
                0x0000abd6                __set_PRIMASK
                0x0000abdc                __get_FAULTMASK
                0x0000abe2                __set_FAULTMASK
                0x0000abe8                __get_CONTROL
                0x0000abee                __set_CONTROL
                0x0000abf4                __REV
                0x0000abf8                __REV16
                0x0000abfc                __REVSH
                0x0000ac00                __RBIT
                0x0000ac06                __LDREXB
                0x0000ac0e                __LDREXH
                0x0000ac16                __LDREXW
                0x0000ac1c                __STREXB
                0x0000ac22                __STREXH
                0x0000ac28                __STREXW
 *fill*         0x0000ac2e        0x2 00
 .text          0x0000ac30       0x94 ./L0_LowLevel/source/cr_startup_lpc175x.o
                0x0000ac30                HardFault_HandlerC
 .text          0x0000acc4      0x1f8 ./L0_LowLevel/source/sys_clock.o
                0x0000acd8                calculatePLLParameters(unsigned int, unsigned int, int*, int*, int*)
                0x0000ad5c                configureSystemClock()
                0x0000ae1c                getCpuClock
 .text          0x0000aebc      0x2e0 ./L0_LowLevel/source/system_init.o
                0x0000aee8                configureFlashAccelerator(unsigned int)
                0x0000af34                initializeDefaultInterruptPriority()
                0x0000b058                getRebootCause
                0x0000b064                getBootTime
                0x0000b078                lowLevelInitialize()
 .text          0x0000b19c       0xb8 ./L0_LowLevel/source/uart0_min.o
                0x0000b19c                uart0Init
                0x0000b214                uart0Putchar
                0x0000b228                uart0Puts
                0x0000b242                uart0Getchar
 .text          0x0000b254        0x0 c:/users/montoya/documents/classes/cmpe146/lab/cmpe146package_lpc1758/yagarto/bin/../lib/gcc/arm-none-eabi/4.6.2/../../../../arm-none-eabi/lib/thumb/v7m\libstdc++.a(guard.o)
 .text.__cxa_guard_acquire
                0x0000b254       0x38 c:/users/montoya/documents/classes/cmpe146/lab/cmpe146package_lpc1758/yagarto/bin/../lib/gcc/arm-none-eabi/4.6.2/../../../../arm-none-eabi/lib/thumb/v7m\libstdc++.a(guard.o)
                0x0000b254                __cxa_guard_acquire
 .text.__cxa_guard_abort
                0x0000b28c        0x8 c:/users/montoya/documents/classes/cmpe146/lab/cmpe146package_lpc1758/yagarto/bin/../lib/gcc/arm-none-eabi/4.6.2/../../../../arm-none-eabi/lib/thumb/v7m\libstdc++.a(guard.o)
                0x0000b28c                __cxa_guard_abort
 .text.__cxa_guard_release
                0x0000b294        0x8 c:/users/montoya/documents/classes/cmpe146/lab/cmpe146package_lpc1758/yagarto/bin/../lib/gcc/arm-none-eabi/4.6.2/../../../../arm-none-eabi/lib/thumb/v7m\libstdc++.a(guard.o)
                0x0000b294                __cxa_guard_release
 .text          0x0000b29c        0x0 c:/users/montoya/documents/classes/cmpe146/lab/cmpe146package_lpc1758/yagarto/bin/../lib/gcc/arm-none-eabi/4.6.2/../../../../arm-none-eabi/lib/thumb/v7m\libstdc++.a(guard_error.o)
 .text._ZN9__gnu_cxx20recursive_init_errorD2Ev
                0x0000b29c       0x14 c:/users/montoya/documents/classes/cmpe146/lab/cmpe146package_lpc1758/yagarto/bin/../lib/gcc/arm-none-eabi/4.6.2/../../../../arm-none-eabi/lib/thumb/v7m\libstdc++.a(guard_error.o)
                0x0000b29c                __gnu_cxx::recursive_init_error::~recursive_init_error()
                0x0000b29c                __gnu_cxx::recursive_init_error::~recursive_init_error()
 .text._ZN9__gnu_cxx20recursive_init_errorD0Ev
                0x0000b2b0       0x1c c:/users/montoya/documents/classes/cmpe146/lab/cmpe146package_lpc1758/yagarto/bin/../lib/gcc/arm-none-eabi/4.6.2/../../../../arm-none-eabi/lib/thumb/v7m\libstdc++.a(guard_error.o)
                0x0000b2b0                __gnu_cxx::recursive_init_error::~recursive_init_error()
 .text          0x0000b2cc        0x0 c:/users/montoya/documents/classes/cmpe146/lab/cmpe146package_lpc1758/yagarto/bin/../lib/gcc/arm-none-eabi/4.6.2/../../../../arm-none-eabi/lib/thumb/v7m\libstdc++.a(pure.o)
 .text.__cxa_pure_virtual
                0x0000b2cc       0x18 c:/users/montoya/documents/classes/cmpe146/lab/cmpe146package_lpc1758/yagarto/bin/../lib/gcc/arm-none-eabi/4.6.2/../../../../arm-none-eabi/lib/thumb/v7m\libstdc++.a(pure.o)
                0x0000b2cc                __cxa_pure_virtual
 .text          0x0000b2e4        0x0 c:/users/montoya/documents/classes/cmpe146/lab/cmpe146package_lpc1758/yagarto/bin/../lib/gcc/arm-none-eabi/4.6.2/../../../../arm-none-eabi/lib/thumb/v7m\libstdc++.a(si_class_type_info.o)
 .text._ZN10__cxxabiv120__si_class_type_infoD2Ev
                0x0000b2e4       0x14 c:/users/montoya/documents/classes/cmpe146/lab/cmpe146package_lpc1758/yagarto/bin/../lib/gcc/arm-none-eabi/4.6.2/../../../../arm-none-eabi/lib/thumb/v7m\libstdc++.a(si_class_type_info.o)
                0x0000b2e4                __cxxabiv1::__si_class_type_info::~__si_class_type_info()
                0x0000b2e4                __cxxabiv1::__si_class_type_info::~__si_class_type_info()
 .text._ZN10__cxxabiv120__si_class_type_infoD0Ev
                0x0000b2f8       0x1c c:/users/montoya/documents/classes/cmpe146/lab/cmpe146package_lpc1758/yagarto/bin/../lib/gcc/arm-none-eabi/4.6.2/../../../../arm-none-eabi/lib/thumb/v7m\libstdc++.a(si_class_type_info.o)
                0x0000b2f8                __cxxabiv1::__si_class_type_info::~__si_class_type_info()
 .text._ZNK10__cxxabiv120__si_class_type_info11__do_upcastEPKNS_17__class_type_infoEPKvRNS1_15__upcast_resultE
                0x0000b314       0x28 c:/users/montoya/documents/classes/cmpe146/lab/cmpe146package_lpc1758/yagarto/bin/../lib/gcc/arm-none-eabi/4.6.2/../../../../arm-none-eabi/lib/thumb/v7m\libstdc++.a(si_class_type_info.o)
                0x0000b314                __cxxabiv1::__si_class_type_info::__do_upcast(__cxxabiv1::__class_type_info const*, void const*, __cxxabiv1::__class_type_info::__upcast_result&) const
 .text._ZNK10__cxxabiv120__si_class_type_info12__do_dyncastEiNS_17__class_type_info10__sub_kindEPKS1_PKvS4_S6_RNS1_16__dyncast_resultE
                0x0000b33c       0x88 c:/users/montoya/documents/classes/cmpe146/lab/cmpe146package_lpc1758/yagarto/bin/../lib/gcc/arm-none-eabi/4.6.2/../../../../arm-none-eabi/lib/thumb/v7m\libstdc++.a(si_class_type_info.o)
                0x0000b33c                __cxxabiv1::__si_class_type_info::__do_dyncast(int, __cxxabiv1::__class_type_info::__sub_kind, __cxxabiv1::__class_type_info const*, void const*, __cxxabiv1::__class_type_info const*, void const*, __cxxabiv1::__class_type_info::__dyncast_result&) const
 .text._ZNK10__cxxabiv120__si_class_type_info20__do_find_public_srcEiPKvPKNS_17__class_type_infoES2_
                0x0000b3c4       0x38 c:/users/montoya/documents/classes/cmpe146/lab/cmpe146package_lpc1758/yagarto/bin/../lib/gcc/arm-none-eabi/4.6.2/../../../../arm-none-eabi/lib/thumb/v7m\libstdc++.a(si_class_type_info.o)
                0x0000b3c4                __cxxabiv1::__si_class_type_info::__do_find_public_src(int, void const*, __cxxabiv1::__class_type_info const*, void const*) const
 .text          0x0000b3fc        0x0 c:/users/montoya/documents/classes/cmpe146/lab/cmpe146package_lpc1758/yagarto/bin/../lib/gcc/arm-none-eabi/4.6.2/../../../../arm-none-eabi/lib/thumb/v7m\libstdc++.a(tinfo.o)
 .text._ZNSt9type_infoD2Ev
                0x0000b3fc        0xc c:/users/montoya/documents/classes/cmpe146/lab/cmpe146package_lpc1758/yagarto/bin/../lib/gcc/arm-none-eabi/4.6.2/../../../../arm-none-eabi/lib/thumb/v7m\libstdc++.a(tinfo.o)
                0x0000b3fc                std::type_info::~type_info()
                0x0000b3fc                std::type_info::~type_info()
 .text._ZNKSt9type_info14__is_pointer_pEv
                0x0000b408        0x4 c:/users/montoya/documents/classes/cmpe146/lab/cmpe146package_lpc1758/yagarto/bin/../lib/gcc/arm-none-eabi/4.6.2/../../../../arm-none-eabi/lib/thumb/v7m\libstdc++.a(tinfo.o)
                0x0000b408                std::type_info::__is_pointer_p() const
 .text._ZNKSt9type_info15__is_function_pEv
                0x0000b40c        0x4 c:/users/montoya/documents/classes/cmpe146/lab/cmpe146package_lpc1758/yagarto/bin/../lib/gcc/arm-none-eabi/4.6.2/../../../../arm-none-eabi/lib/thumb/v7m\libstdc++.a(tinfo.o)
                0x0000b40c                std::type_info::__is_function_p() const
 .text._ZNKSt9type_info11__do_upcastEPKN10__cxxabiv117__class_type_infoEPPv
                0x0000b410        0x4 c:/users/montoya/documents/classes/cmpe146/lab/cmpe146package_lpc1758/yagarto/bin/../lib/gcc/arm-none-eabi/4.6.2/../../../../arm-none-eabi/lib/thumb/v7m\libstdc++.a(tinfo.o)
                0x0000b410                std::type_info::__do_upcast(__cxxabiv1::__class_type_info const*, void**) const
 .text._ZNSt9type_infoD0Ev
                0x0000b414       0x14 c:/users/montoya/documents/classes/cmpe146/lab/cmpe146package_lpc1758/yagarto/bin/../lib/gcc/arm-none-eabi/4.6.2/../../../../arm-none-eabi/lib/thumb/v7m\libstdc++.a(tinfo.o)
                0x0000b414                std::type_info::~type_info()
 .text._ZNKSt9type_infoeqERKS_
                0x0000b428       0x38 c:/users/montoya/documents/classes/cmpe146/lab/cmpe146package_lpc1758/yagarto/bin/../lib/gcc/arm-none-eabi/4.6.2/../../../../arm-none-eabi/lib/thumb/v7m\libstdc++.a(tinfo.o)
                0x0000b428                std::type_info::operator==(std::type_info const&) const
 .text._ZNKSt9type_info10__do_catchEPKS_PPvj
                0x0000b460        0x4 c:/users/montoya/documents/classes/cmpe146/lab/cmpe146package_lpc1758/yagarto/bin/../lib/gcc/arm-none-eabi/4.6.2/../../../../arm-none-eabi/lib/thumb/v7m\libstdc++.a(tinfo.o)
                0x0000b460                std::type_info::__do_catch(std::type_info const*, void**, unsigned int) const
 .text          0x0000b464        0x0 c:/users/montoya/documents/classes/cmpe146/lab/cmpe146package_lpc1758/yagarto/bin/../lib/gcc/arm-none-eabi/4.6.2/../../../../arm-none-eabi/lib/thumb/v7m\libstdc++.a(class_type_info.o)
 .text._ZNK10__cxxabiv117__class_type_info11__do_upcastEPKS0_PPv
                0x0000b464       0x38 c:/users/montoya/documents/classes/cmpe146/lab/cmpe146package_lpc1758/yagarto/bin/../lib/gcc/arm-none-eabi/4.6.2/../../../../arm-none-eabi/lib/thumb/v7m\libstdc++.a(class_type_info.o)
                0x0000b464                __cxxabiv1::__class_type_info::__do_upcast(__cxxabiv1::__class_type_info const*, void**) const
 .text._ZNK10__cxxabiv117__class_type_info20__do_find_public_srcEiPKvPKS0_S2_
                0x0000b49c        0xc c:/users/montoya/documents/classes/cmpe146/lab/cmpe146package_lpc1758/yagarto/bin/../lib/gcc/arm-none-eabi/4.6.2/../../../../arm-none-eabi/lib/thumb/v7m\libstdc++.a(class_type_info.o)
                0x0000b49c                __cxxabiv1::__class_type_info::__do_find_public_src(int, void const*, __cxxabiv1::__class_type_info const*, void const*) const
 .text._ZNK10__cxxabiv117__class_type_info11__do_upcastEPKS0_PKvRNS0_15__upcast_resultE
                0x0000b4a8       0x1c c:/users/montoya/documents/classes/cmpe146/lab/cmpe146package_lpc1758/yagarto/bin/../lib/gcc/arm-none-eabi/4.6.2/../../../../arm-none-eabi/lib/thumb/v7m\libstdc++.a(class_type_info.o)
                0x0000b4a8                __cxxabiv1::__class_type_info::__do_upcast(__cxxabiv1::__class_type_info const*, void const*, __cxxabiv1::__class_type_info::__upcast_result&) const
 .text._ZN10__cxxabiv117__class_type_infoD2Ev
                0x0000b4c4       0x14 c:/users/montoya/documents/classes/cmpe146/lab/cmpe146package_lpc1758/yagarto/bin/../lib/gcc/arm-none-eabi/4.6.2/../../../../arm-none-eabi/lib/thumb/v7m\libstdc++.a(class_type_info.o)
                0x0000b4c4                __cxxabiv1::__class_type_info::~__class_type_info()
                0x0000b4c4                __cxxabiv1::__class_type_info::~__class_type_info()
 .text._ZN10__cxxabiv117__class_type_infoD0Ev
                0x0000b4d8       0x1c c:/users/montoya/documents/classes/cmpe146/lab/cmpe146package_lpc1758/yagarto/bin/../lib/gcc/arm-none-eabi/4.6.2/../../../../arm-none-eabi/lib/thumb/v7m\libstdc++.a(class_type_info.o)
                0x0000b4d8                __cxxabiv1::__class_type_info::~__class_type_info()
 .text._ZNK10__cxxabiv117__class_type_info12__do_dyncastEiNS0_10__sub_kindEPKS0_PKvS3_S5_RNS0_16__dyncast_resultE
                0x0000b4f4       0x3c c:/users/montoya/documents/classes/cmpe146/lab/cmpe146package_lpc1758/yagarto/bin/../lib/gcc/arm-none-eabi/4.6.2/../../../../arm-none-eabi/lib/thumb/v7m\libstdc++.a(class_type_info.o)
                0x0000b4f4                __cxxabiv1::__class_type_info::__do_dyncast(int, __cxxabiv1::__class_type_info::__sub_kind, __cxxabiv1::__class_type_info const*, void const*, __cxxabiv1::__class_type_info const*, void const*, __cxxabiv1::__class_type_info::__dyncast_result&) const
 .text._ZNK10__cxxabiv117__class_type_info10__do_catchEPKSt9type_infoPPvj
                0x0000b530       0x28 c:/users/montoya/documents/classes/cmpe146/lab/cmpe146package_lpc1758/yagarto/bin/../lib/gcc/arm-none-eabi/4.6.2/../../../../arm-none-eabi/lib/thumb/v7m\libstdc++.a(class_type_info.o)
                0x0000b530                __cxxabiv1::__class_type_info::__do_catch(std::type_info const*, void**, unsigned int) const
 .text          0x0000b558        0x0 c:/users/montoya/documents/classes/cmpe146/lab/cmpe146package_lpc1758/yagarto/bin/../lib/gcc/arm-none-eabi/4.6.2/../../../../arm-none-eabi/lib/thumb/v7m\libstdc++.a(eh_alloc.o)
 .text.__cxa_allocate_exception
                0x0000b558       0x64 c:/users/montoya/documents/classes/cmpe146/lab/cmpe146package_lpc1758/yagarto/bin/../lib/gcc/arm-none-eabi/4.6.2/../../../../arm-none-eabi/lib/thumb/v7m\libstdc++.a(eh_alloc.o)
                0x0000b558                __cxa_allocate_exception
 .text.__cxa_free_exception
                0x0000b5bc       0x34 c:/users/montoya/documents/classes/cmpe146/lab/cmpe146package_lpc1758/yagarto/bin/../lib/gcc/arm-none-eabi/4.6.2/../../../../arm-none-eabi/lib/thumb/v7m\libstdc++.a(eh_alloc.o)
                0x0000b5bc                __cxa_free_exception
 .text.__cxa_allocate_dependent_exception
                0x0000b5f0       0x58 c:/users/montoya/documents/classes/cmpe146/lab/cmpe146package_lpc1758/yagarto/bin/../lib/gcc/arm-none-eabi/4.6.2/../../../../arm-none-eabi/lib/thumb/v7m\libstdc++.a(eh_alloc.o)
                0x0000b5f0                __cxa_allocate_dependent_exception
 .text.__cxa_free_dependent_exception
                0x0000b648       0x44 c:/users/montoya/documents/classes/cmpe146/lab/cmpe146package_lpc1758/yagarto/bin/../lib/gcc/arm-none-eabi/4.6.2/../../../../arm-none-eabi/lib/thumb/v7m\libstdc++.a(eh_alloc.o)
                0x0000b648                __cxa_free_dependent_exception
 .text          0x0000b68c        0x0 c:/users/montoya/documents/classes/cmpe146/lab/cmpe146package_lpc1758/yagarto/bin/../lib/gcc/arm-none-eabi/4.6.2/../../../../arm-none-eabi/lib/thumb/v7m\libstdc++.a(eh_exception.o)
 .text._ZNSt9exceptionD2Ev
                0x0000b68c        0xc c:/users/montoya/documents/classes/cmpe146/lab/cmpe146package_lpc1758/yagarto/bin/../lib/gcc/arm-none-eabi/4.6.2/../../../../arm-none-eabi/lib/thumb/v7m\libstdc++.a(eh_exception.o)
                0x0000b68c                std::exception::~exception()
                0x0000b68c                std::exception::~exception()
 .text._ZNSt13bad_exceptionD2Ev
                0x0000b698        0xc c:/users/montoya/documents/classes/cmpe146/lab/cmpe146package_lpc1758/yagarto/bin/../lib/gcc/arm-none-eabi/4.6.2/../../../../arm-none-eabi/lib/thumb/v7m\libstdc++.a(eh_exception.o)
                0x0000b698                std::bad_exception::~bad_exception()
                0x0000b698                std::bad_exception::~bad_exception()
 .text._ZN10__cxxabiv115__forced_unwindD2Ev
                0x0000b6a4        0xc c:/users/montoya/documents/classes/cmpe146/lab/cmpe146package_lpc1758/yagarto/bin/../lib/gcc/arm-none-eabi/4.6.2/../../../../arm-none-eabi/lib/thumb/v7m\libstdc++.a(eh_exception.o)
                0x0000b6a4                __cxxabiv1::__forced_unwind::~__forced_unwind()
                0x0000b6a4                __cxxabiv1::__forced_unwind::~__forced_unwind()
 .text._ZN10__cxxabiv119__foreign_exceptionD2Ev
                0x0000b6b0        0xc c:/users/montoya/documents/classes/cmpe146/lab/cmpe146package_lpc1758/yagarto/bin/../lib/gcc/arm-none-eabi/4.6.2/../../../../arm-none-eabi/lib/thumb/v7m\libstdc++.a(eh_exception.o)
                0x0000b6b0                __cxxabiv1::__foreign_exception::~__foreign_exception()
                0x0000b6b0                __cxxabiv1::__foreign_exception::~__foreign_exception()
 .text._ZNKSt9exception4whatEv
                0x0000b6bc        0xc c:/users/montoya/documents/classes/cmpe146/lab/cmpe146package_lpc1758/yagarto/bin/../lib/gcc/arm-none-eabi/4.6.2/../../../../arm-none-eabi/lib/thumb/v7m\libstdc++.a(eh_exception.o)
                0x0000b6bc                std::exception::what() const
 .text._ZNKSt13bad_exception4whatEv
                0x0000b6c8        0xc c:/users/montoya/documents/classes/cmpe146/lab/cmpe146package_lpc1758/yagarto/bin/../lib/gcc/arm-none-eabi/4.6.2/../../../../arm-none-eabi/lib/thumb/v7m\libstdc++.a(eh_exception.o)
                0x0000b6c8                std::bad_exception::what() const
 .text._ZN10__cxxabiv119__foreign_exceptionD0Ev
                0x0000b6d4       0x14 c:/users/montoya/documents/classes/cmpe146/lab/cmpe146package_lpc1758/yagarto/bin/../lib/gcc/arm-none-eabi/4.6.2/../../../../arm-none-eabi/lib/thumb/v7m\libstdc++.a(eh_exception.o)
                0x0000b6d4                __cxxabiv1::__foreign_exception::~__foreign_exception()
 .text._ZN10__cxxabiv115__forced_unwindD0Ev
                0x0000b6e8       0x14 c:/users/montoya/documents/classes/cmpe146/lab/cmpe146package_lpc1758/yagarto/bin/../lib/gcc/arm-none-eabi/4.6.2/../../../../arm-none-eabi/lib/thumb/v7m\libstdc++.a(eh_exception.o)
                0x0000b6e8                __cxxabiv1::__forced_unwind::~__forced_unwind()
 .text._ZNSt13bad_exceptionD0Ev
                0x0000b6fc       0x14 c:/users/montoya/documents/classes/cmpe146/lab/cmpe146package_lpc1758/yagarto/bin/../lib/gcc/arm-none-eabi/4.6.2/../../../../arm-none-eabi/lib/thumb/v7m\libstdc++.a(eh_exception.o)
                0x0000b6fc                std::bad_exception::~bad_exception()
 .text._ZNSt9exceptionD0Ev
                0x0000b710       0x14 c:/users/montoya/documents/classes/cmpe146/lab/cmpe146package_lpc1758/yagarto/bin/../lib/gcc/arm-none-eabi/4.6.2/../../../../arm-none-eabi/lib/thumb/v7m\libstdc++.a(eh_exception.o)
                0x0000b710                std::exception::~exception()
 .text          0x0000b724        0x0 c:/users/montoya/documents/classes/cmpe146/lab/cmpe146package_lpc1758/yagarto/bin/../lib/gcc/arm-none-eabi/4.6.2/../../../../arm-none-eabi/lib/thumb/v7m\libstdc++.a(eh_globals.o)
 .text.__cxa_get_globals_fast
                0x0000b724        0xc c:/users/montoya/documents/classes/cmpe146/lab/cmpe146package_lpc1758/yagarto/bin/../lib/gcc/arm-none-eabi/4.6.2/../../../../arm-none-eabi/lib/thumb/v7m\libstdc++.a(eh_globals.o)
                0x0000b724                __cxa_get_globals_fast
 .text.__cxa_get_globals
                0x0000b730        0xc c:/users/montoya/documents/classes/cmpe146/lab/cmpe146package_lpc1758/yagarto/bin/../lib/gcc/arm-none-eabi/4.6.2/../../../../arm-none-eabi/lib/thumb/v7m\libstdc++.a(eh_globals.o)
                0x0000b730                __cxa_get_globals
 .text          0x0000b73c        0x0 c:/users/montoya/documents/classes/cmpe146/lab/cmpe146package_lpc1758/yagarto/bin/../lib/gcc/arm-none-eabi/4.6.2/../../../../arm-none-eabi/lib/thumb/v7m\libstdc++.a(eh_terminate.o)
 .text._ZN10__cxxabiv111__terminateEPFvvE
                0x0000b73c       0x28 c:/users/montoya/documents/classes/cmpe146/lab/cmpe146package_lpc1758/yagarto/bin/../lib/gcc/arm-none-eabi/4.6.2/../../../../arm-none-eabi/lib/thumb/v7m\libstdc++.a(eh_terminate.o)
                0x0000b73c                __cxxabiv1::__terminate(void (*)())
 .text._ZSt9terminatev
                0x0000b764       0x10 c:/users/montoya/documents/classes/cmpe146/lab/cmpe146package_lpc1758/yagarto/bin/../lib/gcc/arm-none-eabi/4.6.2/../../../../arm-none-eabi/lib/thumb/v7m\libstdc++.a(eh_terminate.o)
                0x0000b764                std::terminate()
 .text._ZN10__cxxabiv112__unexpectedEPFvvE
                0x0000b774        0x8 c:/users/montoya/documents/classes/cmpe146/lab/cmpe146package_lpc1758/yagarto/bin/../lib/gcc/arm-none-eabi/4.6.2/../../../../arm-none-eabi/lib/thumb/v7m\libstdc++.a(eh_terminate.o)
                0x0000b774                __cxxabiv1::__unexpected(void (*)())
 .text._ZSt10unexpectedv
                0x0000b77c       0x14 c:/users/montoya/documents/classes/cmpe146/lab/cmpe146package_lpc1758/yagarto/bin/../lib/gcc/arm-none-eabi/4.6.2/../../../../arm-none-eabi/lib/thumb/v7m\libstdc++.a(eh_terminate.o)
                0x0000b77c                std::unexpected()
 .text._ZSt13set_terminatePFvvE
                0x0000b790       0x10 c:/users/montoya/documents/classes/cmpe146/lab/cmpe146package_lpc1758/yagarto/bin/../lib/gcc/arm-none-eabi/4.6.2/../../../../arm-none-eabi/lib/thumb/v7m\libstdc++.a(eh_terminate.o)
                0x0000b790                std::set_terminate(void (*)())
 .text._ZSt14set_unexpectedPFvvE
                0x0000b7a0       0x10 c:/users/montoya/documents/classes/cmpe146/lab/cmpe146package_lpc1758/yagarto/bin/../lib/gcc/arm-none-eabi/4.6.2/../../../../arm-none-eabi/lib/thumb/v7m\libstdc++.a(eh_terminate.o)
                0x0000b7a0                std::set_unexpected(void (*)())
 .text          0x0000b7b0        0x0 c:/users/montoya/documents/classes/cmpe146/lab/cmpe146package_lpc1758/yagarto/bin/../lib/gcc/arm-none-eabi/4.6.2/../../../../arm-none-eabi/lib/thumb/v7m\libstdc++.a(eh_term_handler.o)
 .text          0x0000b7b0        0x0 c:/users/montoya/documents/classes/cmpe146/lab/cmpe146package_lpc1758/yagarto/bin/../lib/gcc/arm-none-eabi/4.6.2/../../../../arm-none-eabi/lib/thumb/v7m\libstdc++.a(eh_throw.o)
 .text._ZL23__gxx_exception_cleanup19_Unwind_Reason_CodeP21_Unwind_Control_Block
                0x0000b7b0       0x4c c:/users/montoya/documents/classes/cmpe146/lab/cmpe146package_lpc1758/yagarto/bin/../lib/gcc/arm-none-eabi/4.6.2/../../../../arm-none-eabi/lib/thumb/v7m\libstdc++.a(eh_throw.o)
 .text.__cxa_throw
                0x0000b7fc       0x78 c:/users/montoya/documents/classes/cmpe146/lab/cmpe146package_lpc1758/yagarto/bin/../lib/gcc/arm-none-eabi/4.6.2/../../../../arm-none-eabi/lib/thumb/v7m\libstdc++.a(eh_throw.o)
                0x0000b7fc                __cxa_throw
 .text.__cxa_rethrow
                0x0000b874       0x70 c:/users/montoya/documents/classes/cmpe146/lab/cmpe146package_lpc1758/yagarto/bin/../lib/gcc/arm-none-eabi/4.6.2/../../../../arm-none-eabi/lib/thumb/v7m\libstdc++.a(eh_throw.o)
                0x0000b874                __cxa_rethrow
 .text          0x0000b8e4        0x0 c:/users/montoya/documents/classes/cmpe146/lab/cmpe146package_lpc1758/yagarto/bin/../lib/gcc/arm-none-eabi/4.6.2/../../../../arm-none-eabi/lib/thumb/v7m\libstdc++.a(eh_unex_handler.o)
 .text          0x0000b8e4        0x0 c:/users/montoya/documents/classes/cmpe146/lab/cmpe146package_lpc1758/yagarto/bin/../lib/gcc/arm-none-eabi/4.6.2/../../../../arm-none-eabi/lib/thumb/v7m\libstdc++.a(eh_arm.o)
 .text.__cxa_end_cleanup
                0x0000b8e4        0xc c:/users/montoya/documents/classes/cmpe146/lab/cmpe146package_lpc1758/yagarto/bin/../lib/gcc/arm-none-eabi/4.6.2/../../../../arm-none-eabi/lib/thumb/v7m\libstdc++.a(eh_arm.o)
                0x0000b8e4                __cxa_end_cleanup
 .text.__cxa_type_match
                0x0000b8f0       0xe4 c:/users/montoya/documents/classes/cmpe146/lab/cmpe146package_lpc1758/yagarto/bin/../lib/gcc/arm-none-eabi/4.6.2/../../../../arm-none-eabi/lib/thumb/v7m\libstdc++.a(eh_arm.o)
                0x0000b8f0                __cxa_type_match
 .text.__cxa_begin_cleanup
                0x0000b9d4       0x68 c:/users/montoya/documents/classes/cmpe146/lab/cmpe146package_lpc1758/yagarto/bin/../lib/gcc/arm-none-eabi/4.6.2/../../../../arm-none-eabi/lib/thumb/v7m\libstdc++.a(eh_arm.o)
                0x0000b9d4                __cxa_begin_cleanup
 .text.__gnu_end_cleanup
                0x0000ba3c       0x74 c:/users/montoya/documents/classes/cmpe146/lab/cmpe146package_lpc1758/yagarto/bin/../lib/gcc/arm-none-eabi/4.6.2/../../../../arm-none-eabi/lib/thumb/v7m\libstdc++.a(eh_arm.o)
                0x0000ba3c                __gnu_end_cleanup
 .text          0x0000bab0        0x0 c:/users/montoya/documents/classes/cmpe146/lab/cmpe146package_lpc1758/yagarto/bin/../lib/gcc/arm-none-eabi/4.6.2/../../../../arm-none-eabi/lib/thumb/v7m\libstdc++.a(eh_aux_runtime.o)
 .text.__cxa_bad_cast
                0x0000bab0       0x24 c:/users/montoya/documents/classes/cmpe146/lab/cmpe146package_lpc1758/yagarto/bin/../lib/gcc/arm-none-eabi/4.6.2/../../../../arm-none-eabi/lib/thumb/v7m\libstdc++.a(eh_aux_runtime.o)
                0x0000bab0                __cxa_bad_cast
 .text.__cxa_bad_typeid
                0x0000bad4       0x24 c:/users/montoya/documents/classes/cmpe146/lab/cmpe146package_lpc1758/yagarto/bin/../lib/gcc/arm-none-eabi/4.6.2/../../../../arm-none-eabi/lib/thumb/v7m\libstdc++.a(eh_aux_runtime.o)
                0x0000bad4                __cxa_bad_typeid
 .text          0x0000baf8        0x0 c:/users/montoya/documents/classes/cmpe146/lab/cmpe146package_lpc1758/yagarto/bin/../lib/gcc/arm-none-eabi/4.6.2/../../../../arm-none-eabi/lib/thumb/v7m\libstdc++.a(eh_call.o)
 .text.__cxa_call_terminate
                0x0000baf8       0x48 c:/users/montoya/documents/classes/cmpe146/lab/cmpe146package_lpc1758/yagarto/bin/../lib/gcc/arm-none-eabi/4.6.2/../../../../arm-none-eabi/lib/thumb/v7m\libstdc++.a(eh_call.o)
                0x0000baf8                __cxa_call_terminate
 .text.__cxa_call_unexpected
                0x0000bb40      0x11c c:/users/montoya/documents/classes/cmpe146/lab/cmpe146package_lpc1758/yagarto/bin/../lib/gcc/arm-none-eabi/4.6.2/../../../../arm-none-eabi/lib/thumb/v7m\libstdc++.a(eh_call.o)
                0x0000bb40                __cxa_call_unexpected
 .text          0x0000bc5c        0x0 c:/users/montoya/documents/classes/cmpe146/lab/cmpe146package_lpc1758/yagarto/bin/../lib/gcc/arm-none-eabi/4.6.2/../../../../arm-none-eabi/lib/thumb/v7m\libstdc++.a(eh_catch.o)
 .text.__cxa_get_exception_ptr
                0x0000bc5c        0x4 c:/users/montoya/documents/classes/cmpe146/lab/cmpe146package_lpc1758/yagarto/bin/../lib/gcc/arm-none-eabi/4.6.2/../../../../arm-none-eabi/lib/thumb/v7m\libstdc++.a(eh_catch.o)
                0x0000bc5c                __cxa_get_exception_ptr
 .text.__cxa_begin_catch
                0x0000bc60       0x88 c:/users/montoya/documents/classes/cmpe146/lab/cmpe146package_lpc1758/yagarto/bin/../lib/gcc/arm-none-eabi/4.6.2/../../../../arm-none-eabi/lib/thumb/v7m\libstdc++.a(eh_catch.o)
                0x0000bc60                __cxa_begin_catch
 .text.__cxa_end_catch
                0x0000bce8       0x90 c:/users/montoya/documents/classes/cmpe146/lab/cmpe146package_lpc1758/yagarto/bin/../lib/gcc/arm-none-eabi/4.6.2/../../../../arm-none-eabi/lib/thumb/v7m\libstdc++.a(eh_catch.o)
                0x0000bce8                __cxa_end_catch
 .text._ZSt18uncaught_exceptionv
                0x0000bd78       0x10 c:/users/montoya/documents/classes/cmpe146/lab/cmpe146package_lpc1758/yagarto/bin/../lib/gcc/arm-none-eabi/4.6.2/../../../../arm-none-eabi/lib/thumb/v7m\libstdc++.a(eh_catch.o)
                0x0000bd78                std::uncaught_exception()
 .text          0x0000bd88        0x0 c:/users/montoya/documents/classes/cmpe146/lab/cmpe146package_lpc1758/yagarto/bin/../lib/gcc/arm-none-eabi/4.6.2/../../../../arm-none-eabi/lib/thumb/v7m\libstdc++.a(eh_personality.o)
 .text._ZL12read_sleb128PKhPl
                0x0000bd88       0x3c c:/users/montoya/documents/classes/cmpe146/lab/cmpe146package_lpc1758/yagarto/bin/../lib/gcc/arm-none-eabi/4.6.2/../../../../arm-none-eabi/lib/thumb/v7m\libstdc++.a(eh_personality.o)
 .text._ZL28read_encoded_value_with_basehjPKhPj
                0x0000bdc4       0xc0 c:/users/montoya/documents/classes/cmpe146/lab/cmpe146package_lpc1758/yagarto/bin/../lib/gcc/arm-none-eabi/4.6.2/../../../../arm-none-eabi/lib/thumb/v7m\libstdc++.a(eh_personality.o)
 .text._ZL21base_of_encoded_valuehP15_Unwind_Context
                0x0000be84       0x4c c:/users/montoya/documents/classes/cmpe146/lab/cmpe146package_lpc1758/yagarto/bin/../lib/gcc/arm-none-eabi/4.6.2/../../../../arm-none-eabi/lib/thumb/v7m\libstdc++.a(eh_personality.o)
 .text._ZL17parse_lsda_headerP15_Unwind_ContextPKhP16lsda_header_info.constprop.1
                0x0000bed0       0x8c c:/users/montoya/documents/classes/cmpe146/lab/cmpe146package_lpc1758/yagarto/bin/../lib/gcc/arm-none-eabi/4.6.2/../../../../arm-none-eabi/lib/thumb/v7m\libstdc++.a(eh_personality.o)
 .text.__gxx_personality_v0
                0x0000bf5c      0x3a8 c:/users/montoya/documents/classes/cmpe146/lab/cmpe146package_lpc1758/yagarto/bin/../lib/gcc/arm-none-eabi/4.6.2/../../../../arm-none-eabi/lib/thumb/v7m\libstdc++.a(eh_personality.o)
                0x0000bf5c                __gxx_personality_v0
 .text          0x0000c304        0x0 c:/users/montoya/documents/classes/cmpe146/lab/cmpe146package_lpc1758/yagarto/bin/../lib/gcc/arm-none-eabi/4.6.2/../../../../arm-none-eabi/lib/thumb/v7m\libstdc++.a(fundamental_type_info.o)
 .text._ZN10__cxxabiv123__fundamental_type_infoD2Ev
                0x0000c304       0x14 c:/users/montoya/documents/classes/cmpe146/lab/cmpe146package_lpc1758/yagarto/bin/../lib/gcc/arm-none-eabi/4.6.2/../../../../arm-none-eabi/lib/thumb/v7m\libstdc++.a(fundamental_type_info.o)
                0x0000c304                __cxxabiv1::__fundamental_type_info::~__fundamental_type_info()
                0x0000c304                __cxxabiv1::__fundamental_type_info::~__fundamental_type_info()
 .text._ZN10__cxxabiv123__fundamental_type_infoD0Ev
                0x0000c318       0x1c c:/users/montoya/documents/classes/cmpe146/lab/cmpe146package_lpc1758/yagarto/bin/../lib/gcc/arm-none-eabi/4.6.2/../../../../arm-none-eabi/lib/thumb/v7m\libstdc++.a(fundamental_type_info.o)
                0x0000c318                __cxxabiv1::__fundamental_type_info::~__fundamental_type_info()
 .text          0x0000c334        0x0 c:/users/montoya/documents/classes/cmpe146/lab/cmpe146package_lpc1758/yagarto/bin/../lib/gcc/arm-none-eabi/4.6.2/../../../../arm-none-eabi/lib/thumb/v7m\libstdc++.a(pointer_type_info.o)
 .text._ZNK10__cxxabiv119__pointer_type_info14__is_pointer_pEv
                0x0000c334        0x4 c:/users/montoya/documents/classes/cmpe146/lab/cmpe146package_lpc1758/yagarto/bin/../lib/gcc/arm-none-eabi/4.6.2/../../../../arm-none-eabi/lib/thumb/v7m\libstdc++.a(pointer_type_info.o)
                0x0000c334                __cxxabiv1::__pointer_type_info::__is_pointer_p() const
 .text._ZN10__cxxabiv119__pointer_type_infoD2Ev
                0x0000c338       0x14 c:/users/montoya/documents/classes/cmpe146/lab/cmpe146package_lpc1758/yagarto/bin/../lib/gcc/arm-none-eabi/4.6.2/../../../../arm-none-eabi/lib/thumb/v7m\libstdc++.a(pointer_type_info.o)
                0x0000c338                __cxxabiv1::__pointer_type_info::~__pointer_type_info()
                0x0000c338                __cxxabiv1::__pointer_type_info::~__pointer_type_info()
 .text._ZN10__cxxabiv119__pointer_type_infoD0Ev
                0x0000c34c       0x1c c:/users/montoya/documents/classes/cmpe146/lab/cmpe146package_lpc1758/yagarto/bin/../lib/gcc/arm-none-eabi/4.6.2/../../../../arm-none-eabi/lib/thumb/v7m\libstdc++.a(pointer_type_info.o)
                0x0000c34c                __cxxabiv1::__pointer_type_info::~__pointer_type_info()
 .text._ZNK10__cxxabiv119__pointer_type_info15__pointer_catchEPKNS_17__pbase_type_infoEPPvj
                0x0000c368       0x48 c:/users/montoya/documents/classes/cmpe146/lab/cmpe146package_lpc1758/yagarto/bin/../lib/gcc/arm-none-eabi/4.6.2/../../../../arm-none-eabi/lib/thumb/v7m\libstdc++.a(pointer_type_info.o)
                0x0000c368                __cxxabiv1::__pointer_type_info::__pointer_catch(__cxxabiv1::__pbase_type_info const*, void**, unsigned int) const
 .text          0x0000c3b0        0x0 c:/users/montoya/documents/classes/cmpe146/lab/cmpe146package_lpc1758/yagarto/bin/../lib/gcc/arm-none-eabi/4.6.2/../../../../arm-none-eabi/lib/thumb/v7m\libstdc++.a(bad_cast.o)
 .text._ZNKSt8bad_cast4whatEv
                0x0000c3b0        0xc c:/users/montoya/documents/classes/cmpe146/lab/cmpe146package_lpc1758/yagarto/bin/../lib/gcc/arm-none-eabi/4.6.2/../../../../arm-none-eabi/lib/thumb/v7m\libstdc++.a(bad_cast.o)
                0x0000c3b0                std::bad_cast::what() const
 .text._ZNSt8bad_castD2Ev
                0x0000c3bc       0x14 c:/users/montoya/documents/classes/cmpe146/lab/cmpe146package_lpc1758/yagarto/bin/../lib/gcc/arm-none-eabi/4.6.2/../../../../arm-none-eabi/lib/thumb/v7m\libstdc++.a(bad_cast.o)
                0x0000c3bc                std::bad_cast::~bad_cast()
                0x0000c3bc                std::bad_cast::~bad_cast()
 .text._ZNSt8bad_castD0Ev
                0x0000c3d0       0x1c c:/users/montoya/documents/classes/cmpe146/lab/cmpe146package_lpc1758/yagarto/bin/../lib/gcc/arm-none-eabi/4.6.2/../../../../arm-none-eabi/lib/thumb/v7m\libstdc++.a(bad_cast.o)
                0x0000c3d0                std::bad_cast::~bad_cast()
 .text          0x0000c3ec        0x0 c:/users/montoya/documents/classes/cmpe146/lab/cmpe146package_lpc1758/yagarto/bin/../lib/gcc/arm-none-eabi/4.6.2/../../../../arm-none-eabi/lib/thumb/v7m\libstdc++.a(bad_typeid.o)
 .text._ZNKSt10bad_typeid4whatEv
                0x0000c3ec        0xc c:/users/montoya/documents/classes/cmpe146/lab/cmpe146package_lpc1758/yagarto/bin/../lib/gcc/arm-none-eabi/4.6.2/../../../../arm-none-eabi/lib/thumb/v7m\libstdc++.a(bad_typeid.o)
                0x0000c3ec                std::bad_typeid::what() const
 .text._ZNSt10bad_typeidD2Ev
                0x0000c3f8       0x14 c:/users/montoya/documents/classes/cmpe146/lab/cmpe146package_lpc1758/yagarto/bin/../lib/gcc/arm-none-eabi/4.6.2/../../../../arm-none-eabi/lib/thumb/v7m\libstdc++.a(bad_typeid.o)
                0x0000c3f8                std::bad_typeid::~bad_typeid()
                0x0000c3f8                std::bad_typeid::~bad_typeid()
 .text._ZNSt10bad_typeidD0Ev
                0x0000c40c       0x1c c:/users/montoya/documents/classes/cmpe146/lab/cmpe146package_lpc1758/yagarto/bin/../lib/gcc/arm-none-eabi/4.6.2/../../../../arm-none-eabi/lib/thumb/v7m\libstdc++.a(bad_typeid.o)
                0x0000c40c                std::bad_typeid::~bad_typeid()
 .text          0x0000c428        0x0 c:/users/montoya/documents/classes/cmpe146/lab/cmpe146package_lpc1758/yagarto/bin/../lib/gcc/arm-none-eabi/4.6.2/../../../../arm-none-eabi/lib/thumb/v7m\libstdc++.a(pbase_type_info.o)
 .text._ZNK10__cxxabiv117__pbase_type_info15__pointer_catchEPKS0_PPvj
                0x0000c428       0x14 c:/users/montoya/documents/classes/cmpe146/lab/cmpe146package_lpc1758/yagarto/bin/../lib/gcc/arm-none-eabi/4.6.2/../../../../arm-none-eabi/lib/thumb/v7m\libstdc++.a(pbase_type_info.o)
                0x0000c428                __cxxabiv1::__pbase_type_info::__pointer_catch(__cxxabiv1::__pbase_type_info const*, void**, unsigned int) const
 .text._ZN10__cxxabiv117__pbase_type_infoD2Ev
                0x0000c43c       0x14 c:/users/montoya/documents/classes/cmpe146/lab/cmpe146package_lpc1758/yagarto/bin/../lib/gcc/arm-none-eabi/4.6.2/../../../../arm-none-eabi/lib/thumb/v7m\libstdc++.a(pbase_type_info.o)
                0x0000c43c                __cxxabiv1::__pbase_type_info::~__pbase_type_info()
                0x0000c43c                __cxxabiv1::__pbase_type_info::~__pbase_type_info()
 .text._ZN10__cxxabiv117__pbase_type_infoD0Ev
                0x0000c450       0x1c c:/users/montoya/documents/classes/cmpe146/lab/cmpe146package_lpc1758/yagarto/bin/../lib/gcc/arm-none-eabi/4.6.2/../../../../arm-none-eabi/lib/thumb/v7m\libstdc++.a(pbase_type_info.o)
                0x0000c450                __cxxabiv1::__pbase_type_info::~__pbase_type_info()
 .text._ZNK10__cxxabiv117__pbase_type_info10__do_catchEPKSt9type_infoPPvj
                0x0000c46c       0x6c c:/users/montoya/documents/classes/cmpe146/lab/cmpe146package_lpc1758/yagarto/bin/../lib/gcc/arm-none-eabi/4.6.2/../../../../arm-none-eabi/lib/thumb/v7m\libstdc++.a(pbase_type_info.o)
                0x0000c46c                __cxxabiv1::__pbase_type_info::__do_catch(std::type_info const*, void**, unsigned int) const
 .text          0x0000c4d8      0x370 c:/users/montoya/documents/classes/cmpe146/lab/cmpe146package_lpc1758/yagarto/bin/../lib/gcc/arm-none-eabi/4.6.2/thumb/v7m\libgcc.a(_arm_addsubdf3.o)
                0x0000c4d8                __aeabi_drsub
                0x0000c4e0                __aeabi_dsub
                0x0000c4e0                __subdf3
                0x0000c4e4                __aeabi_dadd
                0x0000c4e4                __adddf3
                0x0000c75c                __floatunsidf
                0x0000c75c                __aeabi_ui2d
                0x0000c77c                __floatsidf
                0x0000c77c                __aeabi_i2d
                0x0000c7a0                __aeabi_f2d
                0x0000c7a0                __extendsfdf2
                0x0000c7dc                __floatundidf
                0x0000c7dc                __aeabi_ul2d
                0x0000c7ec                __floatdidf
                0x0000c7ec                __aeabi_l2d
 .text          0x0000c848      0x424 c:/users/montoya/documents/classes/cmpe146/lab/cmpe146package_lpc1758/yagarto/bin/../lib/gcc/arm-none-eabi/4.6.2/thumb/v7m\libgcc.a(_arm_muldivdf3.o)
                0x0000c848                __aeabi_dmul
                0x0000c848                __muldf3
                0x0000ca9c                __divdf3
                0x0000ca9c                __aeabi_ddiv
 .text          0x0000cc6c      0x110 c:/users/montoya/documents/classes/cmpe146/lab/cmpe146package_lpc1758/yagarto/bin/../lib/gcc/arm-none-eabi/4.6.2/thumb/v7m\libgcc.a(_arm_cmpdf2.o)
                0x0000cc6c                __gtdf2
                0x0000cc6c                __gedf2
                0x0000cc74                __ltdf2
                0x0000cc74                __ledf2
                0x0000cc7c                __nedf2
                0x0000cc7c                __eqdf2
                0x0000cc7c                __cmpdf2
                0x0000ccf8                __aeabi_cdrcmple
                0x0000cd08                __aeabi_cdcmpeq
                0x0000cd08                __aeabi_cdcmple
                0x0000cd18                __aeabi_dcmpeq
                0x0000cd2c                __aeabi_dcmplt
                0x0000cd40                __aeabi_dcmple
                0x0000cd54                __aeabi_dcmpge
                0x0000cd68                __aeabi_dcmpgt
 .text          0x0000cd7c       0x50 c:/users/montoya/documents/classes/cmpe146/lab/cmpe146package_lpc1758/yagarto/bin/../lib/gcc/arm-none-eabi/4.6.2/thumb/v7m\libgcc.a(_arm_fixdfsi.o)
                0x0000cd7c                __aeabi_d2iz
                0x0000cd7c                __fixdfsi
 .text          0x0000cdcc       0x40 c:/users/montoya/documents/classes/cmpe146/lab/cmpe146package_lpc1758/yagarto/bin/../lib/gcc/arm-none-eabi/4.6.2/thumb/v7m\libgcc.a(_arm_fixunsdfsi.o)
                0x0000cdcc                __aeabi_d2uiz
                0x0000cdcc                __fixunsdfsi
 .text          0x0000ce0c       0xa0 c:/users/montoya/documents/classes/cmpe146/lab/cmpe146package_lpc1758/yagarto/bin/../lib/gcc/arm-none-eabi/4.6.2/thumb/v7m\libgcc.a(_arm_truncdfsf2.o)
                0x0000ce0c                __truncdfsf2
                0x0000ce0c                __aeabi_d2f
 .text          0x0000ceac      0x21c c:/users/montoya/documents/classes/cmpe146/lab/cmpe146package_lpc1758/yagarto/bin/../lib/gcc/arm-none-eabi/4.6.2/thumb/v7m\libgcc.a(_arm_addsubsf3.o)
                0x0000ceac                __aeabi_frsub
                0x0000ceb4                __subsf3
                0x0000ceb4                __aeabi_fsub
                0x0000ceb8                __aeabi_fadd
                0x0000ceb8                __addsf3
                0x0000d018                __aeabi_ui2f
                0x0000d018                __floatunsisf
                0x0000d020                __aeabi_i2f
                0x0000d020                __floatsisf
                0x0000d03c                __aeabi_ul2f
                0x0000d03c                __floatundisf
                0x0000d04c                __aeabi_l2f
                0x0000d04c                __floatdisf
 .text          0x0000d0c8      0x2a0 c:/users/montoya/documents/classes/cmpe146/lab/cmpe146package_lpc1758/yagarto/bin/../lib/gcc/arm-none-eabi/4.6.2/thumb/v7m\libgcc.a(_arm_muldivsf3.o)
                0x0000d0c8                __mulsf3
                0x0000d0c8                __aeabi_fmul
                0x0000d230                __aeabi_fdiv
                0x0000d230                __divsf3
 .text          0x0000d368       0xec c:/users/montoya/documents/classes/cmpe146/lab/cmpe146package_lpc1758/yagarto/bin/../lib/gcc/arm-none-eabi/4.6.2/thumb/v7m\libgcc.a(_arm_cmpsf2.o)
                0x0000d368                __gesf2
                0x0000d368                __gtsf2
                0x0000d370                __lesf2
                0x0000d370                __ltsf2
                0x0000d378                __nesf2
                0x0000d378                __eqsf2
                0x0000d378                __cmpsf2
                0x0000d3d8                __aeabi_cfrcmple
                0x0000d3e0                __aeabi_cfcmpeq
                0x0000d3e0                __aeabi_cfcmple
                0x0000d3f0                __aeabi_fcmpeq
                0x0000d404                __aeabi_fcmplt
                0x0000d418                __aeabi_fcmple
                0x0000d42c                __aeabi_fcmpge
                0x0000d440                __aeabi_fcmpgt
 .text          0x0000d454       0x4c c:/users/montoya/documents/classes/cmpe146/lab/cmpe146package_lpc1758/yagarto/bin/../lib/gcc/arm-none-eabi/4.6.2/thumb/v7m\libgcc.a(_arm_fixsfsi.o)
                0x0000d454                __aeabi_f2iz
                0x0000d454                __fixsfsi
 .text          0x0000d4a0      0xa10 c:/users/montoya/documents/classes/cmpe146/lab/cmpe146package_lpc1758/yagarto/bin/../lib/gcc/arm-none-eabi/4.6.2/thumb/v7m\libgcc.a(unwind-arm.o)
                0x0000d75c                _Unwind_VRS_Get
                0x0000d7a8                _Unwind_VRS_Set
                0x0000dabc                __aeabi_unwind_cpp_pr2
                0x0000dac0                __aeabi_unwind_cpp_pr1
                0x0000dac4                __aeabi_unwind_cpp_pr0
                0x0000dac8                _Unwind_VRS_Pop
                0x0000dd58                _Unwind_GetCFA
                0x0000dd5c                __gnu_Unwind_RaiseException
                0x0000ddbc                __gnu_Unwind_ForcedUnwind
                0x0000ddd0                __gnu_Unwind_Resume
                0x0000de0c                __gnu_Unwind_Resume_or_Rethrow
                0x0000de1c                _Unwind_Complete
                0x0000de20                _Unwind_DeleteException
                0x0000de30                __gnu_Unwind_Backtrace
 .text          0x0000deb0      0x1ac c:/users/montoya/documents/classes/cmpe146/lab/cmpe146package_lpc1758/yagarto/bin/../lib/gcc/arm-none-eabi/4.6.2/thumb/v7m\libgcc.a(libunwind.o)
                0x0000deb0                __restore_core_regs
                0x0000deb0                restore_core_regs
                0x0000dec8                __gnu_Unwind_Restore_VFP
                0x0000ded0                __gnu_Unwind_Save_VFP
                0x0000ded8                __gnu_Unwind_Restore_VFP_D
                0x0000dee0                __gnu_Unwind_Save_VFP_D
                0x0000dee8                __gnu_Unwind_Restore_VFP_D_16_to_31
                0x0000def0                __gnu_Unwind_Save_VFP_D_16_to_31
                0x0000def8                __gnu_Unwind_Restore_WMMXD
                0x0000df3c                __gnu_Unwind_Save_WMMXD