Archive member included because of file (symbol)

c:/users/montoya/documents/classes/cmpe146/lab/cmpe146package_lpc1758/yagarto/bin/../lib/gcc/arm-none-eabi/4.6.2/../../../../arm-none-eabi/lib/thumb/v7m\libstdc++.a(guard.o)
                              ./L5_Application/source/handlers.o (__cxa_guard_acquire)
c:/users/montoya/documents/classes/cmpe146/lab/cmpe146package_lpc1758/yagarto/bin/../lib/gcc/arm-none-eabi/4.6.2/../../../../arm-none-eabi/lib/thumb/v7m\libstdc++.a(guard_error.o)
                              c:/users/montoya/documents/classes/cmpe146/lab/cmpe146package_lpc1758/yagarto/bin/../lib/gcc/arm-none-eabi/4.6.2/../../../../arm-none-eabi/lib/thumb/v7m\libstdc++.a(guard.o) (typeinfo for __gnu_cxx::recursive_init_error)
c:/users/montoya/documents/classes/cmpe146/lab/cmpe146package_lpc1758/yagarto/bin/../lib/gcc/arm-none-eabi/4.6.2/../../../../arm-none-eabi/lib/thumb/v7m\libstdc++.a(pure.o)
                              ./L5_Application/source/tasks.o (__cxa_pure_virtual)
c:/users/montoya/documents/classes/cmpe146/lab/cmpe146package_lpc1758/yagarto/bin/../lib/gcc/arm-none-eabi/4.6.2/../../../../arm-none-eabi/lib/thumb/v7m\libstdc++.a(si_class_type_info.o)
                              c:/users/montoya/documents/classes/cmpe146/lab/cmpe146package_lpc1758/yagarto/bin/../lib/gcc/arm-none-eabi/4.6.2/../../../../arm-none-eabi/lib/thumb/v7m\libstdc++.a(guard_error.o) (vtable for __cxxabiv1::__si_class_type_info)
c:/users/montoya/documents/classes/cmpe146/lab/cmpe146package_lpc1758/yagarto/bin/../lib/gcc/arm-none-eabi/4.6.2/../../../../arm-none-eabi/lib/thumb/v7m\libstdc++.a(tinfo.o)
                              c:/users/montoya/documents/classes/cmpe146/lab/cmpe146package_lpc1758/yagarto/bin/../lib/gcc/arm-none-eabi/4.6.2/../../../../arm-none-eabi/lib/thumb/v7m\libstdc++.a(si_class_type_info.o) (std::type_info::__is_pointer_p() const)
c:/users/montoya/documents/classes/cmpe146/lab/cmpe146package_lpc1758/yagarto/bin/../lib/gcc/arm-none-eabi/4.6.2/../../../../arm-none-eabi/lib/thumb/v7m\libstdc++.a(class_type_info.o)
                              c:/users/montoya/documents/classes/cmpe146/lab/cmpe146package_lpc1758/yagarto/bin/../lib/gcc/arm-none-eabi/4.6.2/../../../../arm-none-eabi/lib/thumb/v7m\libstdc++.a(si_class_type_info.o) (__cxxabiv1::__class_type_info::__do_upcast(__cxxabiv1::__class_type_info const*, void**) const)
c:/users/montoya/documents/classes/cmpe146/lab/cmpe146package_lpc1758/yagarto/bin/../lib/gcc/arm-none-eabi/4.6.2/../../../../arm-none-eabi/lib/thumb/v7m\libstdc++.a(eh_alloc.o)
                              c:/users/montoya/documents/classes/cmpe146/lab/cmpe146package_lpc1758/yagarto/bin/../lib/gcc/arm-none-eabi/4.6.2/../../../../arm-none-eabi/lib/thumb/v7m\libstdc++.a(guard.o) (__cxa_allocate_exception)
c:/users/montoya/documents/classes/cmpe146/lab/cmpe146package_lpc1758/yagarto/bin/../lib/gcc/arm-none-eabi/4.6.2/../../../../arm-none-eabi/lib/thumb/v7m\libstdc++.a(eh_exception.o)
                              c:/users/montoya/documents/classes/cmpe146/lab/cmpe146package_lpc1758/yagarto/bin/../lib/gcc/arm-none-eabi/4.6.2/../../../../arm-none-eabi/lib/thumb/v7m\libstdc++.a(guard_error.o) (std::exception::~exception())
c:/users/montoya/documents/classes/cmpe146/lab/cmpe146package_lpc1758/yagarto/bin/../lib/gcc/arm-none-eabi/4.6.2/../../../../arm-none-eabi/lib/thumb/v7m\libstdc++.a(eh_globals.o)
                              c:/users/montoya/documents/classes/cmpe146/lab/cmpe146package_lpc1758/yagarto/bin/../lib/gcc/arm-none-eabi/4.6.2/../../../../arm-none-eabi/lib/thumb/v7m\libstdc++.a(eh_alloc.o) (__cxa_get_globals)
c:/users/montoya/documents/classes/cmpe146/lab/cmpe146package_lpc1758/yagarto/bin/../lib/gcc/arm-none-eabi/4.6.2/../../../../arm-none-eabi/lib/thumb/v7m\libstdc++.a(eh_terminate.o)
                              c:/users/montoya/documents/classes/cmpe146/lab/cmpe146package_lpc1758/yagarto/bin/../lib/gcc/arm-none-eabi/4.6.2/../../../../arm-none-eabi/lib/thumb/v7m\libstdc++.a(pure.o) (std::terminate())
c:/users/montoya/documents/classes/cmpe146/lab/cmpe146package_lpc1758/yagarto/bin/../lib/gcc/arm-none-eabi/4.6.2/../../../../arm-none-eabi/lib/thumb/v7m\libstdc++.a(eh_term_handler.o)
                              c:/users/montoya/documents/classes/cmpe146/lab/cmpe146package_lpc1758/yagarto/bin/../lib/gcc/arm-none-eabi/4.6.2/../../../../arm-none-eabi/lib/thumb/v7m\libstdc++.a(eh_terminate.o) (__cxxabiv1::__terminate_handler)
c:/users/montoya/documents/classes/cmpe146/lab/cmpe146package_lpc1758/yagarto/bin/../lib/gcc/arm-none-eabi/4.6.2/../../../../arm-none-eabi/lib/thumb/v7m\libstdc++.a(eh_throw.o)
                              c:/users/montoya/documents/classes/cmpe146/lab/cmpe146package_lpc1758/yagarto/bin/../lib/gcc/arm-none-eabi/4.6.2/../../../../arm-none-eabi/lib/thumb/v7m\libstdc++.a(guard.o) (__cxa_throw)
[...]
Memory Configuration

Name             Origin             Length             Attributes
MFlash512        0x00001000         0x00080000         xr
RamLoc32         0x10000000         0x00008000         xrw
RamAHB32         0x2007c000         0x00008000         xrw
*default*        0x00000000         0xffffffff

Linker script and memory map

LOAD ./newlib/memory.o
LOAD ./newlib/printf_lib.o
LOAD ./newlib/syscalls.o
LOAD ./L5_Application/source/handlers.o
LOAD ./L5_Application/source/high_level_init.o
LOAD ./L5_Application/source/misc.o
LOAD ./L5_Application/source/tasks.o
LOAD ./L5_Application/ServoMotors/servoMotor.o
LOAD ./L5_Application/MatrixDisplay/matrixDisplay.o
LOAD ./L5_Application/LightSensors/lightSensors.o
LOAD ./L5_Application/main.o
LOAD ./L4_IO/src/io_source.o
LOAD ./L4_IO/src/storage.o
LOAD ./L4_IO/fat/option/ccsbcs.o
LOAD ./L4_IO/fat/option/reentrant.o
LOAD ./L4_IO/fat/disk/diskio.o
LOAD ./L4_IO/fat/disk/sd.o
LOAD ./L4_IO/fat/disk/spi_flash.o
LOAD ./L4_IO/fat/fatfs_time.o
LOAD ./L4_IO/fat/ff.o
LOAD ./L3_Utils/tlm/src/c_list.o
LOAD ./L3_Utils/tlm/src/c_tlm_binary.o
LOAD ./L3_Utils/tlm/src/c_tlm_comp.o
LOAD ./L3_Utils/tlm/src/c_tlm_stream.o
LOAD ./L3_Utils/tlm/src/c_tlm_var.o
LOAD ./L3_Utils/src/command_handler.o
LOAD ./L3_Utils/src/cpp_task.o
LOAD ./L3_Utils/src/file_logger.o
LOAD ./L3_Utils/src/freertos_timer.o
LOAD ./L3_Utils/src/logger.o
LOAD ./L3_Utils/src/rit_isr.o
LOAD ./L3_Utils/src/rtc_alarm.o
LOAD ./L3_Utils/src/str.o
LOAD ./L3_Utils/src/utilities.o
LOAD ./L2_Drivers/src/i2c2.o
LOAD ./L2_Drivers/src/i2c_base.o
LOAD ./L2_Drivers/src/pwm.o
LOAD ./L2_Drivers/src/rtc.o
LOAD ./L2_Drivers/src/spi1.o
LOAD ./L2_Drivers/src/spi_dma.o
LOAD ./L2_Drivers/src/uart0.o
LOAD ./L2_Drivers/src/uart2.o
LOAD ./L2_Drivers/src/uart3.o
LOAD ./L2_Drivers/src/uart_base.o
LOAD ./L2_Drivers/src/uart_iface.o
LOAD ./L1_FreeRTOS/src/croutine.o
LOAD ./L1_FreeRTOS/src/list.o
LOAD ./L1_FreeRTOS/src/queue.o
LOAD ./L1_FreeRTOS/src/tasks.o
LOAD ./L1_FreeRTOS/src/tasks.inc.o
LOAD ./L1_FreeRTOS/src/timers.o
LOAD ./L1_FreeRTOS/portable/port.o
LOAD ./L1_FreeRTOS/hooks/hooks.o
LOAD ./L1_FreeRTOS/MemMang/heap_3.o
LOAD ./L0_LowLevel/source/core_cm3.o
LOAD ./L0_LowLevel/source/cr_startup_lpc175x.o
LOAD ./L0_LowLevel/source/sys_clock.o
LOAD ./L0_LowLevel/source/system_init.o
LOAD ./L0_LowLevel/source/uart0_min.o
LOAD c:/users/montoya/documents/classes/cmpe146/lab/cmpe146package_lpc1758/yagarto/bin/../lib/gcc/arm-none-eabi/4.6.2/../../../../arm-none-eabi/lib/thumb/v7m\libstdc++.a
LOAD c:/users/montoya/documents/classes/cmpe146/lab/cmpe146package_lpc1758/yagarto/bin/../lib/gcc/arm-none-eabi/4.6.2/../../../../arm-none-eabi/lib/thumb/v7m\libm.a
START GROUP
LOAD c:/users/montoya/documents/classes/cmpe146/lab/cmpe146package_lpc1758/yagarto/bin/../lib/gcc/arm-none-eabi/4.6.2/thumb/v7m\libgcc.a
LOAD c:/users/montoya/documents/classes/cmpe146/lab/cmpe146package_lpc1758/yagarto/bin/../lib/gcc/arm-none-eabi/4.6.2/../../../../arm-none-eabi/lib/thumb/v7m\libc.a
END GROUP
                0x00080000                __top_MFlash512 = 0x80000
                0x10008000                __top_RamLoc32 = 0x10008000
                0x20084000                __top_RamAHB32 = 0x20084000

.text           0x00001000    0x189b8
 FILL mask 0xff
 *(.isr_vector)
 .isr_vector    0x00001000       0xcc ./L0_LowLevel/source/cr_startup_lpc175x.o
                0x00001000                g_pfnVectors
                0x000010cc                . = ALIGN (0x4)
                0x000010cc                __section_table_start = .
                0x000010cc                __data_section_table = .
                0x000010cc        0x4 LONG 0x19cec LOADADDR (.data)
                0x000010d0        0x4 LONG 0x2007c000 ADDR (.data)
                0x000010d4        0x4 LONG 0x8e0 SIZEOF (.data)
                0x000010d8                __data_section_table_end = .
                0x000010d8                __bss_section_table = .
                0x000010d8        0x4 LONG 0x2007c8e0 ADDR (.bss)
                0x000010dc        0x4 LONG 0xcac SIZEOF (.bss)
                0x000010e0                __bss_section_table_end = .
                0x000010e0                __section_table_end = .
 *(.after_vectors*)
 .after_vectors
                0x000010e0      0x14c ./L0_LowLevel/source/cr_startup_lpc175x.o
                0x000010e0                HardFault_Handler
                0x000010fa                DebugMon_Handler
                0x00001108                UsageFault_Handler
                0x00001118                BusFault_Handler
                0x00001128                MemManage_Handler
                0x00001138                NMI_Handler
                0x00001148                data_init(unsigned int, unsigned int, unsigned int)
                0x0000115a                bss_init(unsigned int, unsigned int)
                0x0000116a                ResetISR
                0x000011ec                SVC_Handler
                0x000011fc                PendSV_Handler
                0x0000120c                SysTick_Handler
                0x0000121c                EINT3_IRQHandler
                0x0000121c                CANActivity_IRQHandler
                0x0000121c                TIMER3_IRQHandler
                0x0000121c                UART1_IRQHandler
                0x0000121c                IntDefaultHandler
                0x0000121c                PLL0_IRQHandler
                0x0000121c                PWM1_IRQHandler
                0x0000121c                PLL1_IRQHandler
                0x0000121c                EINT2_IRQHandler
                0x0000121c                I2S_IRQHandler
                0x0000121c                TIMER0_IRQHandler
                0x0000121c                SPI_IRQHandler
                0x0000121c                EINT1_IRQHandler
                0x0000121c                ADC_IRQHandler
                0x0000121c                SSP1_IRQHandler
                0x0000121c                USBActivity_IRQHandler
                0x0000121c                USB_IRQHandler
                0x0000121c                BOD_IRQHandler
                0x0000121c                SSP0_IRQHandler
                0x0000121c                I2C0_IRQHandler
                0x0000121c                WDT_IRQHandler
                0x0000121c                I2C1_IRQHandler
                0x0000121c                QEI_IRQHandler
                0x0000121c                EINT0_IRQHandler
                0x0000121c                CAN_IRQHandler
                0x0000121c                DMA_IRQHandler
                0x0000121c                TIMER2_IRQHandler
                0x0000121c                MCPWM_IRQHandler
                0x0000121c                ENET_IRQHandler
 *(.text*)
 .text          0x0000122c       0xe0 ./newlib/memory.o
                0x0000122c                _sbrk
                0x0000127c                operator new(unsigned int)
                0x00001280                operator new[](unsigned int)
                0x00001284                operator delete(void*)
                0x00001288                operator delete[](void*)
                0x0000128c                getMemoryInfo
                0x00001304                __aeabi_atexit
                0x00001308                __gnu_cxx::__verbose_terminate_handler()
 .text          0x0000130c       0x30 ./newlib/printf_lib.o
                0x0000130c                printf
                0x00001324                sprintf
 .text          0x0000133c       0xa0 ./newlib/syscalls.o
                0x0000133c                printMessageUponCriticalSystemError
                0x00001350                stdio_SetOutputCharFunction
                0x0000135c                stdio_SetInputCharFunction
                0x00001368                _kill
                0x0000136c                _exit
                0x0000136e                _getpid
                0x00001372                _init
                0x00001376                _write
                0x0000139c                _read
                0x000013c8                syscallsInit
                0x000013ca                _fstat
                0x000013ce                _isatty
                0x000013d2                _lseek
                0x000013d6                _close
 .text          0x000013dc      0x994 ./L5_Application/source/handlers.o
                0x000013dc                taskListHandler(str&, str&, void*, int)
                0x00001430                memInfoHandler(str&, str&, void*, int)
                0x0000144c                timeHandler(str&, str&, void*, int)
                0x00001580                cpHandler(str&, str&, void*, int)
                0x00001618                mkdirHandler(str&, str&, void*, int)
                0x00001644                rmHandler(str&, str&, void*, int)
                0x00001680                mvHandler(str&, str&, void*, int)
                0x000016e0                storageHandler(str&, str&, void*, int)
                0x000017b8                learnIrHandler(str&, str&, void*, int)
                0x000017dc                dcpHandler(str&, str&, void*, int)
                0x00001908                lsHandler(str&, str&, void*, int)
                0x00001aa4                catHandler(str&, str&, void*, int)
                0x00001b90                healthHandler(str&, str&, void*, int)
                0x00001cd0                rebootHandler(str&, str&, void*, int)
                0x00001d04                logHandler(str&, str&, void*, int)
 .text._ZN7Storage13getFlashDriveEv
                0x00001d70       0x48 ./L5_Application/source/handlers.o
                0x00001d70                Storage::getFlashDrive()
 .text._ZN7Storage10getSDDriveEv
                0x00001db8       0x4c ./L5_Application/source/handlers.o
                0x00001db8                Storage::getSDDrive()
 .text._ZN17SingletonTemplateI5Uart0E11getInstanceEv
                0x00001e04       0x20 ./L5_Application/source/handlers.o
                0x00001e04                SingletonTemplate<Uart0>::getInstance()
 .text._ZN17SingletonTemplateI10FileLoggerE11getInstanceEv
                0x00001e24       0x20 ./L5_Application/source/handlers.o
                0x00001e24                SingletonTemplate<FileLogger>::getInstance()
 .text          0x00001e44      0x334 ./L5_Application/source/high_level_init.o
                0x00001e44                printLine()
                0x00001e50                mountStorage(FileSystemObject&, char const*)
                0x00001ec8                copyLogFileToSDCard()
                0x00001f1c                initializeBoardIO()
                0x00001f74                discoverExternalDevsOnI2C()
                0x00001fb8                highLevelInitialize()
 .text.adc0_initialize
                0x00002178       0xc0 ./L5_Application/source/high_level_init.o
                0x00002178                adc0_initialize
 .text._ZN17SingletonTemplateI4I2C2E11getInstanceEv
                0x00002238       0x20 ./L5_Application/source/high_level_init.o
                0x00002238                SingletonTemplate<I2C2>::getInstance()
 .text          0x00002258       0x44 ./L5_Application/source/misc.o
                0x00002258                getHandles
 .text          0x0000229c      0x6e8 ./L5_Application/source/tasks.o
                0x0000229c                terminalTask::regTlm()
                0x000022a0                remoteTask::regTlm()
                0x000022a4                remoteTask::init()
                0x000022c2                terminalTask::init()
                0x00002474                terminalTask::terminalTask()
                0x00002474                terminalTask::terminalTask()
                0x000024ec                terminalTask::restoreTlm()
                0x000024ee                terminalTask::saveDiskTlm()
                0x000024f2                remoteTask::remoteTask()
                0x000024f2                remoteTask::remoteTask()
                0x0000252c                remoteTask::getNumberFromCode(unsigned long, unsigned long&)
                0x00002548                ServoDirectionTask(void*)
                0x00002598                MatrixTask(void*)
                0x000025cc                getline(str&, int)
                0x000026a4                terminalTask::run(void*)
                0x00002730                terminalTask::taskEntry()
                0x00002774                remoteTask::taskEntry()
                0x00002782                LightSensorsTask(void*)
                0x00002808                remoteTask::run(void*)
 .text._ZN14scheduler_taskD2Ev
                0x00002984        0xc ./L5_Application/source/tasks.o
                0x00002984                scheduler_task::~scheduler_task()
                0x00002984                scheduler_task::~scheduler_task()
 .text._ZN14scheduler_task4initEv
                0x00002990        0x4 ./L5_Application/source/tasks.o
                0x00002990                scheduler_task::init()
 .text._ZN14scheduler_task6regTlmEv
                0x00002994        0x4 ./L5_Application/source/tasks.o
                0x00002994                scheduler_task::regTlm()
 .text._ZN14scheduler_task9taskEntryEv
                0x00002998        0x4 ./L5_Application/source/tasks.o
                0x00002998                scheduler_task::taskEntry()
 .text._ZN10remoteTaskD2Ev
                0x0000299c        0xc ./L5_Application/source/tasks.o
                0x0000299c                remoteTask::~remoteTask()
                0x0000299c                remoteTask::~remoteTask()
 .text._ZN10remoteTaskD0Ev
                0x000029a8       0x14 ./L5_Application/source/tasks.o
                0x000029a8                remoteTask::~remoteTask()
 .text._ZN14scheduler_taskD0Ev
                0x000029bc       0x14 ./L5_Application/source/tasks.o
                0x000029bc                scheduler_task::~scheduler_task()
 .text._ZN12terminalTaskD2Ev
                0x000029d0       0x3c ./L5_Application/source/tasks.o
                0x000029d0                terminalTask::~terminalTask()
                0x000029d0                terminalTask::~terminalTask()
 .text._ZN12terminalTaskD0Ev
                0x00002a0c       0x12 ./L5_Application/source/tasks.o
                0x00002a0c                terminalTask::~terminalTask()
 *fill*         0x00002a1e        0x2 00
 .text._ZN17SingletonTemplateI11LED_DisplayE11getInstanceEv
                0x00002a20       0x40 ./L5_Application/source/tasks.o
                0x00002a20                SingletonTemplate<LED_Display>::getInstance()
 .text._ZN17SingletonTemplateI9IR_SensorE11getInstanceEv
                0x00002a60       0x18 ./L5_Application/source/tasks.o
                0x00002a60                SingletonTemplate<IR_Sensor>::getInstance()
 .text          0x00002a78       0xf0 ./L5_Application/ServoMotors/servoMotor.o
                0x00002a78                change_direction_withDegree(double, ServoMotors::Enum)
                0x00002b18                initilize_motor()
 .text          0x00002b68      0x168 ./L5_Application/MatrixDisplay/matrixDisplay.o
                0x00002b68                initilize_matrix()
                0x00002b8c                CS_Low()
                0x00002b9c                CS_High()
                0x00002bac                writeMatrix(unsigned char, unsigned char)
                0x00002be8                clearMatrix()
                0x00002bfc                paintPixel(int, int, int)
                0x00002c84                ht1632_sendcmd(unsigned char)
                0x00002c90                ht1632_setup()
 .text          0x00002cd0      0x160 ./L5_Application/LightSensors/lightSensors.o
                0x00002d08                getDirectionTop(LightSensors::Enum)
                0x00002d7c                getDirectionBase(LightSensors::Enum)
                0x00002dec                checkDegree(int)
                0x00002e2c                setDegree(int, int)
 .text          0x00002e30        0x0 ./L5_Application/main.o
 .text.startup  0x00002e30       0x94 ./L5_Application/main.o
                0x00002e30                main
 *fill*         0x00002ec4        0x4 00
 .text          0x00002ec8      0x508 ./L4_IO/src/io_source.o
                0x00002ec8                Acceleration_Sensor::init()
                0x00002eea                Acceleration_Sensor::getX()
                0x00002efc                Acceleration_Sensor::getY()
                0x00002f0e                Acceleration_Sensor::getZ()
                0x00002f20                TIMER1_IRQHandler
                0x00002fc0                IR_Sensor::init()
                0x0000303c                IR_Sensor::isIRCodeReceived()
                0x00003050                IR_Sensor::getLastIRCode()
                0x00003064                LED_Display::setLeftDigit(char)
                0x00003074                LED_Display::setRightDigit(char)
                0x00003084                LED_Display::setNumber(char)
                0x000030ba                LED_Display::clear()
                0x000030ce                LED_Display::init()
                0x0000310a                LED::init()
                0x00003120                LED::setAll(char)
                0x00003188                LED::off(int)
                0x0000319a                LED::on(int)
                0x000031ac                Light_Sensor::init()
                0x000031d0                Light_Sensor::getRawValue()
                0x000031d6                Light_Sensor::getPercentValue()
                0x000031e8                Switches::init()
                0x000031f8                Switches::getSwitchValues()
                0x00003204                Switches::getSwitch(int)
                0x00003218                TemperatureSensor::init()
                0x0000323a                TemperatureSensor::getCelsius()
                0x00003266                TemperatureSensor::getFarenheit()
                0x0000328c                Photo_Sensor::init()
                0x00003298                Photo_Sensor::getRawValue()
                0x0000329e                Photo_Sensor::getServoValue()
                0x000032ac                Photo_Sensor::getPercentValue()
                0x000032d4                Servo_Motor::init()
                0x000032f8                Servo_Motor::change_direction(float)
                0x00003344                Servo_Motor::set_degree(float)
 .text._ZN15I2C_Device_Base8writeRegEhh
                0x000033d0       0x14 ./L4_IO/src/io_source.o
                0x000033d0                I2C_Device_Base::writeReg(unsigned char, unsigned char)
 .text._ZN15I2C_Device_Base16get16BitRegisterEh
                0x000033e4       0x28 ./L4_IO/src/io_source.o
                0x000033e4                I2C_Device_Base::get16BitRegister(unsigned char)
 .text.adc0_getReading
                0x0000340c       0x40 ./L4_IO/src/io_source.o
                0x0000340c                adc0_getReading
 .text          0x0000344c      0x196 ./L4_IO/src/storage.o
                0x0000344c                Storage::copy(char const*, char const*, unsigned int*, unsigned int*, unsigned int*)
                0x0000351a                Storage::read(char const*, void*, unsigned int, unsigned int)
                0x0000355c                Storage::write(char const*, void*, unsigned int, unsigned int)
                0x0000359e                Storage::append(char const*, void*, unsigned int, unsigned int)
 *fill*         0x000035e2        0x2 00
 .text          0x000035e4       0x64 ./L4_IO/fat/option/ccsbcs.o
                0x000035e4                ff_convert
                0x00003620                ff_wtoupper
 .text          0x00003648       0x60 ./L4_IO/fat/option/reentrant.o
                0x00003648                ff_cre_syncobj
                0x0000365c                ff_del_syncobj
                0x00003660                ff_req_grant
                0x0000368a                ff_rel_grant
 .text          0x000036a8      0x28c ./L4_IO/fat/disk/diskio.o
                0x000036a8                diskio_initializeSPIMutex
                0x000036b4                disk_initialize
                0x00003724                disk_status
                0x0000378c                disk_read
                0x0000381c                disk_write
                0x000038ac                disk_ioctl
 .text          0x00003934      0x868 ./L4_IO/fat/disk/sd.o
                0x00003934                wait_ready
                0x00003974                sd_initializeCardSignals
                0x000039b8                power_on
                0x000039ba                power_off
                0x000039f4                chk_power
                0x00003a08                rcvr_datablock
                0x00003ab4                xmit_datablock
                0x00003b2c                send_cmd
                0x00003c0c                sd_initialize
                0x00003d68                sd_status
                0x00003d74                sd_read
                0x00003e18                sd_write
                0x00003edc                sd_ioctl
                0x0000413c                sd_timerproc
 .text          0x0000419c      0x224 ./L4_IO/fat/disk/spi_flash.o
                0x0000422c                flash_InitializeSignals
                0x00004250                flash_Initialize
                0x000042c4                flash_ReadSector
                0x00004344                flash_WriteSector
                0x0000438e                flash_ioctl
 .text          0x000043c0       0x4e ./L4_IO/fat/fatfs_time.o
                0x000043c0                get_fattime
 *fill*         0x0000440e        0x2 00
 .text          0x00004410     0x23a8 ./L4_IO/fat/ff.o
                0x0000499a                clust2sect
                0x000049b0                get_fat
                0x00004ade                put_fat
                0x00005328                gen_numname
                0x00005578                f_mount
                0x000055e8                f_open
                0x000057c4                f_read
                0x00005930                f_write
                0x00005ae6                f_sync
                0x00005b48                f_close
                0x00005ba8                f_lseek
                0x00005cda                f_opendir
                0x00005d3e                f_readdir
                0x00005da0                f_stat
                0x00005de8                f_getfree
                0x00005ebe                f_truncate
                0x00005f56                f_unlink
                0x00006016                f_mkdir
                0x00006172                f_chmod
                0x000061ce                f_utime
                0x00006220                f_rename
                0x00006338                f_mkfs
 .text          0x000067b8      0x894 ./L3_Utils/tlm/src/c_list.o
                0x000067b8                del_callback
                0x000067c8                del_callback_free
                0x000067e0                c_list_create
                0x000067f8                c_list_delete
                0x00006830                c_list_node_count
                0x00006836                c_list_insert_elm_end
                0x00006866                c_list_insert_elm_beg
                0x00006890                c_list_get_elm_at
                0x000068e4                c_list_find_elm
                0x0000692c                c_list_delete_elm
                0x00006970                c_list_for_each_elm
                0x000069b2                test_list
 .text          0x0000704c        0x0 ./L3_Utils/tlm/src/c_tlm_binary.o
 .text          0x0000704c        0x0 ./L3_Utils/tlm/src/c_tlm_comp.o
 .text          0x0000704c        0x0 ./L3_Utils/tlm/src/c_tlm_stream.o
 .text          0x0000704c        0x0 ./L3_Utils/tlm/src/c_tlm_var.o
 .text          0x0000704c      0x26c ./L3_Utils/src/command_handler.o
                0x0000704c                CommandProcessor::getRegisteredCommandList(str&)
                0x000070d0                CommandProcessor::getHelpText(str&, str&)
                0x00007140                CommandProcessor::prepareCmdParam(str&, char const*, str&)
                0x00007164                CommandProcessor::handleCmd(str&, str&)
                0x00007238                CommandProcessor::handleCommand(char const*)
                0x0000728c                CommandProcessor::addHandler(void (*)(str&, str&, void*, int), char const*, char const*, void*, int)
 .text._ZN6VECTORIN16CommandProcessor16CmdProcessorTypeEE9push_backERKS1_
                0x000072b8       0x62 ./L3_Utils/src/command_handler.o
                0x000072b8                VECTOR<CommandProcessor::CmdProcessorType>::push_back(CommandProcessor::CmdProcessorType const&)
 *fill*         0x0000731a        0x2 00
 .text          0x0000731c      0x2d8 ./L3_Utils/src/cpp_task.o
                0x00007388                scheduler_c_task_private(void*)
                0x00007488                scheduler_init_all(bool)
                0x00007574                scheduler_add_task(scheduler_task*)
                0x00007598                scheduler_start(bool)
                0x000075c8                scheduler_task::scheduler_task(char const*, unsigned long, unsigned char, void*)
                0x000075c8                scheduler_task::scheduler_task(char const*, unsigned long, unsigned char, void*)
 .text          0x000075f4      0x174 ./L3_Utils/src/file_logger.o
                0x000075f4                SimpleLogger::handleCompletedBuffer(char*, unsigned int)
                0x000075fc                FileLogger::getTimestamp()
                0x00007600                FileLogger::semGive()
                0x0000761c                FileLogger::semTake()
                0x0000763a                FileLogger::handleCompletedBuffer(char*, unsigned int)
                0x000076b0                FileLogger::flush()
                0x000076ca                FileLogger::FileLogger()
                0x000076ca                FileLogger::FileLogger()
                0x000076fc                SimpleLogger::SimpleLogger(char const*, char*, int)
                0x000076fc                SimpleLogger::SimpleLogger(char const*, char*, int)
                0x00007728                SimpleLogger::printf(char const*, ...)
                0x00007762                SimpleLogger::flush()
 .text._ZN10LoggerBaseD2Ev
                0x00007768        0xc ./L3_Utils/src/file_logger.o
                0x00007768                LoggerBase::~LoggerBase()
                0x00007768                LoggerBase::~LoggerBase()
 .text._ZN10LoggerBase7semTakeEv
                0x00007774        0x2 ./L3_Utils/src/file_logger.o
                0x00007774                LoggerBase::semTake()
 .text._ZN10LoggerBase7semGiveEv
                0x00007776        0x2 ./L3_Utils/src/file_logger.o
                0x00007776                LoggerBase::semGive()
 .text._ZN10LoggerBase12getTimestampEv
                0x00007778        0x4 ./L3_Utils/src/file_logger.o
                0x00007778                LoggerBase::getTimestamp()
 .text._ZN12SimpleLoggerD2Ev
                0x0000777c        0xc ./L3_Utils/src/file_logger.o
                0x0000777c                SimpleLogger::~SimpleLogger()
                0x0000777c                SimpleLogger::~SimpleLogger()
 .text._ZN10FileLoggerD2Ev
                0x00007788        0xc ./L3_Utils/src/file_logger.o
                0x00007788                FileLogger::~FileLogger()
                0x00007788                FileLogger::~FileLogger()
 .text._ZN10FileLoggerD0Ev
                0x00007794       0x14 ./L3_Utils/src/file_logger.o
                0x00007794                FileLogger::~FileLogger()
 .text._ZN12SimpleLoggerD0Ev
                0x000077a8       0x14 ./L3_Utils/src/file_logger.o
                0x000077a8                SimpleLogger::~SimpleLogger()
 .text._ZN10LoggerBaseD0Ev
                0x000077bc       0x14 ./L3_Utils/src/file_logger.o
                0x000077bc                LoggerBase::~LoggerBase()
 .text          0x000077d0        0x0 ./L3_Utils/src/freertos_timer.o
 .text          0x000077d0      0x2ac ./L3_Utils/src/logger.o
                0x000077d0                LoggerBase::flush()
                0x000077e6                LoggerBase::log(char const*)
                0x00007834                LoggerBase::logCsvMessage(char const*, char const*, char const*, char const*, int)
                0x00007950                LoggerBase::logInfo(char const*, char const*, char const*, int)
                0x0000796c                LoggerBase::logInfoPrintf(char const*, char const*, int, char const*, ...)
                0x000079b2                LoggerBase::logWarn(char const*, char const*, char const*, int)
                0x000079d0                LoggerBase::logWarnPrintf(char const*, char const*, int, char const*, ...)
                0x00007a16                LoggerBase::logError(char const*, char const*, char const*, int)
                0x00007a34                LoggerBase::logErrorPrintf(char const*, char const*, int, char const*, ...)
 .text          0x00007a7c       0xc4 ./L3_Utils/src/rit_isr.o
                0x00007a7c                RIT_IRQHandler
                0x00007ac0                rit_get_timer_value_ms
                0x00007acc                rit_setup_callback
 .text          0x00007b40      0x19c ./L3_Utils/src/rtc_alarm.o
                0x00007ba0                rtc_EnableRecurringAlarm
                0x00007bf8                rtc_CreateDailyAlarm
                0x00007c54                RTC_IRQHandler
 .text          0x00007cdc      0xbd8 ./L3_Utils/src/str.o
                0x00007cdc                str::toInt(char const*)
                0x00007ce0                str::str(char*, int)
                0x00007ce0                str::str(char*, int)
                0x00007d06                str::~str()
                0x00007d06                str::~str()
                0x00007d2a                str::getLen() const
                0x00007d30                str::getCapacity() const
                0x00007d34                str::clear()
                0x00007d3c                str::toLower()
                0x00007d54                str::toUpper()
                0x00007d6c                str::scanf(char const*, ...)
                0x00007d86                str::compareTo(char const*) const
                0x00007d9c                str::compareToIgnoreCase(char const*) const
                0x00007dae                str::firstIndexOfIgnoreCase(char const*) const
                0x00007e2c                str::containsIgnoreCase(char const*) const
                0x00007e3a                str::firstIndexOf(char const*) const
                0x00007e50                str::contains(char const*) const
                0x00007e5e                str::lastIndexOf(char const*) const
                0x00007ea0                str::countOf(char const*) const
                0x00007ed2                str::beginsWith(char const*) const
                0x00007f04                str::beginsWithIgnoreCase(char const*) const
                0x00007f36                str::beginsWithWholeWord(char const*, char) const
                0x00007f66                str::beginsWithWholeWordIgnoreCase(char const*, char) const
                0x00007f96                str::endsWith(char const*) const
                0x00007fc8                str::endsWithIgnoreCase(char const*) const
                0x00007ffa                str::eraseFirst(int)
                0x0000802e                str::eraseLast(int)
                0x0000804e                str::eraseAllAfter(int)
                0x00008070                str::eraseAfter(int, int)
                0x000080b4                str::eraseCharAt(int)
                0x000080b8                str::erase(char const*)
                0x000080de                str::eraseAllSpecialChars()
                0x0000810e                str::trimStart(char const*)
                0x00008156                str::trimEnd(char const*)
                0x00008196                str::isAllAlpha() const
                0x000081b8                str::isAlphaNumeric() const
                0x000081da                str::isUint() const
                0x000081fe                str::isInt() const
                0x0000822e                str::checksum_Get()
                0x0000824c                str::checksum_Remove()
                0x00008264                str::operator-=(char const*)
                0x00008266                str::operator-=(str const&)
                0x0000826a                str::operator==(char const*) const
                0x0000826c                str::operator==(str const&) const
                0x00008270                str::operator==(int) const
                0x00008288                str::operator!=(char const*) const
                0x00008296                str::operator!=(str const&) const
                0x000082a6                str::operator!=(int) const
                0x000082b8                str::operator<(char const*) const
                0x000082c4                str::operator<(int) const
                0x000082d8                str::operator>(char const*) const
                0x000082ea                str::operator>(int) const
                0x000082fe                str::operator<=(char const*) const
                0x00008310                str::operator<=(int) const
                0x00008324                str::operator>=(char const*) const
                0x00008332                str::operator>=(int) const
                0x00008346                str::operator()() const
                0x0000834a                str::operator int() const
                0x00008350                str::operator[](int)
                0x00008366                str::reAllocateMem(int)
                0x000083a8                str::ensureMemoryToInsertNChars(int)
                0x000083ca                str::insertAt(int, char const*)
                0x0000842c                str::replaceAll(char const*, char const*)
                0x0000846a                str::replaceLast(char const*, char const*)
                0x0000849e                str::replaceFirst(char const*, char const*)
                0x000084d2                str::insertAtBeg(char const*)
                0x000084d8                str::insertAtEnd(char const*)
                0x000084fa                str::append(char const*)
                0x000084fc                str::operator+=(char)
                0x00008512                str::operator+=(str const&)
                0x00008516                str::operator+=(char const*)
                0x00008518                str::appendAsHex(unsigned int)
                0x00008534                str::checksum_Append()
                0x00008554                str::append(int)
                0x00008570                str::str(int)
                0x00008570                str::str(int)
                0x0000857c                str::str()
                0x0000857c                str::str()
                0x0000858a                str::reserve(int)
                0x00008596                str::subString(int, int)
                0x00008600                str::getToken(char const*, bool)
                0x00008648                str::subString(char, char)
                0x0000867c                str::subString(char const*, int)
                0x00008692                str::subString(char, int)
                0x000086a8                str::subString(int)
                0x000086c0                str::subString(char const*)
                0x000086d2                str::subString(char)
                0x000086e8                str::printf(char const*, ...)
                0x00008736                str::copyFrom(char const*)
                0x00008772                str::operator=(int)
                0x00008794                str::operator-=(int)
                0x000087b2                str::operator--(int)
                0x000087b6                str::operator--()
                0x000087ba                str::operator+=(int)
                0x000087d8                str::operator++(int)
                0x000087dc                str::operator++()
                0x000087e0                str::operator=(char const*)
                0x000087e2                str::operator=(str const&)
                0x000087f4                str::str(str const&)
                0x000087f4                str::str(str const&)
                0x00008814                str::str(char const*)
                0x00008814                str::str(char const*)
                0x00008834                str::singleHexCharToInt(unsigned char)
                0x00008854                str::hexStrDigitsToInt(char*)
                0x00008870                str::checksum_Verify()
 .text._ZN3str4initEi
                0x000088b4       0x10 ./L3_Utils/src/str.o
                0x000088b4                str::init(int)
 .text          0x000088c4      0x148 ./L3_Utils/src/utilities.o
                0x000088c4                delay_us
                0x000088ea                isFreeRtosRunning
                0x00008910                delay_ms
                0x00008930                printMemoryInfo
                0x00008958                logBootInfo
 .text          0x00008a0c       0xa8 ./L2_Drivers/src/i2c2.o
                0x00008a0c                I2C2::init(unsigned int)
                0x00008a7c                I2C2::I2C2()
                0x00008a7c                I2C2::I2C2()
                0x00008a90                I2C2_IRQHandler
 .text          0x00008ab4      0x4d8 ./L2_Drivers/src/i2c_base.o
                0x00008ab4                I2C_Base::I2C_Base(LPC_I2C_TypeDef*)
                0x00008ab4                I2C_Base::I2C_Base(LPC_I2C_TypeDef*)
                0x00008b20                I2C_Base::init(unsigned int, unsigned int)
                0x00008bb8                I2C_Base::i2cKickOffTransfer(I2C_Base::mI2cModeType, char, char, char*, int)
                0x00008be6                I2C_Base::i2cStateMachine()
                0x00008d8a                I2C_Base::writeReg(char, char, char)
                0x00008e30                I2C_Base::readRegisters(char, char, char*, unsigned int)
                0x00008f24                I2C_Base::isDevicePresent(char)
                0x00008f3e                I2C_Base::readReg(char, char)
                0x00008f5e                I2C_Base::handleInterrupt()
 .text          0x00008f8c      0x164 ./L2_Drivers/src/pwm.o
                0x00008f8c                pwmEn
                0x00008fc0                initPWM
                0x00009040                pwmUpdateMR
                0x000090ac                pwmReadMR
 .text          0x000090f0      0x154 ./L2_Drivers/src/rtc.o
                0x000090f0                rtc_gettime
                0x00009104                rtc_settime
                0x00009150                rtc_initialize
                0x000091ec                rtc_getDateTimeString
 .text          0x00009244       0x98 ./L2_Drivers/src/spi1.o
                0x00009244                spi1_SetMaxClockMhz
                0x00009280                spi1_Init
 .text          0x000092dc       0xec ./L2_Drivers/src/spi_dma.o
                0x000092dc                spiDmaInitialize
                0x00009300                spiDmaTransferBlock
 .text          0x000093c8       0xb0 ./L2_Drivers/src/uart0.o
                0x000093c8                Uart0::init(unsigned int, int, int)
                0x00009418                Uart0::Uart0()
                0x00009418                Uart0::Uart0()
                0x00009434                Uart0::putcharIntrDriven(char)
                0x0000944a                Uart0::getcharIntrDriven(char)
                0x0000946a                UART0_IRQHandler
 .text._ZN9UartIfaceD2Ev
                0x00009478        0xc ./L2_Drivers/src/uart0.o
                0x00009478                UartIface::~UartIface()
                0x00009478                UartIface::~UartIface()
 .text._ZN5Uart0D2Ev
                0x00009484        0xc ./L2_Drivers/src/uart0.o
                0x00009484                Uart0::~Uart0()
                0x00009484                Uart0::~Uart0()
 .text._ZN9UartIfaceD0Ev
                0x00009490       0x14 ./L2_Drivers/src/uart0.o
                0x00009490                UartIface::~UartIface()
 .text._ZN5Uart0D0Ev
                0x000094a4       0x14 ./L2_Drivers/src/uart0.o
                0x000094a4                Uart0::~Uart0()
 .text          0x000094b8       0x90 ./L2_Drivers/src/uart2.o
                0x000094b8                Uart2::init(unsigned int, int, int)
                0x00009508                Uart2::Uart2()
                0x00009508                Uart2::Uart2()
                0x00009524                UART2_IRQHandler
 .text._ZN5Uart2D2Ev
                0x00009548        0xc ./L2_Drivers/src/uart2.o
                0x00009548                Uart2::~Uart2()
                0x00009548                Uart2::~Uart2()
 .text._ZN5Uart2D0Ev
                0x00009554       0x14 ./L2_Drivers/src/uart2.o
                0x00009554                Uart2::~Uart2()
 .text          0x00009568       0x94 ./L2_Drivers/src/uart3.o
                0x00009568                Uart3::init(unsigned int, int, int)
                0x000095b8                Uart3::Uart3()
                0x000095b8                Uart3::Uart3()
                0x000095d8                UART3_IRQHandler
 .text._ZN5Uart3D2Ev
                0x000095fc        0xc ./L2_Drivers/src/uart3.o
                0x000095fc                Uart3::~Uart3()
                0x000095fc                Uart3::~Uart3()
 .text._ZN5Uart3D0Ev
                0x00009608       0x14 ./L2_Drivers/src/uart3.o
                0x00009608                Uart3::~Uart3()
 .text          0x0000961c      0x2a4 ./L2_Drivers/src/uart_base.o
                0x0000961c                UART_Base::putChar(char, unsigned int)
                0x00009686                UART_Base::getChar(char*, unsigned int) const
                0x000096de                UART_Base::recentlyActive(unsigned int) const
                0x000096f4                UART_Base::setBaudRate(unsigned int)
                0x00009730                UART_Base::handleInterrupt()
                0x000097ea                UART_Base::UART_Base(unsigned int*)
                0x000097ea                UART_Base::UART_Base(unsigned int*)
                0x00009800                UART_Base::init(unsigned int, unsigned int, int, int)
 .text._ZN9UART_BaseD2Ev
                0x000098c0        0xc ./L2_Drivers/src/uart_base.o
                0x000098c0                UART_Base::~UART_Base()
                0x000098c0                UART_Base::~UART_Base()
 .text._ZN9UART_BaseD0Ev
                0x000098cc       0x14 ./L2_Drivers/src/uart_base.o
                0x000098cc                UART_Base::~UART_Base()
 .text          0x000098e0      0x128 ./L2_Drivers/src/uart_iface.o
                0x000098e0                UartIface::put(char const*, unsigned int)
                0x00009902                UartIface::puts(char const*, unsigned int)
                0x0000991c                UartIface::gets(char*, int, unsigned int)
                0x0000997c                UartIface::printf(char const*, ...)
                0x000099c4                UartIface::scanf(char const*, ...)
 .text          0x00009a08        0x0 ./L1_FreeRTOS/src/croutine.o
 .text          0x00009a08       0x88 ./L1_FreeRTOS/src/list.o
                0x00009a08                vListInitialise
                0x00009a1e                vListInitialiseItem
                0x00009a24                vListInsertEnd
                0x00009a3e                vListInsert
                0x00009a6e                uxListRemove
 .text          0x00009a90      0x4e6 ./L1_FreeRTOS/src/queue.o
                0x00009b78                xQueueGenericReset
                0x00009bd4                xQueueGenericCreate
                0x00009c1c                xQueueCreateCountingSemaphore
                0x00009c2e                xQueueGenericSend
                0x00009d12                xQueueCreateMutex
                0x00009d5e                xQueueGenericSendFromISR
                0x00009db8                xQueueGenericReceive
                0x00009ecc                xQueueReceiveFromISR
                0x00009f20                uxQueueMessagesWaiting
                0x00009f32                uxQueueMessagesWaitingFromISR
                0x00009f36                vQueueDelete
                0x00009f4a                ucQueueGetQueueNumber
                0x00009f50                vQueueSetQueueNumber
                0x00009f56                ucQueueGetQueueType
                0x00009f5c                xQueueIsQueueEmptyFromISR
                0x00009f68                xQueueIsQueueFullFromISR
 *fill*         0x00009f76        0x2 00
 .text          0x00009f78      0xbc4 ./L1_FreeRTOS/src/tasks.o
                0x0000a12c                xTaskGenericCreate
                0x0000a2a8                xTaskIsTaskSuspended
                0x0000a2d0                vTaskResume
                0x0000a334                xTaskResumeFromISR
                0x0000a3ac                vTaskStartScheduler
                0x0000a3f8                vTaskEndScheduler
                0x0000a414                vTaskSuspendAll
                0x0000a428                xTaskGetTickCount
                0x0000a440                xTaskGetTickCountFromISR
                0x0000a458                uxTaskGetNumberOfTasks
                0x0000a464                vTaskIncrementTick
                0x0000a528                xTaskResumeAll
                0x0000a5e4                vTaskGetRunTimeStats
                0x0000a670                vTaskDelay
                0x0000a6a4                vTaskDelayUntil
                0x0000a700                vTaskSwitchContext
                0x0000a7b4                vTaskSuspend
                0x0000a81c                vTaskPlaceOnEventList
                0x0000a854                xTaskRemoveFromEventList
                0x0000a8b0                vTaskSetTimeOutState
                0x0000a8c4                xTaskCheckForTimeOut
                0x0000a918                vTaskMissedYield
                0x0000a928                uxTaskGetTaskNumber
                0x0000a92e                vTaskSetTaskNumber
                0x0000a934                uxTaskGetStackHighWaterMark
                0x0000a954                xTaskGetCurrentTaskHandle
                0x0000a960                xTaskGetSchedulerState
                0x0000a97c                vTaskPriorityInherit
                0x0000a9e8                vTaskPriorityDisinherit
                0x0000aa34                vTaskResetRunTimeStats
                0x0000aa98                uxTaskGetCpuUsage
                0x0000aab8                vTaskList
 .text          0x0000ab3c        0x0 ./L1_FreeRTOS/src/tasks.inc.o
 .text          0x0000ab3c        0x0 ./L1_FreeRTOS/src/timers.o
 .text          0x0000ab3c      0x190 ./L1_FreeRTOS/portable/port.o
                0x0000ab4c                pxPortInitialiseStack
                0x0000ab62                vPortSVCHandler
                0x0000ab84                vPortEndScheduler
                0x0000ab86                vPortYieldFromISR
                0x0000ab94                ulPortSetInterruptMask
                0x0000aba4                vPortEnterCritical
                0x0000abb8                vPortClearInterruptMask
                0x0000abbe                vPortExitCritical
                0x0000abd0                xPortPendSVHandler
                0x0000ac0c                xPortSysTickHandler
                0x0000ac2c                vPortSetupTimerInterrupt
                0x0000ac40                xPortStartScheduler
                0x0000ac70                vConfigureTimerForRunTimeStats
                0x0000acb4                uxGetTimerForRunTimeStats
                0x0000acbc                resetRunTimeCounter
 .text          0x0000accc       0x4c ./L1_FreeRTOS/hooks/hooks.o
                0x0000accc                vApplicationIdleHook
                0x0000acd0                vApplicationStackOverflowHook
                0x0000acfc                vApplicationMallocFailedHook
 .text          0x0000ad18       0x38 ./L1_FreeRTOS/MemMang/heap_3.o
                0x0000ad18                pvPortMalloc
                0x0000ad36                vPortFree
 .text          0x0000ad50       0x86 ./L0_LowLevel/source/core_cm3.o
                0x0000ad50                __get_PSP
                0x0000ad58                __set_PSP
                0x0000ad5e                __get_MSP
                0x0000ad66                __set_MSP
                0x0000ad6c                __get_BASEPRI
                0x0000ad72                __set_BASEPRI
                0x0000ad78                __get_PRIMASK
                0x0000ad7e                __set_PRIMASK
                0x0000ad84                __get_FAULTMASK
                0x0000ad8a                __set_FAULTMASK
                0x0000ad90                __get_CONTROL
                0x0000ad96                __set_CONTROL
                0x0000ad9c                __REV
                0x0000ada0                __REV16
                0x0000ada4                __REVSH
                0x0000ada8                __RBIT
                0x0000adae                __LDREXB
                0x0000adb6                __LDREXH
                0x0000adbe                __LDREXW
                0x0000adc4                __STREXB
                0x0000adca                __STREXH
                0x0000add0                __STREXW
 *fill*         0x0000add6        0x2 00
 .text          0x0000add8       0x94 ./L0_LowLevel/source/cr_startup_lpc175x.o
                0x0000add8                HardFault_HandlerC
 .text          0x0000ae6c      0x1f8 ./L0_LowLevel/source/sys_clock.o
                0x0000ae80                calculatePLLParameters(unsigned int, unsigned int, int*, int*, int*)
                0x0000af04                configureSystemClock()
                0x0000afc4                getCpuClock
 .text          0x0000b064      0x2e0 ./L0_LowLevel/source/system_init.o
                0x0000b090                configureFlashAccelerator(unsigned int)
                0x0000b0dc                initializeDefaultInterruptPriority()
                0x0000b200                getRebootCause
                0x0000b20c                getBootTime
                0x0000b220                lowLevelInitialize()
 .text          0x0000b344       0xb8 ./L0_LowLevel/source/uart0_min.o
                0x0000b344                uart0Init
                0x0000b3bc                uart0Putchar
                0x0000b3d0                uart0Puts
                0x0000b3ea                uart0Getchar
 .text          0x0000b3fc        0x0 c:/users/montoya/documents/classes/cmpe146/lab/cmpe146package_lpc1758/yagarto/bin/../lib/gcc/arm-none-eabi/4.6.2/../../../../arm-none-eabi/lib/thumb/v7m\libstdc++.a(guard.o)
 .text.__cxa_guard_acquire
                0x0000b3fc       0x38 c:/users/montoya/documents/classes/cmpe146/lab/cmpe146package_lpc1758/yagarto/bin/../lib/gcc/arm-none-eabi/4.6.2/../../../../arm-none-eabi/lib/thumb/v7m\libstdc++.a(guard.o)
                0x0000b3fc                __cxa_guard_acquire
 .text.__cxa_guard_abort
                0x0000b434        0x8 c:/users/montoya/documents/classes/cmpe146/lab/cmpe146package_lpc1758/yagarto/bin/../lib/gcc/arm-none-eabi/4.6.2/../../../../arm-none-eabi/lib/thumb/v7m\libstdc++.a(guard.o)
                0x0000b434                __cxa_guard_abort
 .text.__cxa_guard_release
                0x0000b43c        0x8 c:/users/montoya/documents/classes/cmpe146/lab/cmpe146package_lpc1758/yagarto/bin/../lib/gcc/arm-none-eabi/4.6.2/../../../../arm-none-eabi/lib/thumb/v7m\libstdc++.a(guard.o)
                0x0000b43c                __cxa_guard_release
 .text          0x0000b444        0x0 c:/users/montoya/documents/classes/cmpe146/lab/cmpe146package_lpc1758/yagarto/bin/../lib/gcc/arm-none-eabi/4.6.2/../../../../arm-none-eabi/lib/thumb/v7m\libstdc++.a(guard_error.o)
 .text._ZN9__gnu_cxx20recursive_init_errorD2Ev
                0x0000b444       0x14 c:/users/montoya/documents/classes/cmpe146/lab/cmpe146package_lpc1758/yagarto/bin/../lib/gcc/arm-none-eabi/4.6.2/../../../../arm-none-eabi/lib/thumb/v7m\libstdc++.a(guard_error.o)
                0x0000b444                __gnu_cxx::recursive_init_error::~recursive_init_error()
                0x0000b444                __gnu_cxx::recursive_init_error::~recursive_init_error()
 .text._ZN9__gnu_cxx20recursive_init_errorD0Ev
                0x0000b458       0x1c c:/users/montoya/documents/classes/cmpe146/lab/cmpe146package_lpc1758/yagarto/bin/../lib/gcc/arm-none-eabi/4.6.2/../../../../arm-none-eabi/lib/thumb/v7m\libstdc++.a(guard_error.o)
                0x0000b458                __gnu_cxx::recursive_init_error::~recursive_init_error()
 .text          0x0000b474        0x0 c:/users/montoya/documents/classes/cmpe146/lab/cmpe146package_lpc1758/yagarto/bin/../lib/gcc/arm-none-eabi/4.6.2/../../../../arm-none-eabi/lib/thumb/v7m\libstdc++.a(pure.o)
 .text.__cxa_pure_virtual
                0x0000b474       0x18 c:/users/montoya/documents/classes/cmpe146/lab/cmpe146package_lpc1758/yagarto/bin/../lib/gcc/arm-none-eabi/4.6.2/../../../../arm-none-eabi/lib/thumb/v7m\libstdc++.a(pure.o)
                0x0000b474                __cxa_pure_virtual
 .text          0x0000b48c        0x0 c:/users/montoya/documents/classes/cmpe146/lab/cmpe146package_lpc1758/yagarto/bin/../lib/gcc/arm-none-eabi/4.6.2/../../../../arm-none-eabi/lib/thumb/v7m\libstdc++.a(si_class_type_info.o)
 .text._ZN10__cxxabiv120__si_class_type_infoD2Ev
                0x0000b48c       0x14 c:/users/montoya/documents/classes/cmpe146/lab/cmpe146package_lpc1758/yagarto/bin/../lib/gcc/arm-none-eabi/4.6.2/../../../../arm-none-eabi/lib/thumb/v7m\libstdc++.a(si_class_type_info.o)
                0x0000b48c                __cxxabiv1::__si_class_type_info::~__si_class_type_info()
                0x0000b48c                __cxxabiv1::__si_class_type_info::~__si_class_type_info()
 .text._ZN10__cxxabiv120__si_class_type_infoD0Ev
                0x0000b4a0       0x1c c:/users/montoya/documents/classes/cmpe146/lab/cmpe146package_lpc1758/yagarto/bin/../lib/gcc/arm-none-eabi/4.6.2/../../../../arm-none-eabi/lib/thumb/v7m\libstdc++.a(si_class_type_info.o)
                0x0000b4a0                __cxxabiv1::__si_class_type_info::~__si_class_type_info()
 .text._ZNK10__cxxabiv120__si_class_type_info11__do_upcastEPKNS_17__class_type_infoEPKvRNS1_15__upcast_resultE
                0x0000b4bc       0x28 c:/users/montoya/documents/classes/cmpe146/lab/cmpe146package_lpc1758/yagarto/bin/../lib/gcc/arm-none-eabi/4.6.2/../../../../arm-none-eabi/lib/thumb/v7m\libstdc++.a(si_class_type_info.o)
                0x0000b4bc                __cxxabiv1::__si_class_type_info::__do_upcast(__cxxabiv1::__class_type_info const*, void const*, __cxxabiv1::__class_type_info::__upcast_result&) const
 .text._ZNK10__cxxabiv120__si_class_type_info12__do_dyncastEiNS_17__class_type_info10__sub_kindEPKS1_PKvS4_S6_RNS1_16__dyncast_resultE
                0x0000b4e4       0x88 c:/users/montoya/documents/classes/cmpe146/lab/cmpe146package_lpc1758/yagarto/bin/../lib/gcc/arm-none-eabi/4.6.2/../../../../arm-none-eabi/lib/thumb/v7m\libstdc++.a(si_class_type_info.o)
                0x0000b4e4                __cxxabiv1::__si_class_type_info::__do_dyncast(int, __cxxabiv1::__class_type_info::__sub_kind, __cxxabiv1::__class_type_info const*, void const*, __cxxabiv1::__class_type_info const*, void const*, __cxxabiv1::__class_type_info::__dyncast_result&) const
 .text._ZNK10__cxxabiv120__si_class_type_info20__do_find_public_srcEiPKvPKNS_17__class_type_infoES2_
                0x0000b56c       0x38 c:/users/montoya/documents/classes/cmpe146/lab/cmpe146package_lpc1758/yagarto/bin/../lib/gcc/arm-none-eabi/4.6.2/../../../../arm-none-eabi/lib/thumb/v7m\libstdc++.a(si_class_type_info.o)
                0x0000b56c                __cxxabiv1::__si_class_type_info::__do_find_public_src(int, void const*, __cxxabiv1::__class_type_info const*, void const*) const
 .text          0x0000b5a4        0x0 c:/users/montoya/documents/classes/cmpe146/lab/cmpe146package_lpc1758/yagarto/bin/../lib/gcc/arm-none-eabi/4.6.2/../../../../arm-none-eabi/lib/thumb/v7m\libstdc++.a(tinfo.o)
 .text._ZNSt9type_infoD2Ev
                0x0000b5a4        0xc c:/users/montoya/documents/classes/cmpe146/lab/cmpe146package_lpc1758/yagarto/bin/../lib/gcc/arm-none-eabi/4.6.2/../../../../arm-none-eabi/lib/thumb/v7m\libstdc++.a(tinfo.o)
                0x0000b5a4                std::type_info::~type_info()
                0x0000b5a4                std::type_info::~type_info()
 .text._ZNKSt9type_info14__is_pointer_pEv
                0x0000b5b0        0x4 c:/users/montoya/documents/classes/cmpe146/lab/cmpe146package_lpc1758/yagarto/bin/../lib/gcc/arm-none-eabi/4.6.2/../../../../arm-none-eabi/lib/thumb/v7m\libstdc++.a(tinfo.o)
                0x0000b5b0                std::type_info::__is_pointer_p() const
 .text._ZNKSt9type_info15__is_function_pEv
                0x0000b5b4        0x4 c:/users/montoya/documents/classes/cmpe146/lab/cmpe146package_lpc1758/yagarto/bin/../lib/gcc/arm-none-eabi/4.6.2/../../../../arm-none-eabi/lib/thumb/v7m\libstdc++.a(tinfo.o)
                0x0000b5b4                std::type_info::__is_function_p() const
 .text._ZNKSt9type_info11__do_upcastEPKN10__cxxabiv117__class_type_infoEPPv
                0x0000b5b8        0x4 c:/users/montoya/documents/classes/cmpe146/lab/cmpe146package_lpc1758/yagarto/bin/../lib/gcc/arm-none-eabi/4.6.2/../../../../arm-none-eabi/lib/thumb/v7m\libstdc++.a(tinfo.o)
                0x0000b5b8                std::type_info::__do_upcast(__cxxabiv1::__class_type_info const*, void**) const
 .text._ZNSt9type_infoD0Ev
                0x0000b5bc       0x14 c:/users/montoya/documents/classes/cmpe146/lab/cmpe146package_lpc1758/yagarto/bin/../lib/gcc/arm-none-eabi/4.6.2/../../../../arm-none-eabi/lib/thumb/v7m\libstdc++.a(tinfo.o)
                0x0000b5bc                std::type_info::~type_info()
 .text._ZNKSt9type_infoeqERKS_
                0x0000b5d0       0x38 c:/users/montoya/documents/classes/cmpe146/lab/cmpe146package_lpc1758/yagarto/bin/../lib/gcc/arm-none-eabi/4.6.2/../../../../arm-none-eabi/lib/thumb/v7m\libstdc++.a(tinfo.o)
                0x0000b5d0                std::type_info::operator==(std::type_info const&) const
 .text._ZNKSt9type_info10__do_catchEPKS_PPvj
                0x0000b608        0x4 c:/users/montoya/documents/classes/cmpe146/lab/cmpe146package_lpc1758/yagarto/bin/../lib/gcc/arm-none-eabi/4.6.2/../../../../arm-none-eabi/lib/thumb/v7m\libstdc++.a(tinfo.o)
                0x0000b608                std::type_info::__do_catch(std::type_info const*, void**, unsigned int) const
 .text          0x0000b60c        0x0 c:/users/montoya/documents/classes/cmpe146/lab/cmpe146package_lpc1758/yagarto/bin/../lib/gcc/arm-none-eabi/4.6.2/../../../../arm-none-eabi/lib/thumb/v7m\libstdc++.a(class_type_info.o)
 .text._ZNK10__cxxabiv117__class_type_info11__do_upcastEPKS0_PPv
                0x0000b60c       0x38 c:/users/montoya/documents/classes/cmpe146/lab/cmpe146package_lpc1758/yagarto/bin/../lib/gcc/arm-none-eabi/4.6.2/../../../../arm-none-eabi/lib/thumb/v7m\libstdc++.a(class_type_info.o)
                0x0000b60c                __cxxabiv1::__class_type_info::__do_upcast(__cxxabiv1::__class_type_info const*, void**) const
 .text._ZNK10__cxxabiv117__class_type_info20__do_find_public_srcEiPKvPKS0_S2_
                0x0000b644        0xc c:/users/montoya/documents/classes/cmpe146/lab/cmpe146package_lpc1758/yagarto/bin/../lib/gcc/arm-none-eabi/4.6.2/../../../../arm-none-eabi/lib/thumb/v7m\libstdc++.a(class_type_info.o)
                0x0000b644                __cxxabiv1::__class_type_info::__do_find_public_src(int, void const*, __cxxabiv1::__class_type_info const*, void const*) const
 .text._ZNK10__cxxabiv117__class_type_info11__do_upcastEPKS0_PKvRNS0_15__upcast_resultE
                0x0000b650       0x1c c:/users/montoya/documents/classes/cmpe146/lab/cmpe146package_lpc1758/yagarto/bin/../lib/gcc/arm-none-eabi/4.6.2/../../../../arm-none-eabi/lib/thumb/v7m\libstdc++.a(class_type_info.o)
                0x0000b650                __cxxabiv1::__class_type_info::__do_upcast(__cxxabiv1::__class_type_info const*, void const*, __cxxabiv1::__class_type_info::__upcast_result&) const
 .text._ZN10__cxxabiv117__class_type_infoD2Ev
                0x0000b66c       0x14 c:/users/montoya/documents/classes/cmpe146/lab/cmpe146package_lpc1758/yagarto/bin/../lib/gcc/arm-none-eabi/4.6.2/../../../../arm-none-eabi/lib/thumb/v7m\libstdc++.a(class_type_info.o)
                0x0000b66c                __cxxabiv1::__class_type_info::~__class_type_info()
                0x0000b66c                __cxxabiv1::__class_type_info::~__class_type_info()
 .text._ZN10__cxxabiv117__class_type_infoD0Ev
                0x0000b680       0x1c c:/users/montoya/documents/classes/cmpe146/lab/cmpe146package_lpc1758/yagarto/bin/../lib/gcc/arm-none-eabi/4.6.2/../../../../arm-none-eabi/lib/thumb/v7m\libstdc++.a(class_type_info.o)
                0x0000b680                __cxxabiv1::__class_type_info::~__class_type_info()
 .text._ZNK10__cxxabiv117__class_type_info12__do_dyncastEiNS0_10__sub_kindEPKS0_PKvS3_S5_RNS0_16__dyncast_resultE
                0x0000b69c       0x3c c:/users/montoya/documents/classes/cmpe146/lab/cmpe146package_lpc1758/yagarto/bin/../lib/gcc/arm-none-eabi/4.6.2/../../../../arm-none-eabi/lib/thumb/v7m\libstdc++.a(class_type_info.o)
                0x0000b69c                __cxxabiv1::__class_type_info::__do_dyncast(int, __cxxabiv1::__class_type_info::__sub_kind, __cxxabiv1::__class_type_info const*, void const*, __cxxabiv1::__class_type_info const*, void const*, __cxxabiv1::__class_type_info::__dyncast_result&) const
 .text._ZNK10__cxxabiv117__class_type_info10__do_catchEPKSt9type_infoPPvj
                0x0000b6d8       0x28 c:/users/montoya/documents/classes/cmpe146/lab/cmpe146package_lpc1758/yagarto/bin/../lib/gcc/arm-none-eabi/4.6.2/../../../../arm-none-eabi/lib/thumb/v7m\libstdc++.a(class_type_info.o)
                0x0000b6d8                __cxxabiv1::__class_type_info::__do_catch(std::type_info const*, void**, unsigned int) const
 .text          0x0000b700        0x0 c:/users/montoya/documents/classes/cmpe146/lab/cmpe146package_lpc1758/yagarto/bin/../lib/gcc/arm-none-eabi/4.6.2/../../../../arm-none-eabi/lib/thumb/v7m\libstdc++.a(eh_alloc.o)
 .text.__cxa_allocate_exception
                0x0000b700       0x64 c:/users/montoya/documents/classes/cmpe146/lab/cmpe146package_lpc1758/yagarto/bin/../lib/gcc/arm-none-eabi/4.6.2/../../../../arm-none-eabi/lib/thumb/v7m\libstdc++.a(eh_alloc.o)
                0x0000b700                __cxa_allocate_exception
 .text.__cxa_free_exception
                0x0000b764       0x34 c:/users/montoya/documents/classes/cmpe146/lab/cmpe146package_lpc1758/yagarto/bin/../lib/gcc/arm-none-eabi/4.6.2/../../../../arm-none-eabi/lib/thumb/v7m\libstdc++.a(eh_alloc.o)
                0x0000b764                __cxa_free_exception
 .text.__cxa_allocate_dependent_exception
                0x0000b798       0x58 c:/users/montoya/documents/classes/cmpe146/lab/cmpe146package_lpc1758/yagarto/bin/../lib/gcc/arm-none-eabi/4.6.2/../../../../arm-none-eabi/lib/thumb/v7m\libstdc++.a(eh_alloc.o)
                0x0000b798                __cxa_allocate_dependent_exception
 .text.__cxa_free_dependent_exception
                0x0000b7f0       0x44 c:/users/montoya/documents/classes/cmpe146/lab/cmpe146package_lpc1758/yagarto/bin/../lib/gcc/arm-none-eabi/4.6.2/../../../../arm-none-eabi/lib/thumb/v7m\libstdc++.a(eh_alloc.o)
                0x0000b7f0                __cxa_free_dependent_exception
 .text          0x0000b834        0x0 c:/users/montoya/documents/classes/cmpe146/lab/cmpe146package_lpc1758/yagarto/bin/../lib/gcc/arm-none-eabi/4.6.2/../../../../arm-none-eabi/lib/thumb/v7m\libstdc++.a(eh_exception.o)
 .text._ZNSt9exceptionD2Ev
                0x0000b834        0xc c:/users/montoya/documents/classes/cmpe146/lab/cmpe146package_lpc1758/yagarto/bin/../lib/gcc/arm-none-eabi/4.6.2/../../../../arm-none-eabi/lib/thumb/v7m\libstdc++.a(eh_exception.o)
                0x0000b834                std::exception::~exception()
                0x0000b834                std::exception::~exception()
 .text._ZNSt13bad_exceptionD2Ev
                0x0000b840        0xc c:/users/montoya/documents/classes/cmpe146/lab/cmpe146package_lpc1758/yagarto/bin/../lib/gcc/arm-none-eabi/4.6.2/../../../../arm-none-eabi/lib/thumb/v7m\libstdc++.a(eh_exception.o)
                0x0000b840                std::bad_exception::~bad_exception()
                0x0000b840                std::bad_exception::~bad_exception()
 .text._ZN10__cxxabiv115__forced_unwindD2Ev
                0x0000b84c        0xc c:/users/montoya/documents/classes/cmpe146/lab/cmpe146package_lpc1758/yagarto/bin/../lib/gcc/arm-none-eabi/4.6.2/../../../../arm-none-eabi/lib/thumb/v7m\libstdc++.a(eh_exception.o)
                0x0000b84c                __cxxabiv1::__forced_unwind::~__forced_unwind()
                0x0000b84c                __cxxabiv1::__forced_unwind::~__forced_unwind()
 .text._ZN10__cxxabiv119__foreign_exceptionD2Ev
                0x0000b858        0xc c:/users/montoya/documents/classes/cmpe146/lab/cmpe146package_lpc1758/yagarto/bin/../lib/gcc/arm-none-eabi/4.6.2/../../../../arm-none-eabi/lib/thumb/v7m\libstdc++.a(eh_exception.o)
                0x0000b858                __cxxabiv1::__foreign_exception::~__foreign_exception()
                0x0000b858                __cxxabiv1::__foreign_exception::~__foreign_exception()
 .text._ZNKSt9exception4whatEv
                0x0000b864        0xc c:/users/montoya/documents/classes/cmpe146/lab/cmpe146package_lpc1758/yagarto/bin/../lib/gcc/arm-none-eabi/4.6.2/../../../../arm-none-eabi/lib/thumb/v7m\libstdc++.a(eh_exception.o)
                0x0000b864                std::exception::what() const
 .text._ZNKSt13bad_exception4whatEv
                0x0000b870        0xc c:/users/montoya/documents/classes/cmpe146/lab/cmpe146package_lpc1758/yagarto/bin/../lib/gcc/arm-none-eabi/4.6.2/../../../../arm-none-eabi/lib/thumb/v7m\libstdc++.a(eh_exception.o)
                0x0000b870                std::bad_exception::what() const
 .text._ZN10__cxxabiv119__foreign_exceptionD0Ev
                0x0000b87c       0x14 c:/users/montoya/documents/classes/cmpe146/lab/cmpe146package_lpc1758/yagarto/bin/../lib/gcc/arm-none-eabi/4.6.2/../../../../arm-none-eabi/lib/thumb/v7m\libstdc++.a(eh_exception.o)
                0x0000b87c                __cxxabiv1::__foreign_exception::~__foreign_exception()
 .text._ZN10__cxxabiv115__forced_unwindD0Ev
                0x0000b890       0x14 c:/users/montoya/documents/classes/cmpe146/lab/cmpe146package_lpc1758/yagarto/bin/../lib/gcc/arm-none-eabi/4.6.2/../../../../arm-none-eabi/lib/thumb/v7m\libstdc++.a(eh_exception.o)
                0x0000b890                __cxxabiv1::__forced_unwind::~__forced_unwind()
 .text._ZNSt13bad_exceptionD0Ev
                0x0000b8a4       0x14 c:/users/montoya/documents/classes/cmpe146/lab/cmpe146package_lpc1758/yagarto/bin/../lib/gcc/arm-none-eabi/4.6.2/../../../../arm-none-eabi/lib/thumb/v7m\libstdc++.a(eh_exception.o)
                0x0000b8a4                std::bad_exception::~bad_exception()
 .text._ZNSt9exceptionD0Ev
                0x0000b8b8       0x14 c:/users/montoya/documents/classes/cmpe146/lab/cmpe146package_lpc1758/yagarto/bin/../lib/gcc/arm-none-eabi/4.6.2/../../../../arm-none-eabi/lib/thumb/v7m\libstdc++.a(eh_exception.o)
                0x0000b8b8                std::exception::~exception()
 .text          0x0000b8cc        0x0 c:/users/montoya/documents/classes/cmpe146/lab/cmpe146package_lpc1758/yagarto/bin/../lib/gcc/arm-none-eabi/4.6.2/../../../../arm-none-eabi/lib/thumb/v7m\libstdc++.a(eh_globals.o)
 .text.__cxa_get_globals_fast
                0x0000b8cc        0xc c:/users/montoya/documents/classes/cmpe146/lab/cmpe146package_lpc1758/yagarto/bin/../lib/gcc/arm-none-eabi/4.6.2/../../../../arm-none-eabi/lib/thumb/v7m\libstdc++.a(eh_globals.o)
                0x0000b8cc                __cxa_get_globals_fast
 .text.__cxa_get_globals
                0x0000b8d8        0xc c:/users/montoya/documents/classes/cmpe146/lab/cmpe146package_lpc1758/yagarto/bin/../lib/gcc/arm-none-eabi/4.6.2/../../../../arm-none-eabi/lib/thumb/v7m\libstdc++.a(eh_globals.o)
                0x0000b8d8                __cxa_get_globals
 .text          0x0000b8e4        0x0 c:/users/montoya/documents/classes/cmpe146/lab/cmpe146package_lpc1758/yagarto/bin/../lib/gcc/arm-none-eabi/4.6.2/../../../../arm-none-eabi/lib/thumb/v7m\libstdc++.a(eh_terminate.o)
 .text._ZN10__cxxabiv111__terminateEPFvvE
                0x0000b8e4       0x28 c:/users/montoya/documents/classes/cmpe146/lab/cmpe146package_lpc1758/yagarto/bin/../lib/gcc/arm-none-eabi/4.6.2/../../../../arm-none-eabi/lib/thumb/v7m\libstdc++.a(eh_terminate.o)
                0x0000b8e4                __cxxabiv1::__terminate(void (*)())
 .text._ZSt9terminatev
                0x0000b90c       0x10 c:/users/montoya/documents/classes/cmpe146/lab/cmpe146package_lpc1758/yagarto/bin/../lib/gcc/arm-none-eabi/4.6.2/../../../../arm-none-eabi/lib/thumb/v7m\libstdc++.a(eh_terminate.o)
                0x0000b90c                std::terminate()
 .text._ZN10__cxxabiv112__unexpectedEPFvvE
                0x0000b91c        0x8 c:/users/montoya/documents/classes/cmpe146/lab/cmpe146package_lpc1758/yagarto/bin/../lib/gcc/arm-none-eabi/4.6.2/../../../../arm-none-eabi/lib/thumb/v7m\libstdc++.a(eh_terminate.o)
                0x0000b91c                __cxxabiv1::__unexpected(void (*)())
 .text._ZSt10unexpectedv
                0x0000b924       0x14 c:/users/montoya/documents/classes/cmpe146/lab/cmpe146package_lpc1758/yagarto/bin/../lib/gcc/arm-none-eabi/4.6.2/../../../../arm-none-eabi/lib/thumb/v7m\libstdc++.a(eh_terminate.o)
                0x0000b924                std::unexpected()
 .text._ZSt13set_terminatePFvvE
                0x0000b938       0x10 c:/users/montoya/documents/classes/cmpe146/lab/cmpe146package_lpc1758/yagarto/bin/../lib/gcc/arm-none-eabi/4.6.2/../../../../arm-none-eabi/lib/thumb/v7m\libstdc++.a(eh_terminate.o)
                0x0000b938                std::set_terminate(void (*)())
 .text._ZSt14set_unexpectedPFvvE
                0x0000b948       0x10 c:/users/montoya/documents/classes/cmpe146/lab/cmpe146package_lpc1758/yagarto/bin/../lib/gcc/arm-none-eabi/4.6.2/../../../../arm-none-eabi/lib/thumb/v7m\libstdc++.a(eh_terminate.o)
                0x0000b948                std::set_unexpected(void (*)())
 .text          0x0000b958        0x0 c:/users/montoya/documents/classes/cmpe146/lab/cmpe146package_lpc1758/yagarto/bin/../lib/gcc/arm-none-eabi/4.6.2/../../../../arm-none-eabi/lib/thumb/v7m\libstdc++.a(eh_term_handler.o)
 .text          0x0000b958        0x0 c:/users/montoya/documents/classes/cmpe146/lab/cmpe146package_lpc1758/yagarto/bin/../lib/gcc/arm-none-eabi/4.6.2/../../../../arm-none-eabi/lib/thumb/v7m\libstdc++.a(eh_throw.o)
 .text._ZL23__gxx_exception_cleanup19_Unwind_Reason_CodeP21_Unwind_Control_Block
                0x0000b958       0x4c c:/users/montoya/documents/classes/cmpe146/lab/cmpe146package_lpc1758/yagarto/bin/../lib/gcc/arm-none-eabi/4.6.2/../../../../arm-none-eabi/lib/thumb/v7m\libstdc++.a(eh_throw.o)
 .text.__cxa_throw
                0x0000b9a4       0x78 c:/users/montoya/documents/classes/cmpe146/lab/cmpe146package_lpc1758/yagarto/bin/../lib/gcc/arm-none-eabi/4.6.2/../../../../arm-none-eabi/lib/thumb/v7m\libstdc++.a(eh_throw.o)
                0x0000b9a4                __cxa_throw
 .text.__cxa_rethrow
                0x0000ba1c       0x70 c:/users/montoya/documents/classes/cmpe146/lab/cmpe146package_lpc1758/yagarto/bin/../lib/gcc/arm-none-eabi/4.6.2/../../../../arm-none-eabi/lib/thumb/v7m\libstdc++.a(eh_throw.o)
                0x0000ba1c                __cxa_rethrow
 .text          0x0000ba8c        0x0 c:/users/montoya/documents/classes/cmpe146/lab/cmpe146package_lpc1758/yagarto/bin/../lib/gcc/arm-none-eabi/4.6.2/../../../../arm-none-eabi/lib/thumb/v7m\libstdc++.a(eh_unex_handler.o)
 .text          0x0000ba8c        0x0 c:/users/montoya/documents/classes/cmpe146/lab/cmpe146package_lpc1758/yagarto/bin/../lib/gcc/arm-none-eabi/4.6.2/../../../../arm-none-eabi/lib/thumb/v7m\libstdc++.a(eh_arm.o)
 .text.__cxa_end_cleanup
                0x0000ba8c        0xc c:/users/montoya/documents/classes/cmpe146/lab/cmpe146package_lpc1758/yagarto/bin/../lib/gcc/arm-none-eabi/4.6.2/../../../../arm-none-eabi/lib/thumb/v7m\libstdc++.a(eh_arm.o)
                0x0000ba8c                __cxa_end_cleanup
 .text.__cxa_type_match
                0x0000ba98       0xe4 c:/users/montoya/documents/classes/cmpe146/lab/cmpe146package_lpc1758/yagarto/bin/../lib/gcc/arm-none-eabi/4.6.2/../../../../arm-none-eabi/lib/thumb/v7m\libstdc++.a(eh_arm.o)
                0x0000ba98                __cxa_type_match
 .text.__cxa_begin_cleanup
                0x0000bb7c       0x68 c:/users/montoya/documents/classes/cmpe146/lab/cmpe146package_lpc1758/yagarto/bin/../lib/gcc/arm-none-eabi/4.6.2/../../../../arm-none-eabi/lib/thumb/v7m\libstdc++.a(eh_arm.o)
                0x0000bb7c                __cxa_begin_cleanup
 .text.__gnu_end_cleanup
                0x0000bbe4       0x74 c:/users/montoya/documents/classes/cmpe146/lab/cmpe146package_lpc1758/yagarto/bin/../lib/gcc/arm-none-eabi/4.6.2/../../../../arm-none-eabi/lib/thumb/v7m\libstdc++.a(eh_arm.o)
                0x0000bbe4                __gnu_end_cleanup
 .text          0x0000bc58        0x0 c:/users/montoya/documents/classes/cmpe146/lab/cmpe146package_lpc1758/yagarto/bin/../lib/gcc/arm-none-eabi/4.6.2/../../../../arm-none-eabi/lib/thumb/v7m\libstdc++.a(eh_aux_runtime.o)
 .text.__cxa_bad_cast
                0x0000bc58       0x24 c:/users/montoya/documents/classes/cmpe146/lab/cmpe146package_lpc1758/yagarto/bin/../lib/gcc/arm-none-eabi/4.6.2/../../../../arm-none-eabi/lib/thumb/v7m\libstdc++.a(eh_aux_runtime.o)
                0x0000bc58                __cxa_bad_cast
 .text.__cxa_bad_typeid
                0x0000bc7c       0x24 c:/users/montoya/documents/classes/cmpe146/lab/cmpe146package_lpc1758/yagarto/bin/../lib/gcc/arm-none-eabi/4.6.2/../../../../arm-none-eabi/lib/thumb/v7m\libstdc++.a(eh_aux_runtime.o)
                0x0000bc7c                __cxa_bad_typeid
 .text          0x0000bca0        0x0 c:/users/montoya/documents/classes/cmpe146/lab/cmpe146package_lpc1758/yagarto/bin/../lib/gcc/arm-none-eabi/4.6.2/../../../../arm-none-eabi/lib/thumb/v7m\libstdc++.a(eh_call.o)
 .text.__cxa_call_terminate
                0x0000bca0       0x48 c:/users/montoya/documents/classes/cmpe146/lab/cmpe146package_lpc1758/yagarto/bin/../lib/gcc/arm-none-eabi/4.6.2/../../../../arm-none-eabi/lib/thumb/v7m\libstdc++.a(eh_call.o)
                0x0000bca0                __cxa_call_terminate
 .text.__cxa_call_unexpected
                0x0000bce8      0x11c c:/users/montoya/documents/classes/cmpe146/lab/cmpe146package_lpc1758/yagarto/bin/../lib/gcc/arm-none-eabi/4.6.2/../../../../arm-none-eabi/lib/thumb/v7m\libstdc++.a(eh_call.o)
                0x0000bce8                __cxa_call_unexpected
 .text          0x0000be04        0x0 c:/users/montoya/documents/classes/cmpe146/lab/cmpe146package_lpc1758/yagarto/bin/../lib/gcc/arm-none-eabi/4.6.2/../../../../arm-none-eabi/lib/thumb/v7m\libstdc++.a(eh_catch.o)
 .text.__cxa_get_exception_ptr
                0x0000be04        0x4 c:/users/montoya/documents/classes/cmpe146/lab/cmpe146package_lpc1758/yagarto/bin/../lib/gcc/arm-none-eabi/4.6.2/../../../../arm-none-eabi/lib/thumb/v7m\libstdc++.a(eh_catch.o)
                0x0000be04                __cxa_get_exception_ptr
 .text.__cxa_begin_catch
                0x0000be08       0x88 c:/users/montoya/documents/classes/cmpe146/lab/cmpe146package_lpc1758/yagarto/bin/../lib/gcc/arm-none-eabi/4.6.2/../../../../arm-none-eabi/lib/thumb/v7m\libstdc++.a(eh_catch.o)
                0x0000be08                __cxa_begin_catch
 .text.__cxa_end_catch
                0x0000be90       0x90 c:/users/montoya/documents/classes/cmpe146/lab/cmpe146package_lpc1758/yagarto/bin/../lib/gcc/arm-none-eabi/4.6.2/../../../../arm-none-eabi/lib/thumb/v7m\libstdc++.a(eh_catch.o)
                0x0000be90                __cxa_end_catch
 .text._ZSt18uncaught_exceptionv
                0x0000bf20       0x10 c:/users/montoya/documents/classes/cmpe146/lab/cmpe146package_lpc1758/yagarto/bin/../lib/gcc/arm-none-eabi/4.6.2/../../../../arm-none-eabi/lib/thumb/v7m\libstdc++.a(eh_catch.o)
                0x0000bf20                std::uncaught_exception()
 .text          0x0000bf30        0x0 c:/users/montoya/documents/classes/cmpe146/lab/cmpe146package_lpc1758/yagarto/bin/../lib/gcc/arm-none-eabi/4.6.2/../../../../arm-none-eabi/lib/thumb/v7m\libstdc++.a(eh_personality.o)
 .text._ZL12read_sleb128PKhPl
                0x0000bf30       0x3c c:/users/montoya/documents/classes/cmpe146/lab/cmpe146package_lpc1758/yagarto/bin/../lib/gcc/arm-none-eabi/4.6.2/../../../../arm-none-eabi/lib/thumb/v7m\libstdc++.a(eh_personality.o)
 .text._ZL28read_encoded_value_with_basehjPKhPj
                0x0000bf6c       0xc0 c:/users/montoya/documents/classes/cmpe146/lab/cmpe146package_lpc1758/yagarto/bin/../lib/gcc/arm-none-eabi/4.6.2/../../../../arm-none-eabi/lib/thumb/v7m\libstdc++.a(eh_personality.o)
 .text._ZL21base_of_encoded_valuehP15_Unwind_Context
                0x0000c02c       0x4c c:/users/montoya/documents/classes/cmpe146/lab/cmpe146package_lpc1758/yagarto/bin/../lib/gcc/arm-none-eabi/4.6.2/../../../../arm-none-eabi/lib/thumb/v7m\libstdc++.a(eh_personality.o)
 .text._ZL17parse_lsda_headerP15_Unwind_ContextPKhP16lsda_header_info.constprop.1
                0x0000c078       0x8c c:/users/montoya/documents/classes/cmpe146/lab/cmpe146package_lpc1758/yagarto/bin/../lib/gcc/arm-none-eabi/4.6.2/../../../../arm-none-eabi/lib/thumb/v7m\libstdc++.a(eh_personality.o)
 .text.__gxx_personality_v0
                0x0000c104      0x3a8 c:/users/montoya/documents/classes/cmpe146/lab/cmpe146package_lpc1758/yagarto/bin/../lib/gcc/arm-none-eabi/4.6.2/../../../../arm-none-eabi/lib/thumb/v7m\libstdc++.a(eh_personality.o)
                0x0000c104                __gxx_personality_v0
 .text          0x0000c4ac        0x0 c:/users/montoya/documents/classes/cmpe146/lab/cmpe146package_lpc1758/yagarto/bin/../lib/gcc/arm-none-eabi/4.6.2/../../../../arm-none-eabi/lib/thumb/v7m\libstdc++.a(fundamental_type_info.o)
 .text._ZN10__cxxabiv123__fundamental_type_infoD2Ev
                0x0000c4ac       0x14 c:/users/montoya/documents/classes/cmpe146/lab/cmpe146package_lpc1758/yagarto/bin/../lib/gcc/arm-none-eabi/4.6.2/../../../../arm-none-eabi/lib/thumb/v7m\libstdc++.a(fundamental_type_info.o)
                0x0000c4ac                __cxxabiv1::__fundamental_type_info::~__fundamental_type_info()
                0x0000c4ac                __cxxabiv1::__fundamental_type_info::~__fundamental_type_info()
 .text._ZN10__cxxabiv123__fundamental_type_infoD0Ev
                0x0000c4c0       0x1c c:/users/montoya/documents/classes/cmpe146/lab/cmpe146package_lpc1758/yagarto/bin/../lib/gcc/arm-none-eabi/4.6.2/../../../../arm-none-eabi/lib/thumb/v7m\libstdc++.a(fundamental_type_info.o)
                0x0000c4c0                __cxxabiv1::__fundamental_type_info::~__fundamental_type_info()
 .text          0x0000c4dc        0x0 c:/users/montoya/documents/classes/cmpe146/lab/cmpe146package_lpc1758/yagarto/bin/../lib/gcc/arm-none-eabi/4.6.2/../../../../arm-none-eabi/lib/thumb/v7m\libstdc++.a(pointer_type_info.o)
 .text._ZNK10__cxxabiv119__pointer_type_info14__is_pointer_pEv
                0x0000c4dc        0x4 c:/users/montoya/documents/classes/cmpe146/lab/cmpe146package_lpc1758/yagarto/bin/../lib/gcc/arm-none-eabi/4.6.2/../../../../arm-none-eabi/lib/thumb/v7m\libstdc++.a(pointer_type_info.o)
                0x0000c4dc                __cxxabiv1::__pointer_type_info::__is_pointer_p() const
 .text._ZN10__cxxabiv119__pointer_type_infoD2Ev
                0x0000c4e0       0x14 c:/users/montoya/documents/classes/cmpe146/lab/cmpe146package_lpc1758/yagarto/bin/../lib/gcc/arm-none-eabi/4.6.2/../../../../arm-none-eabi/lib/thumb/v7m\libstdc++.a(pointer_type_info.o)
                0x0000c4e0                __cxxabiv1::__pointer_type_info::~__pointer_type_info()
                0x0000c4e0                __cxxabiv1::__pointer_type_info::~__pointer_type_info()
 .text._ZN10__cxxabiv119__pointer_type_infoD0Ev
                0x0000c4f4       0x1c c:/users/montoya/documents/classes/cmpe146/lab/cmpe146package_lpc1758/yagarto/bin/../lib/gcc/arm-none-eabi/4.6.2/../../../../arm-none-eabi/lib/thumb/v7m\libstdc++.a(pointer_type_info.o)
                0x0000c4f4                __cxxabiv1::__pointer_type_info::~__pointer_type_info()
 .text._ZNK10__cxxabiv119__pointer_type_info15__pointer_catchEPKNS_17__pbase_type_infoEPPvj
                0x0000c510       0x48 c:/users/montoya/documents/classes/cmpe146/lab/cmpe146package_lpc1758/yagarto/bin/../lib/gcc/arm-none-eabi/4.6.2/../../../../arm-none-eabi/lib/thumb/v7m\libstdc++.a(pointer_type_info.o)
                0x0000c510                __cxxabiv1::__pointer_type_info::__pointer_catch(__cxxabiv1::__pbase_type_info const*, void**, unsigned int) const
 .text          0x0000c558        0x0 c:/users/montoya/documents/classes/cmpe146/lab/cmpe146package_lpc1758/yagarto/bin/../lib/gcc/arm-none-eabi/4.6.2/../../../../arm-none-eabi/lib/thumb/v7m\libstdc++.a(bad_cast.o)
 .text._ZNKSt8bad_cast4whatEv
                0x0000c558        0xc c:/users/montoya/documents/classes/cmpe146/lab/cmpe146package_lpc1758/yagarto/bin/../lib/gcc/arm-none-eabi/4.6.2/../../../../arm-none-eabi/lib/thumb/v7m\libstdc++.a(bad_cast.o)
                0x0000c558                std::bad_cast::what() const
 .text._ZNSt8bad_castD2Ev
                0x0000c564       0x14 c:/users/montoya/documents/classes/cmpe146/lab/cmpe146package_lpc1758/yagarto/bin/../lib/gcc/arm-none-eabi/4.6.2/../../../../arm-none-eabi/lib/thumb/v7m\libstdc++.a(bad_cast.o)
                0x0000c564                std::bad_cast::~bad_cast()
                0x0000c564                std::bad_cast::~bad_cast()
 .text._ZNSt8bad_castD0Ev
                0x0000c578       0x1c c:/users/montoya/documents/classes/cmpe146/lab/cmpe146package_lpc1758/yagarto/bin/../lib/gcc/arm-none-eabi/4.6.2/../../../../arm-none-eabi/lib/thumb/v7m\libstdc++.a(bad_cast.o)
                0x0000c578                std::bad_cast::~bad_cast()
 .text          0x0000c594        0x0 c:/users/montoya/documents/classes/cmpe146/lab/cmpe146package_lpc1758/yagarto/bin/../lib/gcc/arm-none-eabi/4.6.2/../../../../arm-none-eabi/lib/thumb/v7m\libstdc++.a(bad_typeid.o)
 .text._ZNKSt10bad_typeid4whatEv
                0x0000c594        0xc c:/users/montoya/documents/classes/cmpe146/lab/cmpe146package_lpc1758/yagarto/bin/../lib/gcc/arm-none-eabi/4.6.2/../../../../arm-none-eabi/lib/thumb/v7m\libstdc++.a(bad_typeid.o)
                0x0000c594                std::bad_typeid::what() const
 .text._ZNSt10bad_typeidD2Ev
                0x0000c5a0       0x14 c:/users/montoya/documents/classes/cmpe146/lab/cmpe146package_lpc1758/yagarto/bin/../lib/gcc/arm-none-eabi/4.6.2/../../../../arm-none-eabi/lib/thumb/v7m\libstdc++.a(bad_typeid.o)
                0x0000c5a0                std::bad_typeid::~bad_typeid()
                0x0000c5a0                std::bad_typeid::~bad_typeid()
 .text._ZNSt10bad_typeidD0Ev
                0x0000c5b4       0x1c c:/users/montoya/documents/classes/cmpe146/lab/cmpe146package_lpc1758/yagarto/bin/../lib/gcc/arm-none-eabi/4.6.2/../../../../arm-none-eabi/lib/thumb/v7m\libstdc++.a(bad_typeid.o)
                0x0000c5b4                std::bad_typeid::~bad_typeid()
 .text          0x0000c5d0        0x0 c:/users/montoya/documents/classes/cmpe146/lab/cmpe146package_lpc1758/yagarto/bin/../lib/gcc/arm-none-eabi/4.6.2/../../../../arm-none-eabi/lib/thumb/v7m\libstdc++.a(pbase_type_info.o)
 .text._ZNK10__cxxabiv117__pbase_type_info15__pointer_catchEPKS0_PPvj
                0x0000c5d0       0x14 c:/users/montoya/documents/classes/cmpe146/lab/cmpe146package_lpc1758/yagarto/bin/../lib/gcc/arm-none-eabi/4.6.2/../../../../arm-none-eabi/lib/thumb/v7m\libstdc++.a(pbase_type_info.o)
                0x0000c5d0                __cxxabiv1::__pbase_type_info::__pointer_catch(__cxxabiv1::__pbase_type_info const*, void**, unsigned int) const
 .text._ZN10__cxxabiv117__pbase_type_infoD2Ev
                0x0000c5e4       0x14 c:/users/montoya/documents/classes/cmpe146/lab/cmpe146package_lpc1758/yagarto/bin/../lib/gcc/arm-none-eabi/4.6.2/../../../../arm-none-eabi/lib/thumb/v7m\libstdc++.a(pbase_type_info.o)
                0x0000c5e4                __cxxabiv1::__pbase_type_info::~__pbase_type_info()
                0x0000c5e4                __cxxabiv1::__pbase_type_info::~__pbase_type_info()
 .text._ZN10__cxxabiv117__pbase_type_infoD0Ev
                0x0000c5f8       0x1c c:/users/montoya/documents/classes/cmpe146/lab/cmpe146package_lpc1758/yagarto/bin/../lib/gcc/arm-none-eabi/4.6.2/../../../../arm-none-eabi/lib/thumb/v7m\libstdc++.a(pbase_type_info.o)
                0x0000c5f8                __cxxabiv1::__pbase_type_info::~__pbase_type_info()
 .text._ZNK10__cxxabiv117__pbase_type_info10__do_catchEPKSt9type_infoPPvj
                0x0000c614       0x6c c:/users/montoya/documents/classes/cmpe146/lab/cmpe146package_lpc1758/yagarto/bin/../lib/gcc/arm-none-eabi/4.6.2/../../../../arm-none-eabi/lib/thumb/v7m\libstdc++.a(pbase_type_info.o)
                0x0000c614                __cxxabiv1::__pbase_type_info::__do_catch(std::type_info const*, void**, unsigned int) const
 .text          0x0000c680      0x370 c:/users/montoya/documents/classes/cmpe146/lab/cmpe146package_lpc1758/yagarto/bin/../lib/gcc/arm-none-eabi/4.6.2/thumb/v7m\libgcc.a(_arm_addsubdf3.o)
                0x0000c680                __aeabi_drsub
                0x0000c688                __aeabi_dsub
                0x0000c688                __subdf3
                0x0000c68c                __aeabi_dadd
                0x0000c68c                __adddf3
                0x0000c904                __floatunsidf
                0x0000c904                __aeabi_ui2d
                0x0000c924                __floatsidf
                0x0000c924                __aeabi_i2d
                0x0000c948                __aeabi_f2d
                0x0000c948                __extendsfdf2
                0x0000c984                __floatundidf
                0x0000c984                __aeabi_ul2d
                0x0000c994                __floatdidf
                0x0000c994                __aeabi_l2d
 .text          0x0000c9f0      0x424 c:/users/montoya/documents/classes/cmpe146/lab/cmpe146package_lpc1758/yagarto/bin/../lib/gcc/arm-none-eabi/4.6.2/thumb/v7m\libgcc.a(_arm_muldivdf3.o)
                0x0000c9f0                __aeabi_dmul
                0x0000c9f0                __muldf3
                0x0000cc44                __divdf3
                0x0000cc44                __aeabi_ddiv
 .text          0x0000ce14      0x110 c:/users/montoya/documents/classes/cmpe146/lab/cmpe146package_lpc1758/yagarto/bin/../lib/gcc/arm-none-eabi/4.6.2/thumb/v7m\libgcc.a(_arm_cmpdf2.o)
                0x0000ce14                __gtdf2
                0x0000ce14                __gedf2
                0x0000ce1c                __ltdf2
                0x0000ce1c                __ledf2
                0x0000ce24                __nedf2
                0x0000ce24                __eqdf2
                0x0000ce24                __cmpdf2
                0x0000cea0                __aeabi_cdrcmple
                0x0000ceb0                __aeabi_cdcmpeq
                0x0000ceb0                __aeabi_cdcmple
                0x0000cec0                __aeabi_dcmpeq
                0x0000ced4                __aeabi_dcmplt
                0x0000cee8                __aeabi_dcmple
                0x0000cefc                __aeabi_dcmpge
                0x0000cf10                __aeabi_dcmpgt
 .text          0x0000cf24       0x50 c:/users/montoya/documents/classes/cmpe146/lab/cmpe146package_lpc1758/yagarto/bin/../lib/gcc/arm-none-eabi/4.6.2/thumb/v7m\libgcc.a(_arm_fixdfsi.o)
                0x0000cf24                __aeabi_d2iz
                0x0000cf24                __fixdfsi
 .text          0x0000cf74       0x40 c:/users/montoya/documents/classes/cmpe146/lab/cmpe146package_lpc1758/yagarto/bin/../lib/gcc/arm-none-eabi/4.6.2/thumb/v7m\libgcc.a(_arm_fixunsdfsi.o)
                0x0000cf74                __aeabi_d2uiz
                0x0000cf74                __fixunsdfsi
 .text          0x0000cfb4       0xa0 c:/users/montoya/documents/classes/cmpe146/lab/cmpe146package_lpc1758/yagarto/bin/../lib/gcc/arm-none-eabi/4.6.2/thumb/v7m\libgcc.a(_arm_truncdfsf2.o)
                0x0000cfb4                __truncdfsf2
                0x0000cfb4                __aeabi_d2f
 .text          0x0000d054      0x21c c:/users/montoya/documents/classes/cmpe146/lab/cmpe146package_lpc1758/yagarto/bin/../lib/gcc/arm-none-eabi/4.6.2/thumb/v7m\libgcc.a(_arm_addsubsf3.o)
                0x0000d054                __aeabi_frsub
                0x0000d05c                __subsf3
                0x0000d05c                __aeabi_fsub
                0x0000d060                __aeabi_fadd
                0x0000d060                __addsf3
                0x0000d1c0                __aeabi_ui2f
                0x0000d1c0                __floatunsisf
                0x0000d1c8                __aeabi_i2f
                0x0000d1c8                __floatsisf
                0x0000d1e4                __aeabi_ul2f
                0x0000d1e4                __floatundisf
                0x0000d1f4                __aeabi_l2f
                0x0000d1f4                __floatdisf
 .text          0x0000d270      0x2a0 c:/users/montoya/documents/classes/cmpe146/lab/cmpe146package_lpc1758/yagarto/bin/../lib/gcc/arm-none-eabi/4.6.2/thumb/v7m\libgcc.a(_arm_muldivsf3.o)
                0x0000d270                __mulsf3
                0x0000d270                __aeabi_fmul
                0x0000d3d8                __aeabi_fdiv
                0x0000d3d8                __divsf3
 .text          0x0000d510       0xec c:/users/montoya/documents/classes/cmpe146/lab/cmpe146package_lpc1758/yagarto/bin/../lib/gcc/arm-none-eabi/4.6.2/thumb/v7m\libgcc.a(_arm_cmpsf2.o)
                0x0000d510                __gesf2
                0x0000d510                __gtsf2
                0x0000d518                __lesf2
                0x0000d518                __ltsf2
                0x0000d520                __nesf2
                0x0000d520                __eqsf2
                0x0000d520                __cmpsf2
                0x0000d580                __aeabi_cfrcmple
                0x0000d588                __aeabi_cfcmpeq
                0x0000d588                __aeabi_cfcmple
                0x0000d598                __aeabi_fcmpeq
                0x0000d5ac                __aeabi_fcmplt
                0x0000d5c0                __aeabi_fcmple
                0x0000d5d4                __aeabi_fcmpge
                0x0000d5e8                __aeabi_fcmpgt
 .text          0x0000d5fc       0x4c c:/users/montoya/documents/classes/cmpe146/lab/cmpe146package_lpc1758/yagarto/bin/../lib/gcc/arm-none-eabi/4.6.2/thumb/v7m\libgcc.a(_arm_fixsfsi.o)
                0x0000d5fc                __aeabi_f2iz
                0x0000d5fc                __fixsfsi
 .text          0x0000d648      0xa10 c:/users/montoya/documents/classes/cmpe146/lab/cmpe146package_lpc1758/yagarto/bin/../lib/gcc/arm-none-eabi/4.6.2/thumb/v7m\libgcc.a(unwind-arm.o)
                0x0000d904                _Unwind_VRS_Get
                0x0000d950                _Unwind_VRS_Set
                0x0000dc64                __aeabi_unwind_cpp_pr2
                0x0000dc68                __aeabi_unwind_cpp_pr1
                0x0000dc6c                __aeabi_unwind_cpp_pr0
                0x0000dc70                _Unwind_VRS_Pop
                0x0000df00                _Unwind_GetCFA
                0x0000df04                __gnu_Unwind_RaiseException
                0x0000df64                __gnu_Unwind_ForcedUnwind
                0x0000df78                __gnu_Unwind_Resume
                0x0000dfb4                __gnu_Unwind_Resume_or_Rethrow
                0x0000dfc4                _Unwind_Complete
                0x0000dfc8                _Unwind_DeleteException
                0x0000dfd8                __gnu_Unwind_Backtrace
 .text          0x0000e058      0x1ac c:/users/montoya/documents/classes/cmpe146/lab/cmpe146package_lpc1758/yagarto/bin/../lib/gcc/arm-none-eabi/4.6.2/thumb/v7m\libgcc.a(libunwind.o)